/Applications/STM32CubeIDE.app/Contents/Eclipse/plugins/com.st.stm32cube.ide.mcu.externaltools.gnu-tools-for-stm32.10.3-2021.10.macos64_1.0.0.202111181127/tools/arm-none-eabi/include/c++/10.3.1/arm-none-eabi/thumb/v7-m/nofp/bits/gthr-default.h:229:1:int __gthread_key_delete(__gthread_key_t)	16	static
../Core/Src/DolbyDecoderSTA310.h:102:15:virtual void DolbyDecoder_STA310::setEventHandler(DecoderEvents*)	16	static
../Core/Src/DolbyDecoderSTA310.h:109:15:virtual bool DolbyDecoder_STA310::isInitialized()	16	static
../Core/Src/DolbyDecoderSTA310.h:115:15:virtual void DolbyDecoder_STA310::setInformation(std::string)	16	static
../Core/Src/DolbyDecoderSTA310.cpp:12:1:DolbyDecoder_STA310::DolbyDecoder_STA310(I2C_Device*)	16	static
../Core/Src/DolbyDecoderSTA310.cpp:18:1:DolbyDecoder_STA310::~DolbyDecoder_STA310()	16	static
../Core/Src/DolbyDecoderSTA310.cpp:18:1:virtual DolbyDecoder_STA310::~DolbyDecoder_STA310()	16	static
../Core/Src/DolbyDecoderSTA310.cpp:25:1:virtual void DolbyDecoder_STA310::mute(bool)	16	static
../Core/Src/DolbyDecoderSTA310.cpp:36:1:virtual void DolbyDecoder_STA310::play(bool)	16	static
../Core/Src/DolbyDecoderSTA310.cpp:48:1:virtual void DolbyDecoder_STA310::run()	24	static
../Core/Src/DolbyDecoderSTA310.cpp:62:1:void DolbyDecoder_STA310::enableAudioPLL()	16	static
../Core/Src/DolbyDecoderSTA310.cpp:67:1:virtual void DolbyDecoder_STA310::initialize()	16	static
../Core/Src/DolbyDecoderSTA310.cpp:101:1:void DolbyDecoder_STA310::configurePCMOUT()	16	static
../Core/Src/DolbyDecoderSTA310.cpp:117:1:void DolbyDecoder_STA310::configureInterrupts(bool)	16	static
../Core/Src/DolbyDecoderSTA310.cpp:128:1:void DolbyDecoder_STA310::configureSync()	16	static
../Core/Src/DolbyDecoderSTA310.cpp:146:1:void DolbyDecoder_STA310::configureDecoder()	56	static
../Core/Src/DolbyDecoderSTA310.cpp:163:1:void DolbyDecoder_STA310::configureSPDIF()	16	static
../Core/Src/DolbyDecoderSTA310.cpp:178:1:void DolbyDecoder_STA310::configureAC3()	16	static
../Core/Src/DolbyDecoderSTA310.cpp:209:1:void DolbyDecoder_STA310::configureAudioPLL()	16	static
../Core/Src/DolbyDecoderSTA310.cpp:215:1:virtual void DolbyDecoder_STA310::reset()	16	static
../Core/Src/DolbyDecoderSTA310.cpp:234:1:void DolbyDecoder_STA310::softReset()	32	static
../Core/Src/DolbyDecoderSTA310.cpp:276:1:virtual void DolbyDecoder_STA310::checkForInterrupt()	136	static
../Core/Src/DolbyDecoderSTA310.cpp:373:1:virtual void DolbyDecoder_STA310::checkFormat()	32	static
