/Applications/STM32CubeIDE.app/Contents/Eclipse/plugins/com.st.stm32cube.ide.mcu.externaltools.gnu-tools-for-stm32.10.3-2021.10.macos64_1.0.0.202111181127/tools/arm-none-eabi/include/c++/10.3.1/arm-none-eabi/thumb/v7-m/nofp/bits/gthr-default.h:229:1:int __gthread_key_delete(__gthread_key_t)	16	static
../Core/Src/Delay.h:14:22:void DWT_Delay_us(uint32_t)	24	static
../Core/Src/LCD.cpp:18:1:void LCD::sendCommand(uint8_t)	24	static
../Core/Src/LCD.cpp:32:1:void LCD::enableBacklight(bool)	24	static
../Core/Src/LCD.cpp:53:1:void LCD::clearDisplay()	16	static
../Core/Src/LCD.cpp:59:1:void LCD::home()	16	static
../Core/Src/LCD.cpp:65:1:void LCD::setCursor(uint8_t, uint8_t)	16	static
../Core/Src/LCD.cpp:92:1:void LCD::reset()	16	static
../Core/Src/LCD.cpp:97:1:void LCD::writeString(char*)	24	static
../Core/Src/LCD.cpp:109:1:LCD::LCD(I2C_Device*)	16	static
../Core/Src/LCD.cpp:118:1:LCD::~LCD()	16	static
../Core/Src/LCD.cpp:118:1:virtual LCD::~LCD()	16	static
../Core/Src/LCD.cpp:123:1:void LCD::update()	72	static
../Core/Src/LCD.cpp:132:1:virtual void LCD::initialize()	16	static
../Core/Src/LCD.cpp:173:1:void LCD::begin()	16	static
../Core/Src/LCD.cpp:247:1:void LCD::command(uint8_t)	16	static
../Core/Src/LCD.cpp:252:1:void LCD::write4Bits(uint8_t)	16	static
../Core/Src/LCD.cpp:258:1:void LCD::write8Bits(uint8_t)	16	static
../Core/Src/LCD.cpp:264:1:void LCD::sendData(uint8_t, uint8_t)	24	static
../Core/Src/LCD.cpp:273:1:void LCD::pulseEnable(uint8_t)	16	static
