/Applications/STM32CubeIDE.app/Contents/Eclipse/plugins/com.st.stm32cube.ide.mcu.externaltools.gnu-tools-for-stm32.10.3-2021.10.macos64_1.0.0.202111181127/tools/arm-none-eabi/include/c++/10.3.1/arm-none-eabi/thumb/v7-m/nofp/bits/gthr-default.h:229:1:int __gthread_key_delete(__gthread_key_t)	16	static
../Core/Src/I2C.h:26:2:I2C::I2C()	16	static
../Core/Src/I2C.h:30:7:void I2C::setBusData(I2C_HandleTypeDef)	16	static
../Core/Src/Display.h:26:7:void Display::setLCD(LCD*)	16	static
../Core/Src/Led.h:23:7:void LED::setPin(uint16_t)	16	static
../Core/Src/Led.h:24:7:void LED::setPort(GPIO_TypeDef*)	16	static
../Core/Src/Led.h:25:7:void LED::setPortAndPin(GPIO_TypeDef*, uint16_t)	24	static
../Core/Src/Audio.h:27:15:virtual void Audio::setDecoder(DolbyDecoder*)	16	static
../Core/Src/Audio.h:28:15:virtual void Audio::setDAC(DAC_IC*)	16	static
../Core/Src/Amplifier.cpp:16:1:Amplifier::Amplifier()	16	static
../Core/Src/Amplifier.cpp:20:1:Amplifier::~Amplifier()	16	static
../Core/Src/Amplifier.cpp:20:1:virtual Amplifier::~Amplifier()	16	static
../Core/Src/Amplifier.cpp:25:1:virtual void Amplifier::initialize(I2C_HandleTypeDef)	96	static
../Core/Src/Amplifier.cpp:42:6:virtual void Amplifier::run()	24	static
