/Applications/STM32CubeIDE.app/Contents/Eclipse/plugins/com.st.stm32cube.ide.mcu.externaltools.gnu-tools-for-stm32.10.3-2021.10.macos64_1.0.0.202111181127/tools/arm-none-eabi/include/c++/10.3.1/arm-none-eabi/thumb/v7-m/nofp/bits/gthr-default.h:229:1:int __gthread_key_delete(__gthread_key_t)	16	static
../Core/Src/I2C.h:30:2:I2C::I2C()	16	static
../Core/Src/I2C.h:34:7:void I2C::setBusData(I2C_HandleTypeDef, osMutexId_t)	16	static
../Core/Src/Display.h:30:7:void Display::setLCD(LCD*)	16	static
../Core/Src/Audio.h:30:15:virtual void Audio::setDecoder(DolbyDecoder*)	16	static
../Core/Src/Audio.h:31:15:virtual void Audio::setDAC(DAC_IC*)	16	static
../Core/Src/Amplifier.cpp:17:1:Amplifier::Amplifier()	16	static
../Core/Src/Amplifier.cpp:21:1:Amplifier::~Amplifier()	16	static
../Core/Src/Amplifier.cpp:21:1:virtual Amplifier::~Amplifier()	16	static
../Core/Src/Amplifier.cpp:26:1:virtual void Amplifier::onSamplingRateChange(uint32_t)	16	static
../Core/Src/Amplifier.cpp:31:1:virtual void Amplifier::onAlgorithmChange(const string&)	48	static
../Core/Src/Amplifier.cpp:36:1:virtual void Amplifier::initialize(I2C_HandleTypeDef, osMutexId_t)	104	static
../Core/Src/Amplifier.cpp:75:1:virtual void Amplifier::preTick()	16	static
../Core/Src/Amplifier.cpp:83:6:virtual void Amplifier::tick()	24	static
