/Applications/STM32CubeIDE.app/Contents/Eclipse/plugins/com.st.stm32cube.ide.mcu.externaltools.gnu-tools-for-stm32.10.3-2021.10.macos64_1.0.0.202111181127/tools/arm-none-eabi/include/c++/10.3.1/arm-none-eabi/thumb/v7-m/nofp/bits/gthr-default.h:229:1:int __gthread_key_delete(__gthread_key_t)	16	static
../Core/Src/DAC.h:36:15:virtual bool DAC_IC::isEnabled()	16	static
../Core/Src/DAC.h:37:15:virtual void DAC_IC::enable(bool)	16	static
../Core/Src/DAC.h:38:15:virtual bool DAC_IC::supportsFormat(uint8_t)	16	static
../Core/Src/DAC.h:39:15:virtual bool DAC_IC::supportsVolume()	16	static
../Core/Src/DAC.h:40:15:virtual bool DAC_IC::supportsMute()	16	static
../Core/Src/DAC.h:41:14:virtual int DAC_IC::channels()	16	static
../Core/Src/DAC.h:44:15:virtual void DAC_IC::setChannelVolume(int, int)	24	static
../Core/Src/DAC.h:47:15:virtual void DAC_IC::setVolume(int)	16	static
../Core/Src/DAC.h:49:15:virtual void DAC_IC::muteChannel(int, bool)	24	static
../Core/Src/DAC.h:50:15:virtual void DAC_IC::mute(bool)	16	static
../Core/Src/DAC.h:52:15:virtual void DAC_IC::setFormat(uint8_t)	16	static
../Core/Src/DAC.cpp:10:1:DAC_IC::DAC_IC()	16	static
../Core/Src/DAC.cpp:15:1:DAC_IC::~DAC_IC()	16	static
../Core/Src/DAC.cpp:15:1:virtual DAC_IC::~DAC_IC()	16	static
