/Applications/STM32CubeIDE.app/Contents/Eclipse/plugins/com.st.stm32cube.ide.mcu.externaltools.gnu-tools-for-stm32.10.3-2021.10.macos64_1.0.0.202111181127/tools/arm-none-eabi/include/c++/10.3.1/arm-none-eabi/thumb/v7-m/nofp/bits/gthr-default.h:229:1:int __gthread_key_delete(__gthread_key_t)	16	static
../Core/Src/I2C.h:19:7:constexpr I2C::I2C(const I2C&)	24	static
../Core/Src/I2CDevice.h:22:2:I2C_Device::I2C_Device(I2C, I2C_ADDR)	24	static
../Core/Src/I2C.cpp:14:1:I2C::I2C(I2C_HandleTypeDef)	16	static
../Core/Src/I2C.cpp:19:1:I2C::~I2C()	16	static
../Core/Src/I2C.cpp:19:1:virtual I2C::~I2C()	16	static
../Core/Src/I2C.cpp:24:1:uint8_t I2C::readByte(I2C_ADDR)	32	static
../Core/Src/I2C.cpp:34:1:bool I2C::writeByte(I2C_ADDR, uint8_t)	32	static
../Core/Src/I2C.cpp:40:1:bool I2C::writeData(I2C_ADDR, uint8_t*, uint8_t)	40	static
../Core/Src/I2C.cpp:46:1:bool I2C::writeRegister(I2C_ADDR, uint8_t, uint8_t)	40	static
../Core/Src/I2C.cpp:52:1:I2C_RESULT I2C::readRegister(I2C_ADDR, uint8_t)	48	static
../Core/Src/I2C.cpp:62:1:I2C_Device* I2C::makeDevice(I2C_ADDR)	200	static
