../Core/Src/main.c:93:5:int main()	8	static
../Core/Src/main.c:180:6:void SystemClock_Config()	72	static
../Core/Src/main.c:220:13:void MX_I2C1_Init()	8	static
../Core/Src/main.c:254:13:void MX_SPI1_Init()	8	static
../Core/Src/main.c:292:13:void MX_SPI2_Init()	8	static
../Core/Src/main.c:330:13:void MX_TIM3_Init()	56	static
../Core/Src/main.c:379:13:void MX_TIM4_Init()	56	static
../Core/Src/main.c:428:13:void MX_USART3_UART_Init()	8	static
../Core/Src/main.c:461:13:void MX_GPIO_Init()	48	static
../Core/Src/main.c:549:6:void StartDefaultTask(void*)	16	static
../Core/Src/main.c:564:6:void Error_Handler()	4	static,ignoring_inline_asm
../Core/Src/main.c:573:1:void __static_initialization_and_destruction_0(int, int)	16	static
../Core/Src/main.c:573:1:c)	8	static
