/Applications/STM32CubeIDE.app/Contents/Eclipse/plugins/com.st.stm32cube.ide.mcu.externaltools.gnu-tools-for-stm32.10.3-2021.10.macos64_1.0.0.202111181127/tools/arm-none-eabi/include/c++/10.3.1/arm-none-eabi/thumb/v7-m/nofp/bits/gthr-default.h:229:1:int __gthread_key_delete(__gthread_key_t)	16	static
../Core/Src/Amplifier.h:67:9:Audio& Amplifier::getAudio()	16	static
../Core/Src/main.c:86:5:int main()	88	static
../Core/Src/main.c:145:6:void SystemClock_Config()	96	static
../Core/Src/main.c:192:13:void MX_I2C1_Init()	8	static
../Core/Src/main.c:226:13:void MX_RTC_Init()	16	static
../Core/Src/main.c:284:13:void MX_SPI1_Init()	8	static
../Core/Src/main.c:322:13:void MX_SPI2_Init()	8	static
../Core/Src/main.c:360:13:void MX_TIM3_Init()	56	static
../Core/Src/main.c:409:13:void MX_TIM4_Init()	56	static
../Core/Src/main.c:461:13:void MX_USART3_UART_Init()	8	static
../Core/Src/main.c:494:13:void MX_GPIO_Init()	48	static
../Core/Src/main.c:584:6:void Error_Handler()	4	static,ignoring_inline_asm
../Core/Src/main.c:593:1:void __static_initialization_and_destruction_0(int, int)	16	static
../Core/Src/main.c:593:1:c)	8	static
