Archive member included to satisfy reference by file (symbol)

/Applications/STM32CubeIDE.app/Contents/Eclipse/plugins/com.st.stm32cube.ide.mcu.externaltools.gnu-tools-for-stm32.10.3-2021.10.macos64_1.0.0.202111181127/tools/bin/../lib/gcc/arm-none-eabi/10.3.1/../../../../arm-none-eabi/lib/thumb/v7-m/nofp/libstdc++_nano.a(atexit_arm.o)
                              ./Core/Src/main.o (__aeabi_atexit)
/Applications/STM32CubeIDE.app/Contents/Eclipse/plugins/com.st.stm32cube.ide.mcu.externaltools.gnu-tools-for-stm32.10.3-2021.10.macos64_1.0.0.202111181127/tools/bin/../lib/gcc/arm-none-eabi/10.3.1/../../../../arm-none-eabi/lib/thumb/v7-m/nofp/libstdc++_nano.a(del_ops.o)
                              ./Core/Src/Amplifier.o (operator delete(void*, unsigned int))
/Applications/STM32CubeIDE.app/Contents/Eclipse/plugins/com.st.stm32cube.ide.mcu.externaltools.gnu-tools-for-stm32.10.3-2021.10.macos64_1.0.0.202111181127/tools/bin/../lib/gcc/arm-none-eabi/10.3.1/../../../../arm-none-eabi/lib/thumb/v7-m/nofp/libstdc++_nano.a(new_op.o)
                              ./Core/Src/Amplifier.o (operator new(unsigned int))
/Applications/STM32CubeIDE.app/Contents/Eclipse/plugins/com.st.stm32cube.ide.mcu.externaltools.gnu-tools-for-stm32.10.3-2021.10.macos64_1.0.0.202111181127/tools/bin/../lib/gcc/arm-none-eabi/10.3.1/../../../../arm-none-eabi/lib/thumb/v7-m/nofp/libstdc++_nano.a(pure.o)
                              ./Core/Src/DAC.o (__cxa_pure_virtual)
/Applications/STM32CubeIDE.app/Contents/Eclipse/plugins/com.st.stm32cube.ide.mcu.externaltools.gnu-tools-for-stm32.10.3-2021.10.macos64_1.0.0.202111181127/tools/bin/../lib/gcc/arm-none-eabi/10.3.1/../../../../arm-none-eabi/lib/thumb/v7-m/nofp/libstdc++_nano.a(functexcept.o)
                              ./Core/Src/Audio.o (std::__throw_logic_error(char const*))
/Applications/STM32CubeIDE.app/Contents/Eclipse/plugins/com.st.stm32cube.ide.mcu.externaltools.gnu-tools-for-stm32.10.3-2021.10.macos64_1.0.0.202111181127/tools/bin/../lib/gcc/arm-none-eabi/10.3.1/../../../../arm-none-eabi/lib/thumb/v7-m/nofp/libstdc++_nano.a(snprintf_lite.o)
                              /Applications/STM32CubeIDE.app/Contents/Eclipse/plugins/com.st.stm32cube.ide.mcu.externaltools.gnu-tools-for-stm32.10.3-2021.10.macos64_1.0.0.202111181127/tools/bin/../lib/gcc/arm-none-eabi/10.3.1/../../../../arm-none-eabi/lib/thumb/v7-m/nofp/libstdc++_nano.a(functexcept.o) (__gnu_cxx::__snprintf_lite(char*, unsigned int, char const*, std::__va_list))
/Applications/STM32CubeIDE.app/Contents/Eclipse/plugins/com.st.stm32cube.ide.mcu.externaltools.gnu-tools-for-stm32.10.3-2021.10.macos64_1.0.0.202111181127/tools/bin/../lib/gcc/arm-none-eabi/10.3.1/../../../../arm-none-eabi/lib/thumb/v7-m/nofp/libstdc++_nano.a(string-inst.o)
                              ./Core/Src/Audio.o (std::__cxx11::basic_string<char, std::char_traits<char>, std::allocator<char> >::_M_create(unsigned int&, unsigned int))
/Applications/STM32CubeIDE.app/Contents/Eclipse/plugins/com.st.stm32cube.ide.mcu.externaltools.gnu-tools-for-stm32.10.3-2021.10.macos64_1.0.0.202111181127/tools/bin/../lib/gcc/arm-none-eabi/10.3.1/../../../../arm-none-eabi/lib/thumb/v7-m/nofp/libstdc++_nano.a(del_op.o)
                              /Applications/STM32CubeIDE.app/Contents/Eclipse/plugins/com.st.stm32cube.ide.mcu.externaltools.gnu-tools-for-stm32.10.3-2021.10.macos64_1.0.0.202111181127/tools/bin/../lib/gcc/arm-none-eabi/10.3.1/../../../../arm-none-eabi/lib/thumb/v7-m/nofp/libstdc++_nano.a(del_ops.o) (operator delete(void*))
/Applications/STM32CubeIDE.app/Contents/Eclipse/plugins/com.st.stm32cube.ide.mcu.externaltools.gnu-tools-for-stm32.10.3-2021.10.macos64_1.0.0.202111181127/tools/bin/../lib/gcc/arm-none-eabi/10.3.1/../../../../arm-none-eabi/lib/thumb/v7-m/nofp/libstdc++_nano.a(eh_terminate.o)
                              /Applications/STM32CubeIDE.app/Contents/Eclipse/plugins/com.st.stm32cube.ide.mcu.externaltools.gnu-tools-for-stm32.10.3-2021.10.macos64_1.0.0.202111181127/tools/bin/../lib/gcc/arm-none-eabi/10.3.1/../../../../arm-none-eabi/lib/thumb/v7-m/nofp/libstdc++_nano.a(pure.o) (std::terminate())
/Applications/STM32CubeIDE.app/Contents/Eclipse/plugins/com.st.stm32cube.ide.mcu.externaltools.gnu-tools-for-stm32.10.3-2021.10.macos64_1.0.0.202111181127/tools/bin/../lib/gcc/arm-none-eabi/10.3.1/../../../../arm-none-eabi/lib/thumb/v7-m/nofp/libstdc++_nano.a(eh_unex_handler.o)
                              /Applications/STM32CubeIDE.app/Contents/Eclipse/plugins/com.st.stm32cube.ide.mcu.externaltools.gnu-tools-for-stm32.10.3-2021.10.macos64_1.0.0.202111181127/tools/bin/../lib/gcc/arm-none-eabi/10.3.1/../../../../arm-none-eabi/lib/thumb/v7-m/nofp/libstdc++_nano.a(eh_terminate.o) (__cxxabiv1::__unexpected_handler)
[...]
Memory Configuration

Name             Origin             Length             Attributes
RAM              0x0000000020000000 0x0000000000010000 xrw
FLASH            0x0000000008000000 0x0000000000060000 xr
*default*        0x0000000000000000 0xffffffffffffffff

Linker script and memory map

LOAD /Applications/STM32CubeIDE.app/Contents/Eclipse/plugins/com.st.stm32cube.ide.mcu.externaltools.gnu-tools-for-stm32.10.3-2021.10.macos64_1.0.0.202111181127/tools/bin/../lib/gcc/arm-none-eabi/10.3.1/thumb/v7-m/nofp/crti.o
LOAD /Applications/STM32CubeIDE.app/Contents/Eclipse/plugins/com.st.stm32cube.ide.mcu.externaltools.gnu-tools-for-stm32.10.3-2021.10.macos64_1.0.0.202111181127/tools/bin/../lib/gcc/arm-none-eabi/10.3.1/thumb/v7-m/nofp/crtbegin.o
LOAD /Applications/STM32CubeIDE.app/Contents/Eclipse/plugins/com.st.stm32cube.ide.mcu.externaltools.gnu-tools-for-stm32.10.3-2021.10.macos64_1.0.0.202111181127/tools/bin/../lib/gcc/arm-none-eabi/10.3.1/../../../../arm-none-eabi/lib/thumb/v7-m/nofp/crt0.o
LOAD ./Core/Src/Amplifier.o
LOAD ./Core/Src/Audio.o
LOAD ./Core/Src/AudioCore.o
LOAD ./Core/Src/DAC.o
LOAD ./Core/Src/DACPCM1681.o
LOAD ./Core/Src/Debug.o
LOAD ./Core/Src/DecoderEvents.o
LOAD ./Core/Src/Display.o
LOAD ./Core/Src/DolbyDecoder.o
LOAD ./Core/Src/DolbyDecoderSTA310.o
LOAD ./Core/Src/Encoder.o
LOAD ./Core/Src/I2C.o
LOAD ./Core/Src/I2CBitbang.o
LOAD ./Core/Src/I2CDevice.o
LOAD ./Core/Src/LCD.o
LOAD ./Core/Src/LED.o
LOAD ./Core/Src/Runnable.o
LOAD ./Core/Src/UI.o
LOAD ./Core/Src/dwt_stm32_delay.o
LOAD ./Core/Src/freertos.o
LOAD ./Core/Src/main.o
LOAD ./Core/Src/stm32f1xx_hal_msp.o
LOAD ./Core/Src/stm32f1xx_it.o
LOAD ./Core/Src/syscalls.o
LOAD ./Core/Src/sysmem.o
LOAD ./Core/Src/system_stm32f1xx.o
LOAD ./Core/Startup/startup_stm32f103vdtx.o
LOAD ./Drivers/STM32F1xx_HAL_Driver/Src/stm32f1xx_hal.o
LOAD ./Drivers/STM32F1xx_HAL_Driver/Src/stm32f1xx_hal_cortex.o
LOAD ./Drivers/STM32F1xx_HAL_Driver/Src/stm32f1xx_hal_dma.o
LOAD ./Drivers/STM32F1xx_HAL_Driver/Src/stm32f1xx_hal_exti.o
LOAD ./Drivers/STM32F1xx_HAL_Driver/Src/stm32f1xx_hal_flash.o
LOAD ./Drivers/STM32F1xx_HAL_Driver/Src/stm32f1xx_hal_flash_ex.o
LOAD ./Drivers/STM32F1xx_HAL_Driver/Src/stm32f1xx_hal_gpio.o
LOAD ./Drivers/STM32F1xx_HAL_Driver/Src/stm32f1xx_hal_gpio_ex.o
LOAD ./Drivers/STM32F1xx_HAL_Driver/Src/stm32f1xx_hal_pwr.o
LOAD ./Drivers/STM32F1xx_HAL_Driver/Src/stm32f1xx_hal_rcc.o
LOAD ./Drivers/STM32F1xx_HAL_Driver/Src/stm32f1xx_hal_rcc_ex.o
LOAD ./Drivers/STM32F1xx_HAL_Driver/Src/stm32f1xx_hal_spi.o
LOAD ./Drivers/STM32F1xx_HAL_Driver/Src/stm32f1xx_hal_tim.o
LOAD ./Drivers/STM32F1xx_HAL_Driver/Src/stm32f1xx_hal_tim_ex.o
LOAD ./Drivers/STM32F1xx_HAL_Driver/Src/stm32f1xx_hal_uart.o
LOAD ./Middlewares/Third_Party/FreeRTOS/Source/CMSIS_RTOS_V2/cmsis_os2.o
LOAD ./Middlewares/Third_Party/FreeRTOS/Source/croutine.o
LOAD ./Middlewares/Third_Party/FreeRTOS/Source/event_groups.o
LOAD ./Middlewares/Third_Party/FreeRTOS/Source/list.o
LOAD ./Middlewares/Third_Party/FreeRTOS/Source/queue.o
LOAD ./Middlewares/Third_Party/FreeRTOS/Source/stream_buffer.o
LOAD ./Middlewares/Third_Party/FreeRTOS/Source/tasks.o
LOAD ./Middlewares/Third_Party/FreeRTOS/Source/timers.o
LOAD ./Middlewares/Third_Party/FreeRTOS/Source/portable/GCC/ARM_CM3/port.o
LOAD ./Middlewares/Third_Party/FreeRTOS/Source/portable/MemMang/heap_4.o
START GROUP
LOAD /Applications/STM32CubeIDE.app/Contents/Eclipse/plugins/com.st.stm32cube.ide.mcu.externaltools.gnu-tools-for-stm32.10.3-2021.10.macos64_1.0.0.202111181127/tools/bin/../lib/gcc/arm-none-eabi/10.3.1/../../../../arm-none-eabi/lib/thumb/v7-m/nofp/libstdc++_nano.a
LOAD /Applications/STM32CubeIDE.app/Contents/Eclipse/plugins/com.st.stm32cube.ide.mcu.externaltools.gnu-tools-for-stm32.10.3-2021.10.macos64_1.0.0.202111181127/tools/bin/../lib/gcc/arm-none-eabi/10.3.1/../../../../arm-none-eabi/lib/thumb/v7-m/nofp/libsupc++_nano.a
END GROUP
LOAD /Applications/STM32CubeIDE.app/Contents/Eclipse/plugins/com.st.stm32cube.ide.mcu.externaltools.gnu-tools-for-stm32.10.3-2021.10.macos64_1.0.0.202111181127/tools/bin/../lib/gcc/arm-none-eabi/10.3.1/../../../../arm-none-eabi/lib/thumb/v7-m/nofp/libstdc++_nano.a
LOAD /Applications/STM32CubeIDE.app/Contents/Eclipse/plugins/com.st.stm32cube.ide.mcu.externaltools.gnu-tools-for-stm32.10.3-2021.10.macos64_1.0.0.202111181127/tools/bin/../lib/gcc/arm-none-eabi/10.3.1/../../../../arm-none-eabi/lib/thumb/v7-m/nofp/libm.a
LOAD /Applications/STM32CubeIDE.app/Contents/Eclipse/plugins/com.st.stm32cube.ide.mcu.externaltools.gnu-tools-for-stm32.10.3-2021.10.macos64_1.0.0.202111181127/tools/bin/../lib/gcc/arm-none-eabi/10.3.1/../../../../arm-none-eabi/lib/thumb/v7-m/nofp/libc_nano.a
START GROUP
LOAD /Applications/STM32CubeIDE.app/Contents/Eclipse/plugins/com.st.stm32cube.ide.mcu.externaltools.gnu-tools-for-stm32.10.3-2021.10.macos64_1.0.0.202111181127/tools/bin/../lib/gcc/arm-none-eabi/10.3.1/thumb/v7-m/nofp/libgcc.a
LOAD /Applications/STM32CubeIDE.app/Contents/Eclipse/plugins/com.st.stm32cube.ide.mcu.externaltools.gnu-tools-for-stm32.10.3-2021.10.macos64_1.0.0.202111181127/tools/bin/../lib/gcc/arm-none-eabi/10.3.1/../../../../arm-none-eabi/lib/thumb/v7-m/nofp/libc_nano.a
END GROUP
START GROUP
LOAD /Applications/STM32CubeIDE.app/Contents/Eclipse/plugins/com.st.stm32cube.ide.mcu.externaltools.gnu-tools-for-stm32.10.3-2021.10.macos64_1.0.0.202111181127/tools/bin/../lib/gcc/arm-none-eabi/10.3.1/thumb/v7-m/nofp/libgcc.a
LOAD /Applications/STM32CubeIDE.app/Contents/Eclipse/plugins/com.st.stm32cube.ide.mcu.externaltools.gnu-tools-for-stm32.10.3-2021.10.macos64_1.0.0.202111181127/tools/bin/../lib/gcc/arm-none-eabi/10.3.1/../../../../arm-none-eabi/lib/thumb/v7-m/nofp/libc_nano.a
LOAD /Applications/STM32CubeIDE.app/Contents/Eclipse/plugins/com.st.stm32cube.ide.mcu.externaltools.gnu-tools-for-stm32.10.3-2021.10.macos64_1.0.0.202111181127/tools/bin/../lib/gcc/arm-none-eabi/10.3.1/../../../../arm-none-eabi/lib/thumb/v7-m/nofp/libnosys.a
END GROUP
START GROUP
LOAD /Applications/STM32CubeIDE.app/Contents/Eclipse/plugins/com.st.stm32cube.ide.mcu.externaltools.gnu-tools-for-stm32.10.3-2021.10.macos64_1.0.0.202111181127/tools/bin/../lib/gcc/arm-none-eabi/10.3.1/thumb/v7-m/nofp/libgcc.a
LOAD /Applications/STM32CubeIDE.app/Contents/Eclipse/plugins/com.st.stm32cube.ide.mcu.externaltools.gnu-tools-for-stm32.10.3-2021.10.macos64_1.0.0.202111181127/tools/bin/../lib/gcc/arm-none-eabi/10.3.1/../../../../arm-none-eabi/lib/thumb/v7-m/nofp/libc_nano.a
LOAD /Applications/STM32CubeIDE.app/Contents/Eclipse/plugins/com.st.stm32cube.ide.mcu.externaltools.gnu-tools-for-stm32.10.3-2021.10.macos64_1.0.0.202111181127/tools/bin/../lib/gcc/arm-none-eabi/10.3.1/../../../../arm-none-eabi/lib/thumb/v7-m/nofp/libnosys.a
END GROUP
LOAD /Applications/STM32CubeIDE.app/Contents/Eclipse/plugins/com.st.stm32cube.ide.mcu.externaltools.gnu-tools-for-stm32.10.3-2021.10.macos64_1.0.0.202111181127/tools/bin/../lib/gcc/arm-none-eabi/10.3.1/thumb/v7-m/nofp/crtend.o
LOAD /Applications/STM32CubeIDE.app/Contents/Eclipse/plugins/com.st.stm32cube.ide.mcu.externaltools.gnu-tools-for-stm32.10.3-2021.10.macos64_1.0.0.202111181127/tools/bin/../lib/gcc/arm-none-eabi/10.3.1/thumb/v7-m/nofp/crtn.o
                0x0000000020010000                _estack = (ORIGIN (RAM) + LENGTH (RAM))
                0x0000000000000200                _Min_Heap_Size = 0x200
                0x0000000000000400                _Min_Stack_Size = 0x400

.isr_vector     0x0000000008000000      0x1e4
                0x0000000008000000                . = ALIGN (0x4)
 *(.isr_vector)
 .isr_vector    0x0000000008000000      0x1e4 ./Core/Startup/startup_stm32f103vdtx.o
                0x0000000008000000                g_pfnVectors
                0x00000000080001e4                . = ALIGN (0x4)

.text           0x00000000080001f0     0x6138
                0x00000000080001f0                . = ALIGN (0x4)
 *(.text)
 .text          0x00000000080001f0       0x40 /Applications/STM32CubeIDE.app/Contents/Eclipse/plugins/com.st.stm32cube.ide.mcu.externaltools.gnu-tools-for-stm32.10.3-2021.10.macos64_1.0.0.202111181127/tools/bin/../lib/gcc/arm-none-eabi/10.3.1/thumb/v7-m/nofp/crtbegin.o
 .text          0x0000000008000230       0x10 /Applications/STM32CubeIDE.app/Contents/Eclipse/plugins/com.st.stm32cube.ide.mcu.externaltools.gnu-tools-for-stm32.10.3-2021.10.macos64_1.0.0.202111181127/tools/bin/../lib/gcc/arm-none-eabi/10.3.1/../../../../arm-none-eabi/lib/thumb/v7-m/nofp/libc_nano.a(lib_a-strlen.o)
                0x0000000008000230                strlen
 .text          0x0000000008000240      0x9e4 /Applications/STM32CubeIDE.app/Contents/Eclipse/plugins/com.st.stm32cube.ide.mcu.externaltools.gnu-tools-for-stm32.10.3-2021.10.macos64_1.0.0.202111181127/tools/bin/../lib/gcc/arm-none-eabi/10.3.1/thumb/v7-m/nofp/libgcc.a(unwind-arm.o)
                0x0000000008000500                _Unwind_GetCFA
                0x0000000008000504                __gnu_Unwind_RaiseException
                0x000000000800056c                __gnu_Unwind_ForcedUnwind
                0x0000000008000580                __gnu_Unwind_Resume
                0x00000000080005c4                __gnu_Unwind_Resume_or_Rethrow
                0x00000000080005d8                _Unwind_Complete
                0x00000000080005dc                _Unwind_DeleteException
                0x00000000080005e8                _Unwind_VRS_Get
                0x0000000008000634                _Unwind_VRS_Set
                0x000000000800067c                __gnu_Unwind_Backtrace
                0x00000000080009a4                __aeabi_unwind_cpp_pr0
                0x00000000080009a8                __aeabi_unwind_cpp_pr1
                0x00000000080009ac                __aeabi_unwind_cpp_pr2
                0x00000000080009b0                _Unwind_VRS_Pop
 .text          0x0000000008000c24      0x1ac /Applications/STM32CubeIDE.app/Contents/Eclipse/plugins/com.st.stm32cube.ide.mcu.externaltools.gnu-tools-for-stm32.10.3-2021.10.macos64_1.0.0.202111181127/tools/bin/../lib/gcc/arm-none-eabi/10.3.1/thumb/v7-m/nofp/libgcc.a(libunwind.o)
                0x0000000008000c24                __restore_core_regs
                0x0000000008000c24                restore_core_regs
                0x0000000008000c3c                __gnu_Unwind_Restore_VFP
                0x0000000008000c44                __gnu_Unwind_Save_VFP
                0x0000000008000c4c                __gnu_Unwind_Restore_VFP_D
                0x0000000008000c54                __gnu_Unwind_Save_VFP_D
                0x0000000008000c5c                __gnu_Unwind_Restore_VFP_D_16_to_31
                0x0000000008000c64                __gnu_Unwind_Save_VFP_D_16_to_31
                0x0000000008000c6c                __gnu_Unwind_Restore_WMMXD
                0x0000000008000cb0                __gnu_Unwind_Save_WMMXD
                0x0000000008000cf4                __gnu_Unwind_Restore_WMMXC
                0x0000000008000d08                __gnu_Unwind_Save_WMMXC
                0x0000000008000d1c                _Unwind_RaiseException
                0x0000000008000d1c                ___Unwind_RaiseException
                0x0000000008000d40                ___Unwind_Resume
                0x0000000008000d40                _Unwind_Resume
                0x0000000008000d64                ___Unwind_Resume_or_Rethrow
                0x0000000008000d64                _Unwind_Resume_or_Rethrow
                0x0000000008000d88                _Unwind_ForcedUnwind
                0x0000000008000d88                ___Unwind_ForcedUnwind
                0x0000000008000dac                _Unwind_Backtrace
                0x0000000008000dac                ___Unwind_Backtrace
 .text          0x0000000008000dd0      0x38c /Applications/STM32CubeIDE.app/Contents/Eclipse/plugins/com.st.stm32cube.ide.mcu.externaltools.gnu-tools-for-stm32.10.3-2021.10.macos64_1.0.0.202111181127/tools/bin/../lib/gcc/arm-none-eabi/10.3.1/thumb/v7-m/nofp/libgcc.a(pr-support.o)
                0x0000000008000e28                __gnu_unwind_execute
                0x000000000800110c                __gnu_unwind_frame
                0x000000000800113c                _Unwind_GetRegionStart
                0x0000000008001148                _Unwind_GetLanguageSpecificData
 *(.text*)
 .text._ZN9Amplifier20onSamplingRateChangeEm
                0x000000000800115c        0x6 ./Core/Src/Amplifier.o
                0x000000000800115c                Amplifier::onSamplingRateChange(unsigned long)
 .text._ZN9Amplifier17onAlgorithmChangeERKNSt7__cxx1112basic_stringIcSt11char_traitsIcESaIcEEE
                0x0000000008001162       0x1e ./Core/Src/Amplifier.o
                0x0000000008001162                Amplifier::onAlgorithmChange(std::__cxx11::basic_string<char, std::char_traits<char>, std::allocator<char> > const&)
 .text._ZN9Amplifier13onInformationERKNSt7__cxx1112basic_stringIcSt11char_traitsIcESaIcEEE
                0x0000000008001180       0x1e ./Core/Src/Amplifier.o
                0x0000000008001180                Amplifier::onInformation(std::__cxx11::basic_string<char, std::char_traits<char>, std::allocator<char> > const&)
 .text._ZN9Amplifier7preTickEv
                0x000000000800119e       0x34 ./Core/Src/Amplifier.o
                0x000000000800119e                Amplifier::preTick()
 *fill*         0x00000000080011d2        0x2 
 .text._ZN9Amplifier4tickEv
                0x00000000080011d4       0x40 ./Core/Src/Amplifier.o
                0x00000000080011d4                Amplifier::tick()
 .text._ZN9Amplifier10initializeEv
                0x0000000008001214       0xe0 ./Core/Src/Amplifier.o
                0x0000000008001214                Amplifier::initialize()
 .text._ZN9AmplifierC2Ev
                0x00000000080012f4       0x84 ./Core/Src/Amplifier.o
                0x00000000080012f4                Amplifier::Amplifier()
                0x00000000080012f4                Amplifier::Amplifier()
 .text._ZN9AmplifierD2Ev
                0x0000000008001378       0x58 ./Core/Src/Amplifier.o
                0x0000000008001378                Amplifier::~Amplifier()
                0x0000000008001378                Amplifier::~Amplifier()
 .text._ZN9AmplifierD0Ev
                0x00000000080013d0       0x16 ./Core/Src/Amplifier.o
                0x00000000080013d0                Amplifier::~Amplifier()
 .text._ZN5Audio10setDecoderEP12DolbyDecoder
                0x00000000080013e6        0x4 ./Core/Src/Audio.o
                0x00000000080013e6                Audio::setDecoder(DolbyDecoder*)
 .text._ZN5Audio6setDACEP6DAC_IC
                0x00000000080013ea        0x4 ./Core/Src/Audio.o
                0x00000000080013ea                Audio::setDAC(DAC_IC*)
 .text._ZN5Audio4tickEv
                0x00000000080013ee       0x32 ./Core/Src/Audio.o
                0x00000000080013ee                Audio::tick()
 .text._ZN5Audio5startEv
                0x0000000008001420        0x2 ./Core/Src/Audio.o
                0x0000000008001420                Audio::start()
                0x0000000008001420                Audio::checkFormat()
 *fill*         0x0000000008001422        0x2 
 .text._ZN5AudioD2Ev
                0x0000000008001424       0x14 ./Core/Src/Audio.o
                0x0000000008001424                Audio::~Audio()
                0x0000000008001424                Audio::~Audio()
 .text._ZN5AudioD0Ev
                0x0000000008001438       0x14 ./Core/Src/Audio.o
                0x0000000008001438                Audio::~Audio()
 .text._ZNSt7__cxx1112basic_stringIcSt11char_traitsIcESaIcEEC2EPKcRKS3_.isra.0
                0x000000000800144c       0x50 ./Core/Src/Audio.o
 .text._ZN5Audio7preTickEv
                0x000000000800149c      0x144 ./Core/Src/Audio.o
                0x000000000800149c                Audio::preTick()
 .text._ZN5AudioC2EP9Amplifier
                0x00000000080015e0       0x20 ./Core/Src/Audio.o
                0x00000000080015e0                Audio::Audio(Amplifier*)
                0x00000000080015e0                Audio::Audio(Amplifier*)
 .text._ZN6DAC_IC9isEnabledEv
                0x0000000008001600        0x4 ./Core/Src/DAC.o
                0x0000000008001600                DAC_IC::isEnabled()
 .text._ZN6DAC_IC6enableEb
                0x0000000008001604        0x2 ./Core/Src/DAC.o
                0x0000000008001604                DAC_IC::enable(bool)
 .text._ZN6DAC_IC14supportsFormatEh
                0x0000000008001606        0x4 ./Core/Src/DAC.o
                0x0000000008001606                DAC_IC::supportsFormat(unsigned char)
 .text._ZN6DAC_IC14supportsVolumeEv
                0x000000000800160a        0x4 ./Core/Src/DAC.o
                0x000000000800160a                DAC_IC::supportsVolume()
 .text._ZN6DAC_IC12supportsMuteEv
                0x000000000800160e        0x4 ./Core/Src/DAC.o
                0x000000000800160e                DAC_IC::supportsMute()
 .text._ZN6DAC_IC8channelsEv
                0x0000000008001612        0x4 ./Core/Src/DAC.o
                0x0000000008001612                DAC_IC::channels()
 .text._ZN6DAC_IC16setChannelVolumeEii
                0x0000000008001616        0x2 ./Core/Src/DAC.o
                0x0000000008001616                DAC_IC::setChannelVolume(int, int)
 .text._ZN6DAC_IC9setVolumeEi
                0x0000000008001618        0x2 ./Core/Src/DAC.o
                0x0000000008001618                DAC_IC::setVolume(int)
 .text._ZN6DAC_IC11muteChannelEib
                0x000000000800161a        0x2 ./Core/Src/DAC.o
                0x000000000800161a                DAC_IC::muteChannel(int, bool)
 .text._ZN6DAC_IC4muteEb
                0x000000000800161c        0x2 ./Core/Src/DAC.o
                0x000000000800161c                DAC_IC::mute(bool)
 .text._ZN6DAC_IC9setFormatEh
                0x000000000800161e        0x2 ./Core/Src/DAC.o
                0x000000000800161e                DAC_IC::setFormat(unsigned char)
 .text._ZN6DAC_ICC2Ev
                0x0000000008001620        0xc ./Core/Src/DAC.o
                0x0000000008001620                DAC_IC::DAC_IC()
                0x0000000008001620                DAC_IC::DAC_IC()
 .text._ZN6DAC_ICD2Ev
                0x000000000800162c        0x2 ./Core/Src/DAC.o
                0x000000000800162c                DAC_IC::~DAC_IC()
                0x000000000800162c                DAC_IC::~DAC_IC()
 .text._ZN11DAC_PCM16819isEnabledEv
                0x000000000800162e        0xa ./Core/Src/DACPCM1681.o
                0x000000000800162e                DAC_PCM1681::isEnabled()
 .text._ZN11DAC_PCM168114supportsVolumeEv
                0x0000000008001638        0x4 ./Core/Src/DACPCM1681.o
                0x0000000008001638                DAC_PCM1681::supportsVolume()
 .text._ZN11DAC_PCM168112supportsMuteEv
                0x000000000800163c        0x4 ./Core/Src/DACPCM1681.o
                0x000000000800163c                DAC_PCM1681::supportsMute()
 .text._ZN11DAC_PCM16818channelsEv
                0x0000000008001640        0x4 ./Core/Src/DACPCM1681.o
                0x0000000008001640                DAC_PCM1681::channels()
 .text._ZN11DAC_PCM16816enableEb
                0x0000000008001644       0x1c ./Core/Src/DACPCM1681.o
                0x0000000008001644                DAC_PCM1681::enable(bool)
 .text._ZN11DAC_PCM168114supportsFormatEh
                0x0000000008001660        0xa ./Core/Src/DACPCM1681.o
                0x0000000008001660                DAC_PCM1681::supportsFormat(unsigned char)
 .text._ZN11DAC_PCM16814initEv
                0x000000000800166a        0x8 ./Core/Src/DACPCM1681.o
                0x000000000800166a                DAC_PCM1681::init()
 .text._ZN11DAC_PCM168116setChannelVolumeEii
                0x0000000008001672       0x1c ./Core/Src/DACPCM1681.o
                0x0000000008001672                DAC_PCM1681::setChannelVolume(int, int)
 .text._ZN11DAC_PCM16819setVolumeEi
                0x000000000800168e       0x50 ./Core/Src/DACPCM1681.o
                0x000000000800168e                DAC_PCM1681::setVolume(int)
 .text._ZN11DAC_PCM168111muteChannelEib
                0x00000000080016de       0x16 ./Core/Src/DACPCM1681.o
                0x00000000080016de                DAC_PCM1681::muteChannel(int, bool)
 .text._ZN11DAC_PCM16814muteEb
                0x00000000080016f4        0x6 ./Core/Src/DACPCM1681.o
                0x00000000080016f4                DAC_PCM1681::mute(bool)
 *fill*         0x00000000080016fa        0x2 
 .text._ZN11DAC_PCM16814nameB5cxx11Ev
                0x00000000080016fc       0x18 ./Core/Src/DACPCM1681.o
                0x00000000080016fc                DAC_PCM1681::name[abi:cxx11]()
 .text._ZN11DAC_PCM1681D2Ev
                0x0000000008001714       0x14 ./Core/Src/DACPCM1681.o
                0x0000000008001714                DAC_PCM1681::~DAC_PCM1681()
                0x0000000008001714                DAC_PCM1681::~DAC_PCM1681()
 .text._ZN11DAC_PCM1681D0Ev
                0x0000000008001728       0x14 ./Core/Src/DACPCM1681.o
                0x0000000008001728                DAC_PCM1681::~DAC_PCM1681()
 .text._ZN11DAC_PCM16819setFormatEh
                0x000000000800173c       0x2c ./Core/Src/DACPCM1681.o
                0x000000000800173c                DAC_PCM1681::setFormat(unsigned char)
 .text._ZN11DAC_PCM1681C2EP10I2C_Device
                0x0000000008001768       0x20 ./Core/Src/DACPCM1681.o
                0x0000000008001768                DAC_PCM1681::DAC_PCM1681(I2C_Device*)
                0x0000000008001768                DAC_PCM1681::DAC_PCM1681(I2C_Device*)
 .text._ZN13DecoderEventsC2Ev
                0x0000000008001788        0xc ./Core/Src/DecoderEvents.o
                0x0000000008001788                DecoderEvents::DecoderEvents()
                0x0000000008001788                DecoderEvents::DecoderEvents()
 .text._ZN13DecoderEventsD2Ev
                0x0000000008001794        0x2 ./Core/Src/DecoderEvents.o
                0x0000000008001794                DecoderEvents::~DecoderEvents()
                0x0000000008001794                DecoderEvents::~DecoderEvents()
 *fill*         0x0000000008001796        0x2 
 .text._ZN7DisplayD2Ev
                0x0000000008001798       0x20 ./Core/Src/Display.o
                0x0000000008001798                Display::~Display()
                0x0000000008001798                Display::~Display()
 .text._ZN7DisplayD0Ev
                0x00000000080017b8       0x14 ./Core/Src/Display.o
                0x00000000080017b8                Display::~Display()
 .text._ZN7DisplayC2Ev
                0x00000000080017cc       0x30 ./Core/Src/Display.o
                0x00000000080017cc                Display::Display()
                0x00000000080017cc                Display::Display()
 .text._ZN7Display9setScreenEi
                0x00000000080017fc       0x12 ./Core/Src/Display.o
                0x00000000080017fc                Display::setScreen(int)
 .text._ZN7Display13setInitStringENSt7__cxx1112basic_stringIcSt11char_traitsIcESaIcEEE
                0x000000000800180e       0x10 ./Core/Src/Display.o
                0x000000000800180e                Display::setInitString(std::__cxx11::basic_string<char, std::char_traits<char>, std::allocator<char> >)
 .text._ZN7Display15setSamplingRateEm
                0x000000000800181e        0xe ./Core/Src/Display.o
                0x000000000800181e                Display::setSamplingRate(unsigned long)
 .text._ZN7Display12setAlgorithmENSt7__cxx1112basic_stringIcSt11char_traitsIcESaIcEEE
                0x000000000800182c       0x22 ./Core/Src/Display.o
                0x000000000800182c                Display::setAlgorithm(std::__cxx11::basic_string<char, std::char_traits<char>, std::allocator<char> >)
 .text._ZN7Display12updateVolumeEi
                0x000000000800184e        0xe ./Core/Src/Display.o
                0x000000000800184e                Display::updateVolume(int)
 .text._ZN7Display16updateInitScreenEv
                0x000000000800185c       0x4c ./Core/Src/Display.o
                0x000000000800185c                Display::updateInitScreen()
 .text._ZN7Display16updateMainScreenEv
                0x00000000080018a8       0xa0 ./Core/Src/Display.o
                0x00000000080018a8                Display::updateMainScreen()
 .text._ZN7Display6updateEv
                0x0000000008001948       0x22 ./Core/Src/Display.o
                0x0000000008001948                Display::update()
 *fill*         0x000000000800196a        0x2 
 .text._ZN12DolbyDecoderC2Ev
                0x000000000800196c        0xc ./Core/Src/DolbyDecoder.o
                0x000000000800196c                DolbyDecoder::DolbyDecoder()
                0x000000000800196c                DolbyDecoder::DolbyDecoder()
 .text._ZN12DolbyDecoderD2Ev
                0x0000000008001978        0x2 ./Core/Src/DolbyDecoder.o
                0x0000000008001978                DolbyDecoder::~DolbyDecoder()
                0x0000000008001978                DolbyDecoder::~DolbyDecoder()
 .text._ZN19DolbyDecoder_STA31015setEventHandlerEP13DecoderEvents
                0x000000000800197a        0x4 ./Core/Src/DolbyDecoderSTA310.o
                0x000000000800197a                DolbyDecoder_STA310::setEventHandler(DecoderEvents*)
 .text._ZN19DolbyDecoder_STA31013isInitializedEv
                0x000000000800197e        0x4 ./Core/Src/DolbyDecoderSTA310.o
                0x000000000800197e                DolbyDecoder_STA310::isInitialized()
 .text._ZN19DolbyDecoder_STA31014setInformationENSt7__cxx1112basic_stringIcSt11char_traitsIcESaIcEEE
                0x0000000008001982        0xc ./Core/Src/DolbyDecoderSTA310.o
                0x0000000008001982                DolbyDecoder_STA310::setInformation(std::__cxx11::basic_string<char, std::char_traits<char>, std::allocator<char> >)
 .text._ZN19DolbyDecoder_STA3104muteEb
                0x000000000800198e       0x1c ./Core/Src/DolbyDecoderSTA310.o
                0x000000000800198e                DolbyDecoder_STA310::mute(bool)
 .text._ZN19DolbyDecoder_STA3104playEb
                0x00000000080019aa       0x1c ./Core/Src/DolbyDecoderSTA310.o
                0x00000000080019aa                DolbyDecoder_STA310::play(bool)
 *fill*         0x00000000080019c6        0x2 
 .text._ZN19DolbyDecoder_STA310D2Ev
                0x00000000080019c8       0x14 ./Core/Src/DolbyDecoderSTA310.o
                0x00000000080019c8                DolbyDecoder_STA310::~DolbyDecoder_STA310()
                0x00000000080019c8                DolbyDecoder_STA310::~DolbyDecoder_STA310()
 .text._ZN19DolbyDecoder_STA310D0Ev
                0x00000000080019dc       0x14 ./Core/Src/DolbyDecoderSTA310.o
                0x00000000080019dc                DolbyDecoder_STA310::~DolbyDecoder_STA310()
 .text._ZN19DolbyDecoder_STA31011checkFormatEv
                0x00000000080019f0       0x8c ./Core/Src/DolbyDecoderSTA310.o
                0x00000000080019f0                DolbyDecoder_STA310::checkFormat()
 .text._ZN19DolbyDecoder_STA3103runEv
                0x0000000008001a7c       0x1a ./Core/Src/DolbyDecoderSTA310.o
                0x0000000008001a7c                DolbyDecoder_STA310::run()
 *fill*         0x0000000008001a96        0x2 
 .text._ZNSt7__cxx1112basic_stringIcSt11char_traitsIcESaIcEEC2EPKcRKS3_.isra.0
                0x0000000008001a98       0x50 ./Core/Src/DolbyDecoderSTA310.o
 .text._ZN19DolbyDecoder_STA310C2EP10I2C_Device
                0x0000000008001ae8       0x20 ./Core/Src/DolbyDecoderSTA310.o
                0x0000000008001ae8                DolbyDecoder_STA310::DolbyDecoder_STA310(I2C_Device*)
                0x0000000008001ae8                DolbyDecoder_STA310::DolbyDecoder_STA310(I2C_Device*)
 .text._ZN19DolbyDecoder_STA31014enableAudioPLLEv
                0x0000000008001b08        0xc ./Core/Src/DolbyDecoderSTA310.o
                0x0000000008001b08                DolbyDecoder_STA310::enableAudioPLL()
 .text._ZN19DolbyDecoder_STA31015configurePCMOUTEv
                0x0000000008001b14       0x2c ./Core/Src/DolbyDecoderSTA310.o
                0x0000000008001b14                DolbyDecoder_STA310::configurePCMOUT()
 .text._ZN19DolbyDecoder_STA31019configureInterruptsEv
                0x0000000008001b40       0x20 ./Core/Src/DolbyDecoderSTA310.o
                0x0000000008001b40                DolbyDecoder_STA310::configureInterrupts()
 .text._ZN19DolbyDecoder_STA31013configureSyncEv
                0x0000000008001b60       0x44 ./Core/Src/DolbyDecoderSTA310.o
                0x0000000008001b60                DolbyDecoder_STA310::configureSync()
 .text._ZN19DolbyDecoder_STA31016configureDecoderEv
                0x0000000008001ba4       0x54 ./Core/Src/DolbyDecoderSTA310.o
                0x0000000008001ba4                DolbyDecoder_STA310::configureDecoder()
 .text._ZN19DolbyDecoder_STA31014configureSPDIFEv
                0x0000000008001bf8       0x44 ./Core/Src/DolbyDecoderSTA310.o
                0x0000000008001bf8                DolbyDecoder_STA310::configureSPDIF()
 .text._ZN19DolbyDecoder_STA31012configureAC3Ev
                0x0000000008001c3c       0x74 ./Core/Src/DolbyDecoderSTA310.o
                0x0000000008001c3c                DolbyDecoder_STA310::configureAC3()
 .text._ZN19DolbyDecoder_STA3109softResetEv
                0x0000000008001cb0       0x5e ./Core/Src/DolbyDecoderSTA310.o
                0x0000000008001cb0                DolbyDecoder_STA310::softReset()
 .text._ZN19DolbyDecoder_STA31010initializeEv
                0x0000000008001d0e      0x154 ./Core/Src/DolbyDecoderSTA310.o
                0x0000000008001d0e                DolbyDecoder_STA310::initialize()
 *fill*         0x0000000008001e62        0x2 
 .text._ZN19DolbyDecoder_STA31017checkForInterruptEv
                0x0000000008001e64      0x1c4 ./Core/Src/DolbyDecoderSTA310.o
                0x0000000008001e64                DolbyDecoder_STA310::checkForInterrupt()
 .text._ZNK7Encoder12getLastValueEv
                0x0000000008002028        0x4 ./Core/Src/Encoder.o
                0x0000000008002028                Encoder::getLastValue() const
 .text._ZN7EncoderD2Ev
                0x000000000800202c        0x2 ./Core/Src/Encoder.o
                0x000000000800202c                Encoder::~Encoder()
                0x000000000800202c                Encoder::~Encoder()
 .text._ZN7Encoder12checkEncoderEm
                0x000000000800202e       0x3a ./Core/Src/Encoder.o
                0x000000000800202e                Encoder::checkEncoder(unsigned long)
 .text._ZN7EncoderD0Ev
                0x0000000008002068        0xe ./Core/Src/Encoder.o
                0x0000000008002068                Encoder::~Encoder()
 *fill*         0x0000000008002076        0x2 
 .text._ZN7EncoderC2Ev
                0x0000000008002078       0x10 ./Core/Src/Encoder.o
                0x0000000008002078                Encoder::Encoder()
                0x0000000008002078                Encoder::Encoder()
 .text._ZN3I2CC2Ev
                0x0000000008002088        0xc ./Core/Src/I2C.o
                0x0000000008002088                I2C::I2C()
                0x0000000008002088                I2C::I2C()
 .text._ZN3I2CD2Ev
                0x0000000008002094        0x2 ./Core/Src/I2C.o
                0x0000000008002094                I2C::~I2C()
                0x0000000008002094                I2C::~I2C()
 *fill*         0x0000000008002096        0x2 
 .text._ZN3I2C10makeDeviceEh
                0x0000000008002098       0x1c ./Core/Src/I2C.o
                0x0000000008002098                I2C::makeDevice(unsigned char)
 .text._ZN11I2C_BitbangD2Ev
                0x00000000080020b4       0x14 ./Core/Src/I2CBitbang.o
                0x00000000080020b4                I2C_Bitbang::~I2C_Bitbang()
                0x00000000080020b4                I2C_Bitbang::~I2C_Bitbang()
 .text._ZN11I2C_BitbangD0Ev
                0x00000000080020c8       0x14 ./Core/Src/I2CBitbang.o
                0x00000000080020c8                I2C_Bitbang::~I2C_Bitbang()
 .text._ZL12DWT_Delay_usm.constprop.0
                0x00000000080020dc       0x28 ./Core/Src/I2CBitbang.o
 .text._Z14DWT_Delay_Initv
                0x0000000008002104       0x48 ./Core/Src/I2CBitbang.o
                0x0000000008002104                DWT_Delay_Init()
 .text._ZN11I2C_BitbangC2Emh
                0x000000000800214c       0x38 ./Core/Src/I2CBitbang.o
                0x000000000800214c                I2C_Bitbang::I2C_Bitbang(unsigned long, unsigned char)
                0x000000000800214c                I2C_Bitbang::I2C_Bitbang(unsigned long, unsigned char)
 .text._ZN11I2C_Bitbang5startEv
                0x0000000008002184       0x40 ./Core/Src/I2CBitbang.o
                0x0000000008002184                I2C_Bitbang::start()
 .text._ZN11I2C_Bitbang4stopEv
                0x00000000080021c4       0x38 ./Core/Src/I2CBitbang.o
                0x00000000080021c4                I2C_Bitbang::stop()
 .text._ZN11I2C_Bitbang8writeBitEh
                0x00000000080021fc       0x34 ./Core/Src/I2CBitbang.o
                0x00000000080021fc                I2C_Bitbang::writeBit(unsigned char)
 .text._ZN11I2C_Bitbang7readBitEv
                0x0000000008002230       0x3c ./Core/Src/I2CBitbang.o
                0x0000000008002230                I2C_Bitbang::readBit()
 .text._ZN11I2C_Bitbang8readByteEb
                0x000000000800226c       0x98 ./Core/Src/I2CBitbang.o
                0x000000000800226c                I2C_Bitbang::readByte(bool)
 .text._ZN11I2C_Bitbang9writeByteEh
                0x0000000008002304       0x34 ./Core/Src/I2CBitbang.o
                0x0000000008002304                I2C_Bitbang::writeByte(unsigned char)
 .text._ZN11I2C_Bitbang13writeRegisterEhhh
                0x0000000008002338       0x30 ./Core/Src/I2CBitbang.o
                0x0000000008002338                I2C_Bitbang::writeRegister(unsigned char, unsigned char, unsigned char)
 .text._ZN11I2C_Bitbang12readRegisterEhh
                0x0000000008002368       0x40 ./Core/Src/I2CBitbang.o
                0x0000000008002368                I2C_Bitbang::readRegister(unsigned char, unsigned char)
 .text._ZN11I2C_Bitbang9writeDataEhPhh
                0x00000000080023a8       0x32 ./Core/Src/I2CBitbang.o
                0x00000000080023a8                I2C_Bitbang::writeData(unsigned char, unsigned char*, unsigned char)
 .text._ZN10I2C_Device7setAddrEh
                0x00000000080023da        0x4 ./Core/Src/I2CDevice.o
                0x00000000080023da                I2C_Device::setAddr(unsigned char)
 .text._ZN10I2C_DeviceD2Ev
                0x00000000080023de        0x2 ./Core/Src/I2CDevice.o
                0x00000000080023de                I2C_Device::~I2C_Device()
                0x00000000080023de                I2C_Device::~I2C_Device()
 .text._ZN10I2C_Device13writeRegisterEhh
                0x00000000080023e0       0x16 ./Core/Src/I2CDevice.o
                0x00000000080023e0                I2C_Device::writeRegister(unsigned char, unsigned char)
 .text._ZN10I2C_Device9writeDataEPhh
                0x00000000080023f6       0x16 ./Core/Src/I2CDevice.o
                0x00000000080023f6                I2C_Device::writeData(unsigned char*, unsigned char)
 .text._ZN10I2C_Device12readRegisterEh
                0x000000000800240c       0x14 ./Core/Src/I2CDevice.o
                0x000000000800240c                I2C_Device::readRegister(unsigned char)
 .text._ZN10I2C_DeviceD0Ev
                0x0000000008002420        0xe ./Core/Src/I2CDevice.o
                0x0000000008002420                I2C_Device::~I2C_Device()
 .text._ZN3LCDD2Ev
                0x000000000800242e        0x2 ./Core/Src/LCD.o
                0x000000000800242e                LCD::~LCD()
                0x000000000800242e                LCD::~LCD()
 .text._ZN3LCDD0Ev
                0x0000000008002430        0xe ./Core/Src/LCD.o
                0x0000000008002430                LCD::~LCD()
 .text._ZN3LCD11sendCommandEh
                0x000000000800243e       0x44 ./Core/Src/LCD.o
                0x000000000800243e                LCD::sendCommand(unsigned char)
 .text._ZN3LCD15enableBacklightEb
                0x0000000008002482       0x24 ./Core/Src/LCD.o
                0x0000000008002482                LCD::enableBacklight(bool)
 .text._ZN3LCD10initializeEv
                0x00000000080024a6       0xb8 ./Core/Src/LCD.o
                0x00000000080024a6                LCD::initialize()
 .text._ZN3LCD12clearDisplayEv
                0x000000000800255e       0x12 ./Core/Src/LCD.o
                0x000000000800255e                LCD::clearDisplay()
 .text._ZN3LCD9setCursorEhh
                0x0000000008002570       0x3a ./Core/Src/LCD.o
                0x0000000008002570                LCD::setCursor(unsigned char, unsigned char)
 .text._ZN3LCD8sendDataEc
                0x00000000080025aa       0x44 ./Core/Src/LCD.o
                0x00000000080025aa                LCD::sendData(char)
 .text._ZN3LCD11writeStringEPc
                0x00000000080025ee       0x16 ./Core/Src/LCD.o
                0x00000000080025ee                LCD::writeString(char*)
 .text._ZN3LCDC2EP10I2C_Device
                0x0000000008002604       0x10 ./Core/Src/LCD.o
                0x0000000008002604                LCD::LCD(I2C_Device*)
                0x0000000008002604                LCD::LCD(I2C_Device*)
 .text._ZN3LED6enableEv
                0x0000000008002614        0x8 ./Core/Src/LED.o
                0x0000000008002614                LED::enable()
 .text._ZN3LED7disableEv
                0x000000000800261c        0x8 ./Core/Src/LED.o
                0x000000000800261c                LED::disable()
 .text._ZN3LEDD2Ev
                0x0000000008002624        0x2 ./Core/Src/LED.o
                0x0000000008002624                LED::~LED()
                0x0000000008002624                LED::~LED()
 .text._ZN3LEDD0Ev
                0x0000000008002626        0xe ./Core/Src/LED.o
                0x0000000008002626                LED::~LED()
 .text._ZN3LED8setStateEb
                0x0000000008002634       0x1a ./Core/Src/LED.o
                0x0000000008002634                LED::setState(bool)
 *fill*         0x000000000800264e        0x2 
 .text._ZN3LEDC2Ev
                0x0000000008002650       0x14 ./Core/Src/LED.o
                0x0000000008002650                LED::LED()
                0x0000000008002650                LED::LED()
 .text._ZN8RunnableC2EP9Amplifier
                0x0000000008002664        0xc ./Core/Src/Runnable.o
                0x0000000008002664                Runnable::Runnable(Amplifier*)
                0x0000000008002664                Runnable::Runnable(Amplifier*)
 .text._ZN8RunnableD2Ev
                0x0000000008002670        0x2 ./Core/Src/Runnable.o
                0x0000000008002670                Runnable::~Runnable()
                0x0000000008002670                Runnable::~Runnable()
 .text._Z18SystemClock_Configv
                0x0000000008002672       0x5e ./Core/Src/main.o
                0x0000000008002672                SystemClock_Config()
 .text.startup._GLOBAL__sub_I_hspi1
                0x00000000080026d0       0x24 ./Core/Src/main.o
 .text.startup.main
                0x00000000080026f4      0x320 ./Core/Src/main.o
                0x00000000080026f4                main
 .text._Z16StartDefaultTaskPv
                0x0000000008002a14       0x1c ./Core/Src/main.o
                0x0000000008002a14                StartDefaultTask(void*)
 .text._Z10startAudioPv
                0x0000000008002a30       0x1c ./Core/Src/main.o
                0x0000000008002a30                startAudio(void*)
 .text.HAL_MspInit
                0x0000000008002a4c       0x50 ./Core/Src/stm32f1xx_hal_msp.o
                0x0000000008002a4c                HAL_MspInit
 .text.HAL_SPI_MspInit
                0x0000000008002a9c       0xd4 ./Core/Src/stm32f1xx_hal_msp.o
                0x0000000008002a9c                HAL_SPI_MspInit
 .text.HAL_TIM_Encoder_MspInit
                0x0000000008002b70       0xdc ./Core/Src/stm32f1xx_hal_msp.o
                0x0000000008002b70                HAL_TIM_Encoder_MspInit
 .text.HAL_UART_MspInit
                0x0000000008002c4c       0x88 ./Core/Src/stm32f1xx_hal_msp.o
                0x0000000008002c4c                HAL_UART_MspInit
 .text.NMI_Handler
                0x0000000008002cd4        0x2 ./Core/Src/stm32f1xx_it.o
                0x0000000008002cd4                NMI_Handler
 .text.HardFault_Handler
                0x0000000008002cd6        0x2 ./Core/Src/stm32f1xx_it.o
                0x0000000008002cd6                HardFault_Handler
 .text.MemManage_Handler
                0x0000000008002cd8        0x2 ./Core/Src/stm32f1xx_it.o
                0x0000000008002cd8                MemManage_Handler
 .text.BusFault_Handler
                0x0000000008002cda        0x2 ./Core/Src/stm32f1xx_it.o
                0x0000000008002cda                BusFault_Handler
 .text.UsageFault_Handler
                0x0000000008002cdc        0x2 ./Core/Src/stm32f1xx_it.o
                0x0000000008002cdc                UsageFault_Handler
 .text.DebugMon_Handler
                0x0000000008002cde        0x2 ./Core/Src/stm32f1xx_it.o
                0x0000000008002cde                DebugMon_Handler
 .text.SysTick_Handler
                0x0000000008002ce0       0x18 ./Core/Src/stm32f1xx_it.o
                0x0000000008002ce0                SysTick_Handler
 .text.TIM3_IRQHandler
                0x0000000008002cf8        0xc ./Core/Src/stm32f1xx_it.o
                0x0000000008002cf8                TIM3_IRQHandler
 .text.TIM4_IRQHandler
                0x0000000008002d04        0xc ./Core/Src/stm32f1xx_it.o
                0x0000000008002d04                TIM4_IRQHandler
 .text._getpid  0x0000000008002d10        0x4 ./Core/Src/syscalls.o
                0x0000000008002d10                _getpid
 .text._kill    0x0000000008002d14       0x10 ./Core/Src/syscalls.o
                0x0000000008002d14                _kill
 .text._exit    0x0000000008002d24        0xc ./Core/Src/syscalls.o
                0x0000000008002d24                _exit
 .text._sbrk    0x0000000008002d30       0x40 ./Core/Src/sysmem.o
                0x0000000008002d30                _sbrk
 .text.SystemInit
                0x0000000008002d70        0x2 ./Core/Src/system_stm32f1xx.o
                0x0000000008002d70                SystemInit
 *fill*         0x0000000008002d72        0x2 
 .text.Reset_Handler
                0x0000000008002d74       0x48 ./Core/Startup/startup_stm32f103vdtx.o
                0x0000000008002d74                Reset_Handler
 .text.Default_Handler
                0x0000000008002dbc        0x2 ./Core/Startup/startup_stm32f103vdtx.o
                0x0000000008002dbc                DMA2_Channel3_IRQHandler
                0x0000000008002dbc                EXTI2_IRQHandler
                0x0000000008002dbc                TIM8_TRG_COM_IRQHandler
                0x0000000008002dbc                TIM8_CC_IRQHandler
                0x0000000008002dbc                TIM1_CC_IRQHandler
                0x0000000008002dbc                TIM6_IRQHandler
                0x0000000008002dbc                PVD_IRQHandler
                0x0000000008002dbc                SDIO_IRQHandler
                0x0000000008002dbc                EXTI3_IRQHandler
                0x0000000008002dbc                EXTI0_IRQHandler
                0x0000000008002dbc                I2C2_EV_IRQHandler
                0x0000000008002dbc                ADC1_2_IRQHandler
                0x0000000008002dbc                SPI1_IRQHandler
                0x0000000008002dbc                TAMPER_IRQHandler
                0x0000000008002dbc                TIM8_UP_IRQHandler
                0x0000000008002dbc                DMA2_Channel2_IRQHandler
                0x0000000008002dbc                DMA1_Channel4_IRQHandler
                0x0000000008002dbc                USART3_IRQHandler
                0x0000000008002dbc                RTC_IRQHandler
                0x0000000008002dbc                DMA1_Channel7_IRQHandler
                0x0000000008002dbc                CAN1_RX1_IRQHandler
                0x0000000008002dbc                UART5_IRQHandler
                0x0000000008002dbc                ADC3_IRQHandler
                0x0000000008002dbc                DMA2_Channel1_IRQHandler
                0x0000000008002dbc                I2C1_EV_IRQHandler
                0x0000000008002dbc                DMA1_Channel6_IRQHandler
                0x0000000008002dbc                UART4_IRQHandler
                0x0000000008002dbc                RCC_IRQHandler
                0x0000000008002dbc                TIM1_TRG_COM_IRQHandler
                0x0000000008002dbc                DMA1_Channel1_IRQHandler
                0x0000000008002dbc                Default_Handler
                0x0000000008002dbc                EXTI15_10_IRQHandler
                0x0000000008002dbc                TIM7_IRQHandler
                0x0000000008002dbc                TIM5_IRQHandler
                0x0000000008002dbc                EXTI9_5_IRQHandler
                0x0000000008002dbc                SPI2_IRQHandler
                0x0000000008002dbc                DMA1_Channel5_IRQHandler
                0x0000000008002dbc                EXTI4_IRQHandler
                0x0000000008002dbc                USB_LP_CAN1_RX0_IRQHandler
                0x0000000008002dbc                USB_HP_CAN1_TX_IRQHandler
                0x0000000008002dbc                DMA1_Channel3_IRQHandler
                0x0000000008002dbc                FSMC_IRQHandler
                0x0000000008002dbc                TIM1_UP_IRQHandler
                0x0000000008002dbc                WWDG_IRQHandler
                0x0000000008002dbc                TIM2_IRQHandler
                0x0000000008002dbc                TIM1_BRK_IRQHandler
                0x0000000008002dbc                EXTI1_IRQHandler
                0x0000000008002dbc                DMA2_Channel4_5_IRQHandler
                0x0000000008002dbc                USART2_IRQHandler
                0x0000000008002dbc                I2C2_ER_IRQHandler
                0x0000000008002dbc                DMA1_Channel2_IRQHandler
                0x0000000008002dbc                TIM8_BRK_IRQHandler
                0x0000000008002dbc                CAN1_SCE_IRQHandler
                0x0000000008002dbc                FLASH_IRQHandler
                0x0000000008002dbc                USART1_IRQHandler
                0x0000000008002dbc                SPI3_IRQHandler
                0x0000000008002dbc                I2C1_ER_IRQHandler
                0x0000000008002dbc                USBWakeUp_IRQHandler
                0x0000000008002dbc                RTC_Alarm_IRQHandler
 *fill*         0x0000000008002dbe        0x2 
 .text.HAL_InitTick
                0x0000000008002dc0       0x48 ./Drivers/STM32F1xx_HAL_Driver/Src/stm32f1xx_hal.o
                0x0000000008002dc0                HAL_InitTick
 .text.HAL_Init
                0x0000000008002e08       0x24 ./Drivers/STM32F1xx_HAL_Driver/Src/stm32f1xx_hal.o
                0x0000000008002e08                HAL_Init
 .text.HAL_IncTick
                0x0000000008002e2c       0x18 ./Drivers/STM32F1xx_HAL_Driver/Src/stm32f1xx_hal.o
                0x0000000008002e2c                HAL_IncTick
 .text.HAL_GetTick
                0x0000000008002e44        0xc ./Drivers/STM32F1xx_HAL_Driver/Src/stm32f1xx_hal.o
                0x0000000008002e44                HAL_GetTick
 .text.HAL_NVIC_SetPriorityGrouping
                0x0000000008002e50       0x24 ./Drivers/STM32F1xx_HAL_Driver/Src/stm32f1xx_hal_cortex.o
                0x0000000008002e50                HAL_NVIC_SetPriorityGrouping
 .text.HAL_NVIC_SetPriority
                0x0000000008002e74       0x64 ./Drivers/STM32F1xx_HAL_Driver/Src/stm32f1xx_hal_cortex.o
                0x0000000008002e74                HAL_NVIC_SetPriority
 .text.HAL_NVIC_EnableIRQ
                0x0000000008002ed8       0x1c ./Drivers/STM32F1xx_HAL_Driver/Src/stm32f1xx_hal_cortex.o
                0x0000000008002ed8                HAL_NVIC_EnableIRQ
 .text.HAL_SYSTICK_Config
                0x0000000008002ef4       0x28 ./Drivers/STM32F1xx_HAL_Driver/Src/stm32f1xx_hal_cortex.o
                0x0000000008002ef4                HAL_SYSTICK_Config
 .text.HAL_GPIO_Init
                0x0000000008002f1c      0x1d0 ./Drivers/STM32F1xx_HAL_Driver/Src/stm32f1xx_hal_gpio.o
                0x0000000008002f1c                HAL_GPIO_Init
 .text.HAL_GPIO_ReadPin
                0x00000000080030ec        0xc ./Drivers/STM32F1xx_HAL_Driver/Src/stm32f1xx_hal_gpio.o
                0x00000000080030ec                HAL_GPIO_ReadPin
 .text.HAL_GPIO_WritePin
                0x00000000080030f8        0xa ./Drivers/STM32F1xx_HAL_Driver/Src/stm32f1xx_hal_gpio.o
                0x00000000080030f8                HAL_GPIO_WritePin
 *fill*         0x0000000008003102        0x2 
 .text.HAL_RCC_OscConfig
                0x0000000008003104      0x338 ./Drivers/STM32F1xx_HAL_Driver/Src/stm32f1xx_hal_rcc.o
                0x0000000008003104                HAL_RCC_OscConfig
 .text.HAL_RCC_GetSysClockFreq
                0x000000000800343c       0x80 ./Drivers/STM32F1xx_HAL_Driver/Src/stm32f1xx_hal_rcc.o
                0x000000000800343c                HAL_RCC_GetSysClockFreq
 .text.HAL_RCC_ClockConfig
                0x00000000080034bc      0x138 ./Drivers/STM32F1xx_HAL_Driver/Src/stm32f1xx_hal_rcc.o
                0x00000000080034bc                HAL_RCC_ClockConfig
 .text.HAL_RCC_GetHCLKFreq
                0x00000000080035f4        0xc ./Drivers/STM32F1xx_HAL_Driver/Src/stm32f1xx_hal_rcc.o
                0x00000000080035f4                HAL_RCC_GetHCLKFreq
 .text.HAL_RCC_GetPCLK1Freq
                0x0000000008003600       0x20 ./Drivers/STM32F1xx_HAL_Driver/Src/stm32f1xx_hal_rcc.o
                0x0000000008003600                HAL_RCC_GetPCLK1Freq
 .text.HAL_RCC_GetPCLK2Freq
                0x0000000008003620       0x20 ./Drivers/STM32F1xx_HAL_Driver/Src/stm32f1xx_hal_rcc.o
                0x0000000008003620                HAL_RCC_GetPCLK2Freq
 .text.HAL_SPI_Init
                0x0000000008003640       0xb0 ./Drivers/STM32F1xx_HAL_Driver/Src/stm32f1xx_hal_spi.o
                0x0000000008003640                HAL_SPI_Init
 .text.HAL_TIM_Encoder_Start_IT
                0x00000000080036f0       0xde ./Drivers/STM32F1xx_HAL_Driver/Src/stm32f1xx_hal_tim.o
                0x00000000080036f0                HAL_TIM_Encoder_Start_IT
 .text.HAL_TIM_PeriodElapsedCallback
                0x00000000080037ce        0x2 ./Drivers/STM32F1xx_HAL_Driver/Src/stm32f1xx_hal_tim.o
                0x00000000080037ce                HAL_TIM_PeriodElapsedCallback
 .text.HAL_TIM_OC_DelayElapsedCallback
                0x00000000080037d0        0x2 ./Drivers/STM32F1xx_HAL_Driver/Src/stm32f1xx_hal_tim.o
                0x00000000080037d0                HAL_TIM_OC_DelayElapsedCallback
 .text.HAL_TIM_IC_CaptureCallback
                0x00000000080037d2        0x2 ./Drivers/STM32F1xx_HAL_Driver/Src/stm32f1xx_hal_tim.o
                0x00000000080037d2                HAL_TIM_IC_CaptureCallback
 .text.HAL_TIM_PWM_PulseFinishedCallback
                0x00000000080037d4        0x2 ./Drivers/STM32F1xx_HAL_Driver/Src/stm32f1xx_hal_tim.o
                0x00000000080037d4                HAL_TIM_PWM_PulseFinishedCallback
 .text.HAL_TIM_TriggerCallback
                0x00000000080037d6        0x2 ./Drivers/STM32F1xx_HAL_Driver/Src/stm32f1xx_hal_tim.o
                0x00000000080037d6                HAL_TIM_TriggerCallback
 .text.HAL_TIM_IRQHandler
                0x00000000080037d8      0x144 ./Drivers/STM32F1xx_HAL_Driver/Src/stm32f1xx_hal_tim.o
                0x00000000080037d8                HAL_TIM_IRQHandler
 .text.TIM_Base_SetConfig
                0x000000000800391c       0x98 ./Drivers/STM32F1xx_HAL_Driver/Src/stm32f1xx_hal_tim.o
                0x000000000800391c                TIM_Base_SetConfig
 .text.HAL_TIM_Encoder_Init
                0x00000000080039b4       0xaa ./Drivers/STM32F1xx_HAL_Driver/Src/stm32f1xx_hal_tim.o
                0x00000000080039b4                HAL_TIM_Encoder_Init
 *fill*         0x0000000008003a5e        0x2 
 .text.HAL_TIMEx_MasterConfigSynchronization
                0x0000000008003a60       0x6c ./Drivers/STM32F1xx_HAL_Driver/Src/stm32f1xx_hal_tim_ex.o
                0x0000000008003a60                HAL_TIMEx_MasterConfigSynchronization
 .text.HAL_TIMEx_CommutCallback
                0x0000000008003acc        0x2 ./Drivers/STM32F1xx_HAL_Driver/Src/stm32f1xx_hal_tim_ex.o
                0x0000000008003acc                HAL_TIMEx_CommutCallback
 .text.HAL_TIMEx_BreakCallback
                0x0000000008003ace        0x2 ./Drivers/STM32F1xx_HAL_Driver/Src/stm32f1xx_hal_tim_ex.o
                0x0000000008003ace                HAL_TIMEx_BreakCallback
 .text.UART_SetConfig
                0x0000000008003ad0       0x74 ./Drivers/STM32F1xx_HAL_Driver/Src/stm32f1xx_hal_uart.o
 .text.HAL_UART_Init
                0x0000000008003b44       0x5c ./Drivers/STM32F1xx_HAL_Driver/Src/stm32f1xx_hal_uart.o
                0x0000000008003b44                HAL_UART_Init
 .text.osKernelInitialize
                0x0000000008003ba0       0x38 ./Middlewares/Third_Party/FreeRTOS/Source/CMSIS_RTOS_V2/cmsis_os2.o
                0x0000000008003ba0                osKernelInitialize
 .text.osKernelStart
                0x0000000008003bd8       0x40 ./Middlewares/Third_Party/FreeRTOS/Source/CMSIS_RTOS_V2/cmsis_os2.o
                0x0000000008003bd8                osKernelStart
 .text.osThreadNew
                0x0000000008003c18       0xbc ./Middlewares/Third_Party/FreeRTOS/Source/CMSIS_RTOS_V2/cmsis_os2.o
                0x0000000008003c18                osThreadNew
 .text.osDelay  0x0000000008003cd4       0x38 ./Middlewares/Third_Party/FreeRTOS/Source/CMSIS_RTOS_V2/cmsis_os2.o
                0x0000000008003cd4                osDelay
 .text.vApplicationGetIdleTaskMemory
                0x0000000008003d0c       0x18 ./Middlewares/Third_Party/FreeRTOS/Source/CMSIS_RTOS_V2/cmsis_os2.o
                0x0000000008003d0c                vApplicationGetIdleTaskMemory
 .text.vApplicationGetTimerTaskMemory
                0x0000000008003d24       0x18 ./Middlewares/Third_Party/FreeRTOS/Source/CMSIS_RTOS_V2/cmsis_os2.o
                0x0000000008003d24                vApplicationGetTimerTaskMemory
 .text.vListInitialise
                0x0000000008003d3c       0x16 ./Middlewares/Third_Party/FreeRTOS/Source/list.o
                0x0000000008003d3c                vListInitialise
 .text.vListInitialiseItem
                0x0000000008003d52        0x6 ./Middlewares/Third_Party/FreeRTOS/Source/list.o
                0x0000000008003d52                vListInitialiseItem
 .text.vListInsertEnd
                0x0000000008003d58       0x18 ./Middlewares/Third_Party/FreeRTOS/Source/list.o
                0x0000000008003d58                vListInsertEnd
 .text.vListInsert
                0x0000000008003d70       0x2e ./Middlewares/Third_Party/FreeRTOS/Source/list.o
                0x0000000008003d70                vListInsert
 .text.uxListRemove
                0x0000000008003d9e       0x20 ./Middlewares/Third_Party/FreeRTOS/Source/list.o
                0x0000000008003d9e                uxListRemove
 .text.prvIsQueueEmpty
                0x0000000008003dbe       0x16 ./Middlewares/Third_Party/FreeRTOS/Source/queue.o
 .text.prvCopyDataToQueue
                0x0000000008003dd4       0x6a ./Middlewares/Third_Party/FreeRTOS/Source/queue.o
 .text.prvCopyDataFromQueue
                0x0000000008003e3e       0x28 ./Middlewares/Third_Party/FreeRTOS/Source/queue.o
 .text.prvUnlockQueue
                0x0000000008003e66       0x70 ./Middlewares/Third_Party/FreeRTOS/Source/queue.o
 .text.xQueueGenericReset
                0x0000000008003ed6       0x7e ./Middlewares/Third_Party/FreeRTOS/Source/queue.o
                0x0000000008003ed6                xQueueGenericReset
 .text.xQueueGenericCreateStatic
                0x0000000008003f54       0x9a ./Middlewares/Third_Party/FreeRTOS/Source/queue.o
                0x0000000008003f54                xQueueGenericCreateStatic
 .text.xQueueGenericSend
                0x0000000008003fee      0x166 ./Middlewares/Third_Party/FreeRTOS/Source/queue.o
                0x0000000008003fee                xQueueGenericSend
 .text.xQueueGenericSendFromISR
                0x0000000008004154       0xc2 ./Middlewares/Third_Party/FreeRTOS/Source/queue.o
                0x0000000008004154                xQueueGenericSendFromISR
 .text.xQueueReceive
                0x0000000008004216      0x13e ./Middlewares/Third_Party/FreeRTOS/Source/queue.o
                0x0000000008004216                xQueueReceive
 .text.vQueueAddToRegistry
                0x0000000008004354       0x24 ./Middlewares/Third_Party/FreeRTOS/Source/queue.o
                0x0000000008004354                vQueueAddToRegistry
 .text.vQueueWaitForMessageRestricted
                0x0000000008004378       0x46 ./Middlewares/Third_Party/FreeRTOS/Source/queue.o
                0x0000000008004378                vQueueWaitForMessageRestricted
 *fill*         0x00000000080043be        0x2 
 .text.prvAddNewTaskToReadyList
                0x00000000080043c0      0x100 ./Middlewares/Third_Party/FreeRTOS/Source/tasks.o
 .text.prvAddCurrentTaskToDelayedList
                0x00000000080044c0       0x70 ./Middlewares/Third_Party/FreeRTOS/Source/tasks.o
 .text.prvResetNextTaskUnblockTime
                0x0000000008004530       0x24 ./Middlewares/Third_Party/FreeRTOS/Source/tasks.o
 .text.prvDeleteTCB
                0x0000000008004554       0x3c ./Middlewares/Third_Party/FreeRTOS/Source/tasks.o
 .text.prvIdleTask
                0x0000000008004590       0x60 ./Middlewares/Third_Party/FreeRTOS/Source/tasks.o
 .text.prvInitialiseNewTask.constprop.0
                0x00000000080045f0       0xb4 ./Middlewares/Third_Party/FreeRTOS/Source/tasks.o
 .text.xTaskCreateStatic
                0x00000000080046a4       0x6e ./Middlewares/Third_Party/FreeRTOS/Source/tasks.o
                0x00000000080046a4                xTaskCreateStatic
 .text.xTaskCreate
                0x0000000008004712       0x5a ./Middlewares/Third_Party/FreeRTOS/Source/tasks.o
                0x0000000008004712                xTaskCreate
 .text.vTaskStartScheduler
                0x000000000800476c       0xa0 ./Middlewares/Third_Party/FreeRTOS/Source/tasks.o
                0x000000000800476c                vTaskStartScheduler
 .text.vTaskSuspendAll
                0x000000000800480c       0x10 ./Middlewares/Third_Party/FreeRTOS/Source/tasks.o
                0x000000000800480c                vTaskSuspendAll
 .text.xTaskGetTickCount
                0x000000000800481c        0xc ./Middlewares/Third_Party/FreeRTOS/Source/tasks.o
                0x000000000800481c                xTaskGetTickCount
 .text.xTaskIncrementTick
                0x0000000008004828      0x120 ./Middlewares/Third_Party/FreeRTOS/Source/tasks.o
                0x0000000008004828                xTaskIncrementTick
 .text.xTaskResumeAll
                0x0000000008004948       0xe8 ./Middlewares/Third_Party/FreeRTOS/Source/tasks.o
                0x0000000008004948                xTaskResumeAll
 .text.vTaskDelay
                0x0000000008004a30       0x48 ./Middlewares/Third_Party/FreeRTOS/Source/tasks.o
                0x0000000008004a30                vTaskDelay
 .text.vTaskSwitchContext
                0x0000000008004a78       0x84 ./Middlewares/Third_Party/FreeRTOS/Source/tasks.o
                0x0000000008004a78                vTaskSwitchContext
 .text.vTaskPlaceOnEventList
                0x0000000008004afc       0x34 ./Middlewares/Third_Party/FreeRTOS/Source/tasks.o
                0x0000000008004afc                vTaskPlaceOnEventList
 .text.vTaskPlaceOnEventListRestricted
                0x0000000008004b30       0x40 ./Middlewares/Third_Party/FreeRTOS/Source/tasks.o
                0x0000000008004b30                vTaskPlaceOnEventListRestricted
 .text.xTaskRemoveFromEventList
                0x0000000008004b70       0x80 ./Middlewares/Third_Party/FreeRTOS/Source/tasks.o
                0x0000000008004b70                xTaskRemoveFromEventList
 .text.vTaskInternalSetTimeOutState
                0x0000000008004bf0       0x18 ./Middlewares/Third_Party/FreeRTOS/Source/tasks.o
                0x0000000008004bf0                vTaskInternalSetTimeOutState
 .text.xTaskCheckForTimeOut
                0x0000000008004c08       0x78 ./Middlewares/Third_Party/FreeRTOS/Source/tasks.o
                0x0000000008004c08                xTaskCheckForTimeOut
 .text.vTaskMissedYield
                0x0000000008004c80        0xc ./Middlewares/Third_Party/FreeRTOS/Source/tasks.o
                0x0000000008004c80                vTaskMissedYield
 .text.xTaskGetSchedulerState
                0x0000000008004c8c       0x20 ./Middlewares/Third_Party/FreeRTOS/Source/tasks.o
                0x0000000008004c8c                xTaskGetSchedulerState
 .text.xTaskPriorityDisinherit
                0x0000000008004cac       0x84 ./Middlewares/Third_Party/FreeRTOS/Source/tasks.o
                0x0000000008004cac                xTaskPriorityDisinherit
 .text.prvCheckForValidListAndQueue
                0x0000000008004d30       0x68 ./Middlewares/Third_Party/FreeRTOS/Source/timers.o
 .text.prvInsertTimerInActiveList
                0x0000000008004d98       0x3c ./Middlewares/Third_Party/FreeRTOS/Source/timers.o
 .text.xTimerCreateTimerTask
                0x0000000008004dd4       0x64 ./Middlewares/Third_Party/FreeRTOS/Source/timers.o
                0x0000000008004dd4                xTimerCreateTimerTask
 .text.xTimerGenericCommand
                0x0000000008004e38       0x58 ./Middlewares/Third_Party/FreeRTOS/Source/timers.o
                0x0000000008004e38                xTimerGenericCommand
 .text.prvSampleTimeNow
                0x0000000008004e90       0xa8 ./Middlewares/Third_Party/FreeRTOS/Source/timers.o
 .text.prvTimerTask
                0x0000000008004f38      0x1b8 ./Middlewares/Third_Party/FreeRTOS/Source/timers.o
 .text.prvPortStartFirstTask
                0x00000000080050f0       0x20 ./Middlewares/Third_Party/FreeRTOS/Source/portable/GCC/ARM_CM3/port.o
 .text.prvTaskExitError
                0x0000000008005110       0x40 ./Middlewares/Third_Party/FreeRTOS/Source/portable/GCC/ARM_CM3/port.o
 .text.pxPortInitialiseStack
                0x0000000008005150       0x24 ./Middlewares/Third_Party/FreeRTOS/Source/portable/GCC/ARM_CM3/port.o
                0x0000000008005150                pxPortInitialiseStack
 *fill*         0x0000000008005174        0xc 
 .text.SVC_Handler
                0x0000000008005180       0x24 ./Middlewares/Third_Party/FreeRTOS/Source/portable/GCC/ARM_CM3/port.o
                0x0000000008005180                SVC_Handler
 .text.vPortEnterCritical
                0x00000000080051a4       0x40 ./Middlewares/Third_Party/FreeRTOS/Source/portable/GCC/ARM_CM3/port.o
                0x00000000080051a4                vPortEnterCritical
 .text.vPortExitCritical
                0x00000000080051e4       0x28 ./Middlewares/Third_Party/FreeRTOS/Source/portable/GCC/ARM_CM3/port.o
                0x00000000080051e4                vPortExitCritical
 *fill*         0x000000000800520c        0x4 
 .text.PendSV_Handler
                0x0000000008005210       0x44 ./Middlewares/Third_Party/FreeRTOS/Source/portable/GCC/ARM_CM3/port.o
                0x0000000008005210                PendSV_Handler
 .text.xPortSysTickHandler
                0x0000000008005254       0x2c ./Middlewares/Third_Party/FreeRTOS/Source/portable/GCC/ARM_CM3/port.o
                0x0000000008005254                xPortSysTickHandler
 .text.vPortSetupTimerInterrupt
                0x0000000008005280       0x24 ./Middlewares/Third_Party/FreeRTOS/Source/portable/GCC/ARM_CM3/port.o
                0x0000000008005280                vPortSetupTimerInterrupt
 .text.xPortStartScheduler
                0x00000000080052a4       0xb8 ./Middlewares/Third_Party/FreeRTOS/Source/portable/GCC/ARM_CM3/port.o
                0x00000000080052a4                xPortStartScheduler
 .text.vPortValidateInterruptPriority
                0x000000000800535c       0x5c ./Middlewares/Third_Party/FreeRTOS/Source/portable/GCC/ARM_CM3/port.o
                0x000000000800535c                vPortValidateInterruptPriority
 .text.prvInsertBlockIntoFreeList
                0x00000000080053b8       0x48 ./Middlewares/Third_Party/FreeRTOS/Source/portable/MemMang/heap_4.o
 .text.pvPortMalloc
                0x0000000008005400      0x120 ./Middlewares/Third_Party/FreeRTOS/Source/portable/MemMang/heap_4.o
                0x0000000008005400                pvPortMalloc
 .text.vPortFree
                0x0000000008005520       0x70 ./Middlewares/Third_Party/FreeRTOS/Source/portable/MemMang/heap_4.o
                0x0000000008005520                vPortFree
 .text.__aeabi_atexit
                0x0000000008005590        0xa /Applications/STM32CubeIDE.app/Contents/Eclipse/plugins/com.st.stm32cube.ide.mcu.externaltools.gnu-tools-for-stm32.10.3-2021.10.macos64_1.0.0.202111181127/tools/bin/../lib/gcc/arm-none-eabi/10.3.1/../../../../arm-none-eabi/lib/thumb/v7-m/nofp/libstdc++_nano.a(atexit_arm.o)
                0x0000000008005590                __aeabi_atexit
 .text._ZdlPvj  0x000000000800559a        0x4 /Applications/STM32CubeIDE.app/Contents/Eclipse/plugins/com.st.stm32cube.ide.mcu.externaltools.gnu-tools-for-stm32.10.3-2021.10.macos64_1.0.0.202111181127/tools/bin/../lib/gcc/arm-none-eabi/10.3.1/../../../../arm-none-eabi/lib/thumb/v7-m/nofp/libstdc++_nano.a(del_ops.o)
                0x000000000800559a                operator delete(void*, unsigned int)
 .text._Znwj    0x000000000800559e       0x22 /Applications/STM32CubeIDE.app/Contents/Eclipse/plugins/com.st.stm32cube.ide.mcu.externaltools.gnu-tools-for-stm32.10.3-2021.10.macos64_1.0.0.202111181127/tools/bin/../lib/gcc/arm-none-eabi/10.3.1/../../../../arm-none-eabi/lib/thumb/v7-m/nofp/libstdc++_nano.a(new_op.o)
                0x000000000800559e                operator new(unsigned int)
 .text.__cxa_pure_virtual
                0x00000000080055c0        0x6 /Applications/STM32CubeIDE.app/Contents/Eclipse/plugins/com.st.stm32cube.ide.mcu.externaltools.gnu-tools-for-stm32.10.3-2021.10.macos64_1.0.0.202111181127/tools/bin/../lib/gcc/arm-none-eabi/10.3.1/../../../../arm-none-eabi/lib/thumb/v7-m/nofp/libstdc++_nano.a(pure.o)
                0x00000000080055c0                __cxa_pure_virtual
 .text.unlikely._ZSt17__throw_bad_allocv
                0x00000000080055c6        0x6 /Applications/STM32CubeIDE.app/Contents/Eclipse/plugins/com.st.stm32cube.ide.mcu.externaltools.gnu-tools-for-stm32.10.3-2021.10.macos64_1.0.0.202111181127/tools/bin/../lib/gcc/arm-none-eabi/10.3.1/../../../../arm-none-eabi/lib/thumb/v7-m/nofp/libstdc++_nano.a(functexcept.o)
                0x00000000080055c6                std::__throw_bad_alloc()
 .text.unlikely._ZSt19__throw_logic_errorPKc
                0x00000000080055cc        0x6 /Applications/STM32CubeIDE.app/Contents/Eclipse/plugins/com.st.stm32cube.ide.mcu.externaltools.gnu-tools-for-stm32.10.3-2021.10.macos64_1.0.0.202111181127/tools/bin/../lib/gcc/arm-none-eabi/10.3.1/../../../../arm-none-eabi/lib/thumb/v7-m/nofp/libstdc++_nano.a(functexcept.o)
                0x00000000080055cc                std::__throw_logic_error(char const*)
 .text.unlikely._ZSt20__throw_length_errorPKc
                0x00000000080055d2        0x6 /Applications/STM32CubeIDE.app/Contents/Eclipse/plugins/com.st.stm32cube.ide.mcu.externaltools.gnu-tools-for-stm32.10.3-2021.10.macos64_1.0.0.202111181127/tools/bin/../lib/gcc/arm-none-eabi/10.3.1/../../../../arm-none-eabi/lib/thumb/v7-m/nofp/libstdc++_nano.a(functexcept.o)
                0x00000000080055d2                std::__throw_length_error(char const*)
 .text._ZNSt11char_traitsIcE4copyEPcPKcj.isra.0
                0x00000000080055d8        0x8 /Applications/STM32CubeIDE.app/Contents/Eclipse/plugins/com.st.stm32cube.ide.mcu.externaltools.gnu-tools-for-stm32.10.3-2021.10.macos64_1.0.0.202111181127/tools/bin/../lib/gcc/arm-none-eabi/10.3.1/../../../../arm-none-eabi/lib/thumb/v7-m/nofp/libstdc++_nano.a(string-inst.o)
 .text._ZNSt11char_traitsIcE7compareEPKcS2_j
                0x00000000080055e0        0xa /Applications/STM32CubeIDE.app/Contents/Eclipse/plugins/com.st.stm32cube.ide.mcu.externaltools.gnu-tools-for-stm32.10.3-2021.10.macos64_1.0.0.202111181127/tools/bin/../lib/gcc/arm-none-eabi/10.3.1/../../../../arm-none-eabi/lib/thumb/v7-m/nofp/libstdc++_nano.a(string-inst.o)
                0x00000000080055e0                std::char_traits<char>::compare(char const*, char const*, unsigned int)
 *fill*         0x00000000080055ea        0x2 
 .text._ZNSt7__cxx1112basic_stringIcSt11char_traitsIcESaIcEE9_M_createERjj
                0x00000000080055ec       0x44 /Applications/STM32CubeIDE.app/Contents/Eclipse/plugins/com.st.stm32cube.ide.mcu.externaltools.gnu-tools-for-stm32.10.3-2021.10.macos64_1.0.0.202111181127/tools/bin/../lib/gcc/arm-none-eabi/10.3.1/../../../../arm-none-eabi/lib/thumb/v7-m/nofp/libstdc++_nano.a(string-inst.o)
                0x00000000080055ec                std::__cxx11::basic_string<char, std::char_traits<char>, std::allocator<char> >::_M_create(unsigned int&, unsigned int)
 .text._ZNSt7__cxx1112basic_stringIcSt11char_traitsIcESaIcEE10_M_disposeEv
                0x0000000008005630       0x10 /Applications/STM32CubeIDE.app/Contents/Eclipse/plugins/com.st.stm32cube.ide.mcu.externaltools.gnu-tools-for-stm32.10.3-2021.10.macos64_1.0.0.202111181127/tools/bin/../lib/gcc/arm-none-eabi/10.3.1/../../../../arm-none-eabi/lib/thumb/v7-m/nofp/libstdc++_nano.a(string-inst.o)
                0x0000000008005630                std::__cxx11::basic_string<char, std::char_traits<char>, std::allocator<char> >::_M_dispose()
 .text._ZNSt7__cxx1112basic_stringIcSt11char_traitsIcESaIcEE7_S_copyEPcPKcj
                0x0000000008005640       0x14 /Applications/STM32CubeIDE.app/Contents/Eclipse/plugins/com.st.stm32cube.ide.mcu.externaltools.gnu-tools-for-stm32.10.3-2021.10.macos64_1.0.0.202111181127/tools/bin/../lib/gcc/arm-none-eabi/10.3.1/../../../../arm-none-eabi/lib/thumb/v7-m/nofp/libstdc++_nano.a(string-inst.o)
                0x0000000008005640                std::__cxx11::basic_string<char, std::char_traits<char>, std::allocator<char> >::_S_copy(char*, char const*, unsigned int)
 .text._ZNSt7__cxx1112basic_stringIcSt11char_traitsIcESaIcEE13_S_copy_charsEPcS5_S5_
                0x0000000008005654        0xa /Applications/STM32CubeIDE.app/Contents/Eclipse/plugins/com.st.stm32cube.ide.mcu.externaltools.gnu-tools-for-stm32.10.3-2021.10.macos64_1.0.0.202111181127/tools/bin/../lib/gcc/arm-none-eabi/10.3.1/../../../../arm-none-eabi/lib/thumb/v7-m/nofp/libstdc++_nano.a(string-inst.o)
                0x0000000008005654                std::__cxx11::basic_string<char, std::char_traits<char>, std::allocator<char> >::_S_copy_chars(char*, char*, char*)
 .text._ZNSt7__cxx1112basic_stringIcSt11char_traitsIcESaIcEE13_S_copy_charsEPcPKcS7_
                0x000000000800565e        0xa /Applications/STM32CubeIDE.app/Contents/Eclipse/plugins/com.st.stm32cube.ide.mcu.externaltools.gnu-tools-for-stm32.10.3-2021.10.macos64_1.0.0.202111181127/tools/bin/../lib/gcc/arm-none-eabi/10.3.1/../../../../arm-none-eabi/lib/thumb/v7-m/nofp/libstdc++_nano.a(string-inst.o)
                0x000000000800565e                std::__cxx11::basic_string<char, std::char_traits<char>, std::allocator<char> >::_S_copy_chars(char*, char const*, char const*)
 .text._ZNSt7__cxx1112basic_stringIcSt11char_traitsIcESaIcEE9_M_assignERKS4_
                0x0000000008005668       0x4c /Applications/STM32CubeIDE.app/Contents/Eclipse/plugins/com.st.stm32cube.ide.mcu.externaltools.gnu-tools-for-stm32.10.3-2021.10.macos64_1.0.0.202111181127/tools/bin/../lib/gcc/arm-none-eabi/10.3.1/../../../../arm-none-eabi/lib/thumb/v7-m/nofp/libstdc++_nano.a(string-inst.o)
                0x0000000008005668                std::__cxx11::basic_string<char, std::char_traits<char>, std::allocator<char> >::_M_assign(std::__cxx11::basic_string<char, std::char_traits<char>, std::allocator<char> > const&)
 .text._ZNKSt7__cxx1112basic_stringIcSt11char_traitsIcESaIcEE7compareERKS4_
                0x00000000080056b4       0x1c /Applications/STM32CubeIDE.app/Contents/Eclipse/plugins/com.st.stm32cube.ide.mcu.externaltools.gnu-tools-for-stm32.10.3-2021.10.macos64_1.0.0.202111181127/tools/bin/../lib/gcc/arm-none-eabi/10.3.1/../../../../arm-none-eabi/lib/thumb/v7-m/nofp/libstdc++_nano.a(string-inst.o)
                0x00000000080056b4                std::__cxx11::basic_string<char, std::char_traits<char>, std::allocator<char> >::compare(std::__cxx11::basic_string<char, std::char_traits<char>, std::allocator<char> > const&) const
 .text._ZNSt7__cxx1112basic_stringIcSt11char_traitsIcESaIcEE12_M_constructIPcEEvT_S7_St20forward_iterator_tag
                0x00000000080056d0       0x48 /Applications/STM32CubeIDE.app/Contents/Eclipse/plugins/com.st.stm32cube.ide.mcu.externaltools.gnu-tools-for-stm32.10.3-2021.10.macos64_1.0.0.202111181127/tools/bin/../lib/gcc/arm-none-eabi/10.3.1/../../../../arm-none-eabi/lib/thumb/v7-m/nofp/libstdc++_nano.a(string-inst.o)
                0x00000000080056d0                void std::__cxx11::basic_string<char, std::char_traits<char>, std::allocator<char> >::_M_construct<char*>(char*, char*, std::forward_iterator_tag)
 .text._ZNSt7__cxx1112basic_stringIcSt11char_traitsIcESaIcEEC2ERKS4_
                0x0000000008005718       0x1c /Applications/STM32CubeIDE.app/Contents/Eclipse/plugins/com.st.stm32cube.ide.mcu.externaltools.gnu-tools-for-stm32.10.3-2021.10.macos64_1.0.0.202111181127/tools/bin/../lib/gcc/arm-none-eabi/10.3.1/../../../../arm-none-eabi/lib/thumb/v7-m/nofp/libstdc++_nano.a(string-inst.o)
                0x0000000008005718                std::__cxx11::basic_string<char, std::char_traits<char>, std::allocator<char> >::basic_string(std::__cxx11::basic_string<char, std::char_traits<char>, std::allocator<char> > const&)
                0x0000000008005718                std::__cxx11::basic_string<char, std::char_traits<char>, std::allocator<char> >::basic_string(std::__cxx11::basic_string<char, std::char_traits<char>, std::allocator<char> > const&)
 .text._ZNSt7__cxx1112basic_stringIcSt11char_traitsIcESaIcEE12_M_constructIPKcEEvT_S8_St20forward_iterator_tag
                0x0000000008005734       0x48 /Applications/STM32CubeIDE.app/Contents/Eclipse/plugins/com.st.stm32cube.ide.mcu.externaltools.gnu-tools-for-stm32.10.3-2021.10.macos64_1.0.0.202111181127/tools/bin/../lib/gcc/arm-none-eabi/10.3.1/../../../../arm-none-eabi/lib/thumb/v7-m/nofp/libstdc++_nano.a(string-inst.o)
                0x0000000008005734                void std::__cxx11::basic_string<char, std::char_traits<char>, std::allocator<char> >::_M_construct<char const*>(char const*, char const*, std::forward_iterator_tag)
 .text._ZNSt7__cxx1112basic_stringIcSt11char_traitsIcESaIcEEC2EPKcRKS3_
                0x000000000800577c       0x2a /Applications/STM32CubeIDE.app/Contents/Eclipse/plugins/com.st.stm32cube.ide.mcu.externaltools.gnu-tools-for-stm32.10.3-2021.10.macos64_1.0.0.202111181127/tools/bin/../lib/gcc/arm-none-eabi/10.3.1/../../../../arm-none-eabi/lib/thumb/v7-m/nofp/libstdc++_nano.a(string-inst.o)
                0x000000000800577c                std::__cxx11::basic_string<char, std::char_traits<char>, std::allocator<char> >::basic_string(char const*, std::allocator<char> const&)
                0x000000000800577c                std::__cxx11::basic_string<char, std::char_traits<char>, std::allocator<char> >::basic_string(char const*, std::allocator<char> const&)
 .text._ZdlPv   0x00000000080057a6        0x4 /Applications/STM32CubeIDE.app/Contents/Eclipse/plugins/com.st.stm32cube.ide.mcu.externaltools.gnu-tools-for-stm32.10.3-2021.10.macos64_1.0.0.202111181127/tools/bin/../lib/gcc/arm-none-eabi/10.3.1/../../../../arm-none-eabi/lib/thumb/v7-m/nofp/libstdc++_nano.a(del_op.o)
                0x00000000080057a6                operator delete(void*)
 .text._ZN10__cxxabiv111__terminateEPFvvE
                0x00000000080057aa        0x8 /Applications/STM32CubeIDE.app/Contents/Eclipse/plugins/com.st.stm32cube.ide.mcu.externaltools.gnu-tools-for-stm32.10.3-2021.10.macos64_1.0.0.202111181127/tools/bin/../lib/gcc/arm-none-eabi/10.3.1/../../../../arm-none-eabi/lib/thumb/v7-m/nofp/libstdc++_nano.a(eh_terminate.o)
                0x00000000080057aa                __cxxabiv1::__terminate(void (*)())
 *fill*         0x00000000080057b2        0x2 
 .text._ZSt13get_terminatev
                0x00000000080057b4       0x10 /Applications/STM32CubeIDE.app/Contents/Eclipse/plugins/com.st.stm32cube.ide.mcu.externaltools.gnu-tools-for-stm32.10.3-2021.10.macos64_1.0.0.202111181127/tools/bin/../lib/gcc/arm-none-eabi/10.3.1/../../../../arm-none-eabi/lib/thumb/v7-m/nofp/libstdc++_nano.a(eh_terminate.o)
                0x00000000080057b4                std::get_terminate()
 .text._ZSt9terminatev
                0x00000000080057c4        0xa /Applications/STM32CubeIDE.app/Contents/Eclipse/plugins/com.st.stm32cube.ide.mcu.externaltools.gnu-tools-for-stm32.10.3-2021.10.macos64_1.0.0.202111181127/tools/bin/../lib/gcc/arm-none-eabi/10.3.1/../../../../arm-none-eabi/lib/thumb/v7-m/nofp/libstdc++_nano.a(eh_terminate.o)
                0x00000000080057c4                std::terminate()
 *fill*         0x00000000080057ce        0x2 
 .text._ZSt15get_new_handlerv
                0x00000000080057d0       0x10 /Applications/STM32CubeIDE.app/Contents/Eclipse/plugins/com.st.stm32cube.ide.mcu.externaltools.gnu-tools-for-stm32.10.3-2021.10.macos64_1.0.0.202111181127/tools/bin/../lib/gcc/arm-none-eabi/10.3.1/../../../../arm-none-eabi/lib/thumb/v7-m/nofp/libstdc++_nano.a(new_handler.o)
                0x00000000080057d0                std::get_new_handler()
 .text.abort    0x00000000080057e0        0xe /Applications/STM32CubeIDE.app/Contents/Eclipse/plugins/com.st.stm32cube.ide.mcu.externaltools.gnu-tools-for-stm32.10.3-2021.10.macos64_1.0.0.202111181127/tools/bin/../lib/gcc/arm-none-eabi/10.3.1/../../../../arm-none-eabi/lib/thumb/v7-m/nofp/libc_nano.a(lib_a-abort.o)
                0x00000000080057e0                abort
 *fill*         0x00000000080057ee        0x2 
 .text.__cxa_atexit
                0x00000000080057f0       0x1c /Applications/STM32CubeIDE.app/Contents/Eclipse/plugins/com.st.stm32cube.ide.mcu.externaltools.gnu-tools-for-stm32.10.3-2021.10.macos64_1.0.0.202111181127/tools/bin/../lib/gcc/arm-none-eabi/10.3.1/../../../../arm-none-eabi/lib/thumb/v7-m/nofp/libc_nano.a(lib_a-cxa_atexit.o)
                0x00000000080057f0                __cxa_atexit
 .text.__errno  0x000000000800580c        0xc /Applications/STM32CubeIDE.app/Contents/Eclipse/plugins/com.st.stm32cube.ide.mcu.externaltools.gnu-tools-for-stm32.10.3-2021.10.macos64_1.0.0.202111181127/tools/bin/../lib/gcc/arm-none-eabi/10.3.1/../../../../arm-none-eabi/lib/thumb/v7-m/nofp/libc_nano.a(lib_a-errno.o)
                0x000000000800580c                __errno
 .text.__libc_init_array
                0x0000000008005818       0x48 /Applications/STM32CubeIDE.app/Contents/Eclipse/plugins/com.st.stm32cube.ide.mcu.externaltools.gnu-tools-for-stm32.10.3-2021.10.macos64_1.0.0.202111181127/tools/bin/../lib/gcc/arm-none-eabi/10.3.1/../../../../arm-none-eabi/lib/thumb/v7-m/nofp/libc_nano.a(lib_a-init.o)
                0x0000000008005818                __libc_init_array
 .text.__retarget_lock_acquire_recursive
                0x0000000008005860        0x2 /Applications/STM32CubeIDE.app/Contents/Eclipse/plugins/com.st.stm32cube.ide.mcu.externaltools.gnu-tools-for-stm32.10.3-2021.10.macos64_1.0.0.202111181127/tools/bin/../lib/gcc/arm-none-eabi/10.3.1/../../../../arm-none-eabi/lib/thumb/v7-m/nofp/libc_nano.a(lib_a-lock.o)
                0x0000000008005860                __retarget_lock_acquire_recursive
 .text.__retarget_lock_release_recursive
                0x0000000008005862        0x2 /Applications/STM32CubeIDE.app/Contents/Eclipse/plugins/com.st.stm32cube.ide.mcu.externaltools.gnu-tools-for-stm32.10.3-2021.10.macos64_1.0.0.202111181127/tools/bin/../lib/gcc/arm-none-eabi/10.3.1/../../../../arm-none-eabi/lib/thumb/v7-m/nofp/libc_nano.a(lib_a-lock.o)
                0x0000000008005862                __retarget_lock_release_recursive
 .text.malloc   0x0000000008005864       0x10 /Applications/STM32CubeIDE.app/Contents/Eclipse/plugins/com.st.stm32cube.ide.mcu.externaltools.gnu-tools-for-stm32.10.3-2021.10.macos64_1.0.0.202111181127/tools/bin/../lib/gcc/arm-none-eabi/10.3.1/../../../../arm-none-eabi/lib/thumb/v7-m/nofp/libc_nano.a(lib_a-malloc.o)
                0x0000000008005864                malloc
 .text.free     0x0000000008005874       0x10 /Applications/STM32CubeIDE.app/Contents/Eclipse/plugins/com.st.stm32cube.ide.mcu.externaltools.gnu-tools-for-stm32.10.3-2021.10.macos64_1.0.0.202111181127/tools/bin/../lib/gcc/arm-none-eabi/10.3.1/../../../../arm-none-eabi/lib/thumb/v7-m/nofp/libc_nano.a(lib_a-malloc.o)
                0x0000000008005874                free
 .text.memchr   0x0000000008005884       0x1c /Applications/STM32CubeIDE.app/Contents/Eclipse/plugins/com.st.stm32cube.ide.mcu.externaltools.gnu-tools-for-stm32.10.3-2021.10.macos64_1.0.0.202111181127/tools/bin/../lib/gcc/arm-none-eabi/10.3.1/../../../../arm-none-eabi/lib/thumb/v7-m/nofp/libc_nano.a(lib_a-memchr-stub.o)
                0x0000000008005884                memchr
 .text.memcmp   0x00000000080058a0       0x20 /Applications/STM32CubeIDE.app/Contents/Eclipse/plugins/com.st.stm32cube.ide.mcu.externaltools.gnu-tools-for-stm32.10.3-2021.10.macos64_1.0.0.202111181127/tools/bin/../lib/gcc/arm-none-eabi/10.3.1/../../../../arm-none-eabi/lib/thumb/v7-m/nofp/libc_nano.a(lib_a-memcmp.o)
                0x00000000080058a0                memcmp
 .text.memcpy   0x00000000080058c0       0x1c /Applications/STM32CubeIDE.app/Contents/Eclipse/plugins/com.st.stm32cube.ide.mcu.externaltools.gnu-tools-for-stm32.10.3-2021.10.macos64_1.0.0.202111181127/tools/bin/../lib/gcc/arm-none-eabi/10.3.1/../../../../arm-none-eabi/lib/thumb/v7-m/nofp/libc_nano.a(lib_a-memcpy-stub.o)
                0x00000000080058c0                memcpy
 .text.memmove  0x00000000080058dc       0x34 /Applications/STM32CubeIDE.app/Contents/Eclipse/plugins/com.st.stm32cube.ide.mcu.externaltools.gnu-tools-for-stm32.10.3-2021.10.macos64_1.0.0.202111181127/tools/bin/../lib/gcc/arm-none-eabi/10.3.1/../../../../arm-none-eabi/lib/thumb/v7-m/nofp/libc_nano.a(lib_a-memmove.o)
                0x00000000080058dc                memmove
 .text.memset   0x0000000008005910       0x10 /Applications/STM32CubeIDE.app/Contents/Eclipse/plugins/com.st.stm32cube.ide.mcu.externaltools.gnu-tools-for-stm32.10.3-2021.10.macos64_1.0.0.202111181127/tools/bin/../lib/gcc/arm-none-eabi/10.3.1/../../../../arm-none-eabi/lib/thumb/v7-m/nofp/libc_nano.a(lib_a-memset.o)
                0x0000000008005910                memset
 .text._free_r  0x0000000008005920       0x90 /Applications/STM32CubeIDE.app/Contents/Eclipse/plugins/com.st.stm32cube.ide.mcu.externaltools.gnu-tools-for-stm32.10.3-2021.10.macos64_1.0.0.202111181127/tools/bin/../lib/gcc/arm-none-eabi/10.3.1/../../../../arm-none-eabi/lib/thumb/v7-m/nofp/libc_nano.a(lib_a-nano-freer.o)
                0x0000000008005920                _free_r
 .text.sbrk_aligned
                0x00000000080059b0       0x40 /Applications/STM32CubeIDE.app/Contents/Eclipse/plugins/com.st.stm32cube.ide.mcu.externaltools.gnu-tools-for-stm32.10.3-2021.10.macos64_1.0.0.202111181127/tools/bin/../lib/gcc/arm-none-eabi/10.3.1/../../../../arm-none-eabi/lib/thumb/v7-m/nofp/libc_nano.a(lib_a-nano-mallocr.o)
 .text._malloc_r
                0x00000000080059f0       0xe8 /Applications/STM32CubeIDE.app/Contents/Eclipse/plugins/com.st.stm32cube.ide.mcu.externaltools.gnu-tools-for-stm32.10.3-2021.10.macos64_1.0.0.202111181127/tools/bin/../lib/gcc/arm-none-eabi/10.3.1/../../../../arm-none-eabi/lib/thumb/v7-m/nofp/libc_nano.a(lib_a-nano-mallocr.o)
                0x00000000080059f0                _malloc_r
 .text.cleanup_glue
                0x0000000008005ad8       0x1a /Applications/STM32CubeIDE.app/Contents/Eclipse/plugins/com.st.stm32cube.ide.mcu.externaltools.gnu-tools-for-stm32.10.3-2021.10.macos64_1.0.0.202111181127/tools/bin/../lib/gcc/arm-none-eabi/10.3.1/../../../../arm-none-eabi/lib/thumb/v7-m/nofp/libc_nano.a(lib_a-reent.o)
                0x0000000008005ad8                cleanup_glue
 *fill*         0x0000000008005af2        0x2 
 .text._reclaim_reent
                0x0000000008005af4       0xb8 /Applications/STM32CubeIDE.app/Contents/Eclipse/plugins/com.st.stm32cube.ide.mcu.externaltools.gnu-tools-for-stm32.10.3-2021.10.macos64_1.0.0.202111181127/tools/bin/../lib/gcc/arm-none-eabi/10.3.1/../../../../arm-none-eabi/lib/thumb/v7-m/nofp/libc_nano.a(lib_a-reent.o)
                0x0000000008005af4                _reclaim_reent
 .text._sbrk_r  0x0000000008005bac       0x20 /Applications/STM32CubeIDE.app/Contents/Eclipse/plugins/com.st.stm32cube.ide.mcu.externaltools.gnu-tools-for-stm32.10.3-2021.10.macos64_1.0.0.202111181127/tools/bin/../lib/gcc/arm-none-eabi/10.3.1/../../../../arm-none-eabi/lib/thumb/v7-m/nofp/libc_nano.a(lib_a-sbrkr.o)
                0x0000000008005bac                _sbrk_r
 .text._raise_r
                0x0000000008005bcc       0x50 /Applications/STM32CubeIDE.app/Contents/Eclipse/plugins/com.st.stm32cube.ide.mcu.externaltools.gnu-tools-for-stm32.10.3-2021.10.macos64_1.0.0.202111181127/tools/bin/../lib/gcc/arm-none-eabi/10.3.1/../../../../arm-none-eabi/lib/thumb/v7-m/nofp/libc_nano.a(lib_a-signal.o)
                0x0000000008005bcc                _raise_r
 .text.raise    0x0000000008005c1c       0x10 /Applications/STM32CubeIDE.app/Contents/Eclipse/plugins/com.st.stm32cube.ide.mcu.externaltools.gnu-tools-for-stm32.10.3-2021.10.macos64_1.0.0.202111181127/tools/bin/../lib/gcc/arm-none-eabi/10.3.1/../../../../arm-none-eabi/lib/thumb/v7-m/nofp/libc_nano.a(lib_a-signal.o)
                0x0000000008005c1c                raise
 .text._kill_r  0x0000000008005c2c       0x24 /Applications/STM32CubeIDE.app/Contents/Eclipse/plugins/com.st.stm32cube.ide.mcu.externaltools.gnu-tools-for-stm32.10.3-2021.10.macos64_1.0.0.202111181127/tools/bin/../lib/gcc/arm-none-eabi/10.3.1/../../../../arm-none-eabi/lib/thumb/v7-m/nofp/libc_nano.a(lib_a-signalr.o)
                0x0000000008005c2c                _kill_r
 .text._getpid_r
                0x0000000008005c50        0x4 /Applications/STM32CubeIDE.app/Contents/Eclipse/plugins/com.st.stm32cube.ide.mcu.externaltools.gnu-tools-for-stm32.10.3-2021.10.macos64_1.0.0.202111181127/tools/bin/../lib/gcc/arm-none-eabi/10.3.1/../../../../arm-none-eabi/lib/thumb/v7-m/nofp/libc_nano.a(lib_a-signalr.o)
                0x0000000008005c50                _getpid_r
 .text.sprintf  0x0000000008005c54       0x40 /Applications/STM32CubeIDE.app/Contents/Eclipse/plugins/com.st.stm32cube.ide.mcu.externaltools.gnu-tools-for-stm32.10.3-2021.10.macos64_1.0.0.202111181127/tools/bin/../lib/gcc/arm-none-eabi/10.3.1/../../../../arm-none-eabi/lib/thumb/v7-m/nofp/libc_nano.a(lib_a-sprintf.o)
                0x0000000008005c54                sprintf
                0x0000000008005c54                siprintf
 .text.strcpy   0x0000000008005c94       0x10 /Applications/STM32CubeIDE.app/Contents/Eclipse/plugins/com.st.stm32cube.ide.mcu.externaltools.gnu-tools-for-stm32.10.3-2021.10.macos64_1.0.0.202111181127/tools/bin/../lib/gcc/arm-none-eabi/10.3.1/../../../../arm-none-eabi/lib/thumb/v7-m/nofp/libc_nano.a(lib_a-strcpy.o)
                0x0000000008005c94                strcpy
 .text.__malloc_lock
                0x0000000008005ca4        0xc /Applications/STM32CubeIDE.app/Contents/Eclipse/plugins/com.st.stm32cube.ide.mcu.externaltools.gnu-tools-for-stm32.10.3-2021.10.macos64_1.0.0.202111181127/tools/bin/../lib/gcc/arm-none-eabi/10.3.1/../../../../arm-none-eabi/lib/thumb/v7-m/nofp/libc_nano.a(lib_a-mlock.o)
                0x0000000008005ca4                __malloc_lock
 .text.__malloc_unlock
                0x0000000008005cb0        0xc /Applications/STM32CubeIDE.app/Contents/Eclipse/plugins/com.st.stm32cube.ide.mcu.externaltools.gnu-tools-for-stm32.10.3-2021.10.macos64_1.0.0.202111181127/tools/bin/../lib/gcc/arm-none-eabi/10.3.1/../../../../arm-none-eabi/lib/thumb/v7-m/nofp/libc_nano.a(lib_a-mlock.o)
                0x0000000008005cb0                __malloc_unlock
 .text.__ssputs_r
                0x0000000008005cbc       0xb6 /Applications/STM32CubeIDE.app/Contents/Eclipse/plugins/com.st.stm32cube.ide.mcu.externaltools.gnu-tools-for-stm32.10.3-2021.10.macos64_1.0.0.202111181127/tools/bin/../lib/gcc/arm-none-eabi/10.3.1/../../../../arm-none-eabi/lib/thumb/v7-m/nofp/libc_nano.a(lib_a-nano-svfprintf.o)
                0x0000000008005cbc                __ssputs_r
 *fill*         0x0000000008005d72        0x2 
 .text._svfprintf_r
                0x0000000008005d74      0x200 /Applications/STM32CubeIDE.app/Contents/Eclipse/plugins/com.st.stm32cube.ide.mcu.externaltools.gnu-tools-for-stm32.10.3-2021.10.macos64_1.0.0.202111181127/tools/bin/../lib/gcc/arm-none-eabi/10.3.1/../../../../arm-none-eabi/lib/thumb/v7-m/nofp/libc_nano.a(lib_a-nano-svfprintf.o)
                0x0000000008005d74                _svfprintf_r
                0x0000000008005d74                _svfiprintf_r
 .text._printf_common
                0x0000000008005f74       0xde /Applications/STM32CubeIDE.app/Contents/Eclipse/plugins/com.st.stm32cube.ide.mcu.externaltools.gnu-tools-for-stm32.10.3-2021.10.macos64_1.0.0.202111181127/tools/bin/../lib/gcc/arm-none-eabi/10.3.1/../../../../arm-none-eabi/lib/thumb/v7-m/nofp/libc_nano.a(lib_a-nano-vfprintf_i.o)
                0x0000000008005f74                _printf_common
 *fill*         0x0000000008006052        0x2 
 .text._printf_i
                0x0000000008006054      0x24c /Applications/STM32CubeIDE.app/Contents/Eclipse/plugins/com.st.stm32cube.ide.mcu.externaltools.gnu-tools-for-stm32.10.3-2021.10.macos64_1.0.0.202111181127/tools/bin/../lib/gcc/arm-none-eabi/10.3.1/../../../../arm-none-eabi/lib/thumb/v7-m/nofp/libc_nano.a(lib_a-nano-vfprintf_i.o)
                0x0000000008006054                _printf_i
 .text._realloc_r
                0x00000000080062a0       0x5e /Applications/STM32CubeIDE.app/Contents/Eclipse/plugins/com.st.stm32cube.ide.mcu.externaltools.gnu-tools-for-stm32.10.3-2021.10.macos64_1.0.0.202111181127/tools/bin/../lib/gcc/arm-none-eabi/10.3.1/../../../../arm-none-eabi/lib/thumb/v7-m/nofp/libc_nano.a(lib_a-nano-reallocr.o)
                0x00000000080062a0                _realloc_r
 .text._malloc_usable_size_r
                0x00000000080062fe       0x10 /Applications/STM32CubeIDE.app/Contents/Eclipse/plugins/com.st.stm32cube.ide.mcu.externaltools.gnu-tools-for-stm32.10.3-2021.10.macos64_1.0.0.202111181127/tools/bin/../lib/gcc/arm-none-eabi/10.3.1/../../../../arm-none-eabi/lib/thumb/v7-m/nofp/libc_nano.a(lib_a-nano-msizer.o)
                0x00000000080062fe                _malloc_usable_size_r
 *(.glue_7)
 .glue_7        0x000000000800630e        0x0 linker stubs
 *(.glue_7t)
 .glue_7t       0x000000000800630e        0x0 linker stubs
 *(.eh_frame)
 *fill*         0x000000000800630e        0x2 
 .eh_frame      0x0000000008006310        0x0 /Applications/STM32CubeIDE.app/Contents/Eclipse/plugins/com.st.stm32cube.ide.mcu.externaltools.gnu-tools-for-stm32.10.3-2021.10.macos64_1.0.0.202111181127/tools/bin/../lib/gcc/arm-none-eabi/10.3.1/thumb/v7-m/nofp/crtbegin.o
 *(.init)
 .init          0x0000000008006310        0x4 /Applications/STM32CubeIDE.app/Contents/Eclipse/plugins/com.st.stm32cube.ide.mcu.externaltools.gnu-tools-for-stm32.10.3-2021.10.macos64_1.0.0.202111181127/tools/bin/../lib/gcc/arm-none-eabi/10.3.1/thumb/v7-m/nofp/crti.o
                0x0000000008006310                _init
 .init          0x0000000008006314        0x8 /Applications/STM32CubeIDE.app/Contents/Eclipse/plugins/com.st.stm32cube.ide.mcu.externaltools.gnu-tools-for-stm32.10.3-2021.10.macos64_1.0.0.202111181127/tools/bin/../lib/gcc/arm-none-eabi/10.3.1/thumb/v7-m/nofp/crtn.o
 *(.fini)
 .fini          0x000000000800631c        0x4 /Applications/STM32CubeIDE.app/Contents/Eclipse/plugins/com.st.stm32cube.ide.mcu.externaltools.gnu-tools-for-stm32.10.3-2021.10.macos64_1.0.0.202111181127/tools/bin/../lib/gcc/arm-none-eabi/10.3.1/thumb/v7-m/nofp/crti.o
                0x000000000800631c                _fini
 .fini          0x0000000008006320        0x8 /Applications/STM32CubeIDE.app/Contents/Eclipse/plugins/com.st.stm32cube.ide.mcu.externaltools.gnu-tools-for-stm32.10.3-2021.10.macos64_1.0.0.202111181127/tools/bin/../lib/gcc/arm-none-eabi/10.3.1/thumb/v7-m/nofp/crtn.o
                0x0000000008006328                . = ALIGN (0x4)
                0x0000000008006328                _etext = .

.vfp11_veneer   0x0000000008006328        0x0
 .vfp11_veneer  0x0000000008006328        0x0 linker stubs

.v4_bx          0x0000000008006328        0x0
 .v4_bx         0x0000000008006328        0x0 linker stubs

.iplt           0x0000000008006328        0x0
 .iplt          0x0000000008006328        0x0 /Applications/STM32CubeIDE.app/Contents/Eclipse/plugins/com.st.stm32cube.ide.mcu.externaltools.gnu-tools-for-stm32.10.3-2021.10.macos64_1.0.0.202111181127/tools/bin/../lib/gcc/arm-none-eabi/10.3.1/thumb/v7-m/nofp/crtbegin.o

.rodata         0x0000000008006328      0x43c
                0x0000000008006328                . = ALIGN (0x4)
 *(.rodata)
 *(.rodata*)
 .rodata._ZTV9Amplifier
                0x0000000008006328       0x28 ./Core/Src/Amplifier.o
                0x0000000008006328                vtable for Amplifier
 .rodata._ZNSt7__cxx1112basic_stringIcSt11char_traitsIcESaIcEEC2EPKcRKS3_.isra.0.str1.1
                0x0000000008006350       0x2a ./Core/Src/Audio.o
 .rodata._ZN5Audio7preTickEv.str1.1
                0x000000000800637a       0x3f ./Core/Src/Audio.o
 *fill*         0x00000000080063b9        0x3 
 .rodata._ZTV5Audio
                0x00000000080063bc       0x24 ./Core/Src/Audio.o
                0x00000000080063bc                vtable for Audio
 .rodata._ZTV6DAC_IC
                0x00000000080063e0       0x44 ./Core/Src/DAC.o
                0x00000000080063e0                vtable for DAC_IC
 .rodata._ZN11DAC_PCM16814nameB5cxx11Ev.str1.1
                0x0000000008006424        0x8 ./Core/Src/DACPCM1681.o
 .rodata._ZTV11DAC_PCM1681
                0x000000000800642c       0x44 ./Core/Src/DACPCM1681.o
                0x000000000800642c                vtable for DAC_PCM1681
 .rodata._ZTV13DecoderEvents