20:18:08 **** Incremental Build of configuration Debug for project Amplifier ****
make -j7 all 
arm-none-eabi-g++ "../Core/Src/main.c" -mcpu=cortex-m3 -std=gnu11 -g3 -DDEBUG -DUSE_HAL_DRIVER -DSTM32F103xE -c -I../Core/Inc -I../Drivers/STM32F1xx_HAL_Driver/Inc/Legacy -I../Drivers/STM32F1xx_HAL_Driver/Inc -I../Drivers/CMSIS/Device/ST/STM32F1xx/Include -I../Drivers/CMSIS/Include -O0 -ffunction-sections -fdata-sections -Wall -fstack-usage -MMD -MP -MF"Core/Src/main.d" -MT"Core/Src/main.o" --specs=nano.specs -mfloat-abi=soft -mthumb -o "Core/Src/main.o"
cc1plus: warning: command-line option '-std=gnu11' is valid for C/ObjC but not for C++
arm-none-eabi-g++ -o "Amplifier.elf" @"objects.list"   -mcpu=cortex-m3 -T"/Users/duane/Code/Github/Hifi-Amplifier/Code/Amplifier/STM32F103VDTX_FLASH.ld" --specs=nosys.specs -Wl,-Map="Amplifier.map" -Wl,--gc-sections -static --specs=nano.specs -mfloat-abi=soft -mthumb -Wl,--start-group -lc -lm -lstdc++ -lsupc++ -Wl,--end-group
Finished building target: Amplifier.elf
 
arm-none-eabi-size   Amplifier.elf 
arm-none-eabi-objdump -h -S  Amplifier.elf  > "Amplifier.list"
   text	   data	    bss	    dec	    hex	filename
  15964	    128	   1984	  18076	   469c	Amplifier.elf
Finished building: default.size.stdout
 
Finished building: Amplifier.list
 

20:18:09 Build Finished. 0 errors, 0 warnings. (took 473ms)

