22:28:02 **** Incremental Build of configuration Debug for project Amplifier ****
make -j7 all 
arm-none-eabi-g++ "../Core/Src/I2C.cpp" -mcpu=cortex-m3 -std=gnu++14 -g3 -DDEBUG -DUSE_HAL_DRIVER -DSTM32F103xE -c -I../Core/Inc -I../Drivers/STM32F1xx_HAL_Driver/Inc/Legacy -I../Drivers/STM32F1xx_HAL_Driver/Inc -I../Drivers/CMSIS/Device/ST/STM32F1xx/Include -I../Drivers/CMSIS/Include -I../USB_DEVICE/App -I../USB_DEVICE/Target -I../Middlewares/ST/STM32_USB_Device_Library/Core/Inc -I../Middlewares/ST/STM32_USB_Device_Library/Class/CDC/Inc -I../Middlewares/Third_Party/FreeRTOS/Source/include -I../Middlewares/Third_Party/FreeRTOS/Source/CMSIS_RTOS_V2 -I../Middlewares/Third_Party/FreeRTOS/Source/portable/GCC/ARM_CM3 -O0 -ffunction-sections -fdata-sections -fno-exceptions -fno-rtti -fno-use-cxa-atexit -Wall -fstack-usage -MMD -MP -MF"Core/Src/I2C.d" -MT"Core/Src/I2C.o" --specs=nano.specs -mfloat-abi=soft -mthumb -o "Core/Src/I2C.o"
arm-none-eabi-g++ -o "Amplifier.elf" @"objects.list"   -mcpu=cortex-m3 -T"/Users/duane/Code/Github/Hifi-Amplifier/Code/Amplifier/STM32F103VDTX_FLASH.ld" --specs=nosys.specs -Wl,-Map="Amplifier.map" -Wl,--gc-sections -static --specs=nano.specs -mfloat-abi=soft -mthumb -Wl,--start-group -lc -lm -lstdc++ -lsupc++ -Wl,--end-group
Finished building target: Amplifier.elf
 
arm-none-eabi-size   Amplifier.elf 
arm-none-eabi-objdump -h -S  Amplifier.elf  > "Amplifier.list"
   text	   data	    bss	    dec	    hex	filename
  25528	    132	   8576	  34236	   85bc	Amplifier.elf
Finished building: default.size.stdout
 
Finished building: Amplifier.list
 
