../Core/Src/DAC.h:36:15:virtual bool DAC_IC::isEnabled()	0	static
../Core/Src/DAC.h:37:15:virtual void DAC_IC::enable(bool)	0	static
../Core/Src/DAC.h:38:15:virtual bool DAC_IC::supportsFormat(uint8_t)	0	static
../Core/Src/DAC.h:39:15:virtual bool DAC_IC::supportsVolume()	0	static
../Core/Src/DAC.h:40:15:virtual bool DAC_IC::supportsMute()	0	static
../Core/Src/DAC.h:41:14:virtual int DAC_IC::channels()	0	static
../Core/Src/DAC.h:44:15:virtual void DAC_IC::setChannelVolume(int, int)	0	static
../Core/Src/DAC.h:47:15:virtual void DAC_IC::setVolume(int)	0	static
../Core/Src/DAC.h:49:15:virtual void DAC_IC::muteChannel(int, bool)	0	static
../Core/Src/DAC.h:50:15:virtual void DAC_IC::mute(bool)	0	static
../Core/Src/DAC.h:52:15:virtual void DAC_IC::setFormat(uint8_t)	0	static
../Core/Src/DAC.cpp:10:1:DAC_IC::DAC_IC()	0	static
../Core/Src/DAC.cpp:15:1:DAC_IC::~DAC_IC()	0	static
../Core/Src/DAC.cpp:15:1:virtual DAC_IC::~DAC_IC()	8	static
