../Core/Src/DACPCM1681.h:28:15:virtual bool DAC_PCM1681::isEnabled()	0	static
../Core/Src/DACPCM1681.h:32:15:virtual bool DAC_PCM1681::supportsVolume()	0	static
../Core/Src/DACPCM1681.h:33:15:virtual bool DAC_PCM1681::supportsMute()	0	static
../Core/Src/DACPCM1681.h:34:14:virtual int DAC_PCM1681::channels()	0	static
../Core/Src/DACPCM1681.cpp:29:1:virtual void DAC_PCM1681::enable(bool)	16	static
../Core/Src/DACPCM1681.cpp:40:1:virtual bool DAC_PCM1681::supportsFormat(uint8_t)	0	static
../Core/Src/DACPCM1681.cpp:67:1:virtual void DAC_PCM1681::init()	0	static
../Core/Src/DACPCM1681.cpp:80:1:virtual void DAC_PCM1681::setChannelVolume(int, int)	0	static
../Core/Src/DACPCM1681.cpp:113:1:virtual void DAC_PCM1681::setVolume(int)	16	static
../Core/Src/DACPCM1681.cpp:123:1:virtual void DAC_PCM1681::muteChannel(int, bool)	0	static
../Core/Src/DACPCM1681.cpp:137:1:virtual void DAC_PCM1681::mute(bool)	0	static
../Core/Src/DACPCM1681.h:36:22:virtual std::string DAC_PCM1681::name()	16	static
../Core/Src/DACPCM1681.cpp:24:1:DAC_PCM1681::~DAC_PCM1681()	8	static
../Core/Src/DACPCM1681.cpp:24:1:virtual DAC_PCM1681::~DAC_PCM1681()	8	static
../Core/Src/DACPCM1681.cpp:45:1:virtual void DAC_PCM1681::setFormat(uint8_t)	8	static
../Core/Src/DACPCM1681.cpp:19:1:DAC_PCM1681::DAC_PCM1681(I2C_Device*)	16	static
