../Core/Src/DACPCM1681.h:28:15:virtual bool DAC_PCM1681::isEnabled()	0	static
../Core/Src/DACPCM1681.h:32:15:virtual bool DAC_PCM1681::supportsVolume()	0	static
../Core/Src/DACPCM1681.h:33:15:virtual bool DAC_PCM1681::supportsMute()	0	static
../Core/Src/DACPCM1681.h:34:14:virtual int DAC_PCM1681::channels()	0	static
../Core/Src/DACPCM1681.cpp:26:1:virtual void DAC_PCM1681::enable(bool)	16	static
../Core/Src/DACPCM1681.cpp:37:1:virtual bool DAC_PCM1681::supportsFormat(uint8_t)	0	static
../Core/Src/DACPCM1681.cpp:42:1:virtual void DAC_PCM1681::setFormat(uint8_t)	0	static
../Core/Src/DACPCM1681.cpp:54:1:virtual void DAC_PCM1681::init()	0	static
../Core/Src/DACPCM1681.cpp:62:1:virtual void DAC_PCM1681::setChannelVolume(int, int)	0	static
../Core/Src/DACPCM1681.cpp:95:1:virtual void DAC_PCM1681::setVolume(int)	0	static
../Core/Src/DACPCM1681.cpp:100:1:virtual void DAC_PCM1681::muteChannel(int, bool)	0	static
../Core/Src/DACPCM1681.cpp:114:1:virtual void DAC_PCM1681::mute(bool)	0	static
../Core/Src/DACPCM1681.h:36:22:virtual std::string DAC_PCM1681::name()	16	static
../Core/Src/DACPCM1681.cpp:21:1:DAC_PCM1681::~DAC_PCM1681()	8	static
../Core/Src/DACPCM1681.cpp:21:1:virtual DAC_PCM1681::~DAC_PCM1681()	8	static
../Core/Src/DACPCM1681.cpp:16:1:DAC_PCM1681::DAC_PCM1681(I2C_Device*)	16	static
