../Core/Src/stm32f1xx_hal_msp.c:63:6:HAL_MspInit	16	static
../Core/Src/stm32f1xx_hal_msp.c:91:6:HAL_I2C_MspInit	32	static
../Core/Src/stm32f1xx_hal_msp.c:125:6:HAL_I2C_MspDeInit	8	static
../Core/Src/stm32f1xx_hal_msp.c:156:6:HAL_SPI_MspInit	40	static
../Core/Src/stm32f1xx_hal_msp.c:224:6:HAL_SPI_MspDeInit	0	static
../Core/Src/stm32f1xx_hal_msp.c:273:6:HAL_TIM_Encoder_MspInit	40	static
../Core/Src/stm32f1xx_hal_msp.c:333:6:HAL_TIM_Encoder_MspDeInit	0	static
../Core/Src/stm32f1xx_hal_msp.c:380:6:HAL_UART_MspInit	32	static
../Core/Src/stm32f1xx_hal_msp.c:421:6:HAL_UART_MspDeInit	0	static
