Archive member included to satisfy reference by file (symbol)

/Applications/STM32CubeIDE.app/Contents/Eclipse/plugins/com.st.stm32cube.ide.mcu.externaltools.gnu-tools-for-stm32.10.3-2021.10.macos64_1.0.0.202111181127/tools/bin/../lib/gcc/arm-none-eabi/10.3.1/../../../../arm-none-eabi/lib/thumb/v7-m/nofp/libstdc++_nano.a(atexit_arm.o)
                              ./Core/Src/main.o (__aeabi_atexit)
/Applications/STM32CubeIDE.app/Contents/Eclipse/plugins/com.st.stm32cube.ide.mcu.externaltools.gnu-tools-for-stm32.10.3-2021.10.macos64_1.0.0.202111181127/tools/bin/../lib/gcc/arm-none-eabi/10.3.1/../../../../arm-none-eabi/lib/thumb/v7-m/nofp/libstdc++_nano.a(del_ops.o)
                              ./Core/Src/Amplifier.o (operator delete(void*, unsigned int))
/Applications/STM32CubeIDE.app/Contents/Eclipse/plugins/com.st.stm32cube.ide.mcu.externaltools.gnu-tools-for-stm32.10.3-2021.10.macos64_1.0.0.202111181127/tools/bin/../lib/gcc/arm-none-eabi/10.3.1/../../../../arm-none-eabi/lib/thumb/v7-m/nofp/libstdc++_nano.a(new_op.o)
                              ./Core/Src/Amplifier.o (operator new(unsigned int))
/Applications/STM32CubeIDE.app/Contents/Eclipse/plugins/com.st.stm32cube.ide.mcu.externaltools.gnu-tools-for-stm32.10.3-2021.10.macos64_1.0.0.202111181127/tools/bin/../lib/gcc/arm-none-eabi/10.3.1/../../../../arm-none-eabi/lib/thumb/v7-m/nofp/libstdc++_nano.a(pure.o)
                              ./Core/Src/DAC.o (__cxa_pure_virtual)
/Applications/STM32CubeIDE.app/Contents/Eclipse/plugins/com.st.stm32cube.ide.mcu.externaltools.gnu-tools-for-stm32.10.3-2021.10.macos64_1.0.0.202111181127/tools/bin/../lib/gcc/arm-none-eabi/10.3.1/../../../../arm-none-eabi/lib/thumb/v7-m/nofp/libstdc++_nano.a(allocator-inst.o)
                              ./Core/Src/DACPCM1681.o (std::allocator<char>::allocator())
/Applications/STM32CubeIDE.app/Contents/Eclipse/plugins/com.st.stm32cube.ide.mcu.externaltools.gnu-tools-for-stm32.10.3-2021.10.macos64_1.0.0.202111181127/tools/bin/../lib/gcc/arm-none-eabi/10.3.1/../../../../arm-none-eabi/lib/thumb/v7-m/nofp/libstdc++_nano.a(string-inst.o)
                              ./Core/Src/DACPCM1681.o (std::__cxx11::basic_string<char, std::char_traits<char>, std::allocator<char> >::basic_string(char const*, std::allocator<char> const&))
/Applications/STM32CubeIDE.app/Contents/Eclipse/plugins/com.st.stm32cube.ide.mcu.externaltools.gnu-tools-for-stm32.10.3-2021.10.macos64_1.0.0.202111181127/tools/bin/../lib/gcc/arm-none-eabi/10.3.1/../../../../arm-none-eabi/lib/thumb/v7-m/nofp/libstdc++_nano.a(del_op.o)
                              /Applications/STM32CubeIDE.app/Contents/Eclipse/plugins/com.st.stm32cube.ide.mcu.externaltools.gnu-tools-for-stm32.10.3-2021.10.macos64_1.0.0.202111181127/tools/bin/../lib/gcc/arm-none-eabi/10.3.1/../../../../arm-none-eabi/lib/thumb/v7-m/nofp/libstdc++_nano.a(del_ops.o) (operator delete(void*))
/Applications/STM32CubeIDE.app/Contents/Eclipse/plugins/com.st.stm32cube.ide.mcu.externaltools.gnu-tools-for-stm32.10.3-2021.10.macos64_1.0.0.202111181127/tools/bin/../lib/gcc/arm-none-eabi/10.3.1/../../../../arm-none-eabi/lib/thumb/v7-m/nofp/libstdc++_nano.a(eh_terminate.o)
                              /Applications/STM32CubeIDE.app/Contents/Eclipse/plugins/com.st.stm32cube.ide.mcu.externaltools.gnu-tools-for-stm32.10.3-2021.10.macos64_1.0.0.202111181127/tools/bin/../lib/gcc/arm-none-eabi/10.3.1/../../../../arm-none-eabi/lib/thumb/v7-m/nofp/libstdc++_nano.a(pure.o) (std::terminate())
/Applications/STM32CubeIDE.app/Contents/Eclipse/plugins/com.st.stm32cube.ide.mcu.externaltools.gnu-tools-for-stm32.10.3-2021.10.macos64_1.0.0.202111181127/tools/bin/../lib/gcc/arm-none-eabi/10.3.1/../../../../arm-none-eabi/lib/thumb/v7-m/nofp/libstdc++_nano.a(eh_unex_handler.o)
                              /Applications/STM32CubeIDE.app/Contents/Eclipse/plugins/com.st.stm32cube.ide.mcu.externaltools.gnu-tools-for-stm32.10.3-2021.10.macos64_1.0.0.202111181127/tools/bin/../lib/gcc/arm-none-eabi/10.3.1/../../../../arm-none-eabi/lib/thumb/v7-m/nofp/libstdc++_nano.a(eh_terminate.o) (__cxxabiv1::__unexpected_handler)
/Applications/STM32CubeIDE.app/Contents/Eclipse/plugins/com.st.stm32cube.ide.mcu.externaltools.gnu-tools-for-stm32.10.3-2021.10.macos64_1.0.0.202111181127/tools/bin/../lib/gcc/arm-none-eabi/10.3.1/../../../../arm-none-eabi/lib/thumb/v7-m/nofp/libstdc++_nano.a(new_handler.o)
                              /Applications/STM32CubeIDE.app/Contents/Eclipse/plugins/com.st.stm32cube.ide.mcu.externaltools.gnu-tools-for-stm32.10.3-2021.10.macos64_1.0.0.202111181127/tools/bin/../lib/gcc/arm-none-eabi/10.3.1/../../../../arm-none-eabi/lib/thumb/v7-m/nofp/libstdc++_nano.a(new_op.o) (std::get_new_handler())
/Applications/STM32CubeIDE.app/Contents/Eclipse/plugins/com.st.stm32cube.ide.mcu.externaltools.gnu-tools-for-stm32.10.3-2021.10.macos64_1.0.0.202111181127/tools/bin/../lib/gcc/arm-none-eabi/10.3.1/../../../../arm-none-eabi/lib/thumb/v7-m/nofp/libstdc++_nano.a(functexcept.o)
[...]
Memory Configuration

Name             Origin             Length             Attributes
RAM              0x0000000020000000 0x0000000000010000 xrw
FLASH            0x0000000008000000 0x0000000000060000 xr
*default*        0x0000000000000000 0xffffffffffffffff

Linker script and memory map

LOAD /Applications/STM32CubeIDE.app/Contents/Eclipse/plugins/com.st.stm32cube.ide.mcu.externaltools.gnu-tools-for-stm32.10.3-2021.10.macos64_1.0.0.202111181127/tools/bin/../lib/gcc/arm-none-eabi/10.3.1/thumb/v7-m/nofp/crti.o
LOAD /Applications/STM32CubeIDE.app/Contents/Eclipse/plugins/com.st.stm32cube.ide.mcu.externaltools.gnu-tools-for-stm32.10.3-2021.10.macos64_1.0.0.202111181127/tools/bin/../lib/gcc/arm-none-eabi/10.3.1/thumb/v7-m/nofp/crtbegin.o
LOAD /Applications/STM32CubeIDE.app/Contents/Eclipse/plugins/com.st.stm32cube.ide.mcu.externaltools.gnu-tools-for-stm32.10.3-2021.10.macos64_1.0.0.202111181127/tools/bin/../lib/gcc/arm-none-eabi/10.3.1/../../../../arm-none-eabi/lib/thumb/v7-m/nofp/crt0.o
LOAD ./Core/Src/Amplifier.o
LOAD ./Core/Src/AudioCore.o
LOAD ./Core/Src/DAC.o
LOAD ./Core/Src/DACPCM1681.o
LOAD ./Core/Src/Display.o
LOAD ./Core/Src/DolbyDecoder.o
LOAD ./Core/Src/DolbyDecoderSTA310.o
LOAD ./Core/Src/I2C.o
LOAD ./Core/Src/I2CDevice.o
LOAD ./Core/Src/LED.o
LOAD ./Core/Src/UI.o
LOAD ./Core/Src/freertos.o
LOAD ./Core/Src/main.o
LOAD ./Core/Src/stm32f1xx_hal_msp.o
LOAD ./Core/Src/stm32f1xx_it.o
LOAD ./Core/Src/syscalls.o
LOAD ./Core/Src/sysmem.o
LOAD ./Core/Src/system_stm32f1xx.o
LOAD ./Core/Startup/startup_stm32f103vdtx.o
LOAD ./Drivers/STM32F1xx_HAL_Driver/Src/stm32f1xx_hal.o
LOAD ./Drivers/STM32F1xx_HAL_Driver/Src/stm32f1xx_hal_cortex.o
LOAD ./Drivers/STM32F1xx_HAL_Driver/Src/stm32f1xx_hal_dma.o
LOAD ./Drivers/STM32F1xx_HAL_Driver/Src/stm32f1xx_hal_exti.o
LOAD ./Drivers/STM32F1xx_HAL_Driver/Src/stm32f1xx_hal_flash.o
LOAD ./Drivers/STM32F1xx_HAL_Driver/Src/stm32f1xx_hal_flash_ex.o
LOAD ./Drivers/STM32F1xx_HAL_Driver/Src/stm32f1xx_hal_gpio.o
LOAD ./Drivers/STM32F1xx_HAL_Driver/Src/stm32f1xx_hal_gpio_ex.o
LOAD ./Drivers/STM32F1xx_HAL_Driver/Src/stm32f1xx_hal_i2c.o
LOAD ./Drivers/STM32F1xx_HAL_Driver/Src/stm32f1xx_hal_pwr.o
LOAD ./Drivers/STM32F1xx_HAL_Driver/Src/stm32f1xx_hal_rcc.o
LOAD ./Drivers/STM32F1xx_HAL_Driver/Src/stm32f1xx_hal_rcc_ex.o
LOAD ./Drivers/STM32F1xx_HAL_Driver/Src/stm32f1xx_hal_spi.o
LOAD ./Drivers/STM32F1xx_HAL_Driver/Src/stm32f1xx_hal_tim.o
LOAD ./Drivers/STM32F1xx_HAL_Driver/Src/stm32f1xx_hal_tim_ex.o
LOAD ./Drivers/STM32F1xx_HAL_Driver/Src/stm32f1xx_hal_uart.o
LOAD ./Middlewares/Third_Party/FreeRTOS/Source/CMSIS_RTOS_V2/cmsis_os2.o
LOAD ./Middlewares/Third_Party/FreeRTOS/Source/croutine.o
LOAD ./Middlewares/Third_Party/FreeRTOS/Source/event_groups.o
LOAD ./Middlewares/Third_Party/FreeRTOS/Source/list.o
LOAD ./Middlewares/Third_Party/FreeRTOS/Source/queue.o
LOAD ./Middlewares/Third_Party/FreeRTOS/Source/stream_buffer.o
LOAD ./Middlewares/Third_Party/FreeRTOS/Source/tasks.o
LOAD ./Middlewares/Third_Party/FreeRTOS/Source/timers.o
LOAD ./Middlewares/Third_Party/FreeRTOS/Source/portable/GCC/ARM_CM3/port.o
LOAD ./Middlewares/Third_Party/FreeRTOS/Source/portable/MemMang/heap_4.o
START GROUP
LOAD /Applications/STM32CubeIDE.app/Contents/Eclipse/plugins/com.st.stm32cube.ide.mcu.externaltools.gnu-tools-for-stm32.10.3-2021.10.macos64_1.0.0.202111181127/tools/bin/../lib/gcc/arm-none-eabi/10.3.1/../../../../arm-none-eabi/lib/thumb/v7-m/nofp/libstdc++_nano.a
LOAD /Applications/STM32CubeIDE.app/Contents/Eclipse/plugins/com.st.stm32cube.ide.mcu.externaltools.gnu-tools-for-stm32.10.3-2021.10.macos64_1.0.0.202111181127/tools/bin/../lib/gcc/arm-none-eabi/10.3.1/../../../../arm-none-eabi/lib/thumb/v7-m/nofp/libsupc++_nano.a
END GROUP
LOAD /Applications/STM32CubeIDE.app/Contents/Eclipse/plugins/com.st.stm32cube.ide.mcu.externaltools.gnu-tools-for-stm32.10.3-2021.10.macos64_1.0.0.202111181127/tools/bin/../lib/gcc/arm-none-eabi/10.3.1/../../../../arm-none-eabi/lib/thumb/v7-m/nofp/libstdc++_nano.a
LOAD /Applications/STM32CubeIDE.app/Contents/Eclipse/plugins/com.st.stm32cube.ide.mcu.externaltools.gnu-tools-for-stm32.10.3-2021.10.macos64_1.0.0.202111181127/tools/bin/../lib/gcc/arm-none-eabi/10.3.1/../../../../arm-none-eabi/lib/thumb/v7-m/nofp/libm.a
LOAD /Applications/STM32CubeIDE.app/Contents/Eclipse/plugins/com.st.stm32cube.ide.mcu.externaltools.gnu-tools-for-stm32.10.3-2021.10.macos64_1.0.0.202111181127/tools/bin/../lib/gcc/arm-none-eabi/10.3.1/../../../../arm-none-eabi/lib/thumb/v7-m/nofp/libc_nano.a
START GROUP
LOAD /Applications/STM32CubeIDE.app/Contents/Eclipse/plugins/com.st.stm32cube.ide.mcu.externaltools.gnu-tools-for-stm32.10.3-2021.10.macos64_1.0.0.202111181127/tools/bin/../lib/gcc/arm-none-eabi/10.3.1/thumb/v7-m/nofp/libgcc.a
LOAD /Applications/STM32CubeIDE.app/Contents/Eclipse/plugins/com.st.stm32cube.ide.mcu.externaltools.gnu-tools-for-stm32.10.3-2021.10.macos64_1.0.0.202111181127/tools/bin/../lib/gcc/arm-none-eabi/10.3.1/../../../../arm-none-eabi/lib/thumb/v7-m/nofp/libc_nano.a
END GROUP
START GROUP
LOAD /Applications/STM32CubeIDE.app/Contents/Eclipse/plugins/com.st.stm32cube.ide.mcu.externaltools.gnu-tools-for-stm32.10.3-2021.10.macos64_1.0.0.202111181127/tools/bin/../lib/gcc/arm-none-eabi/10.3.1/thumb/v7-m/nofp/libgcc.a
LOAD /Applications/STM32CubeIDE.app/Contents/Eclipse/plugins/com.st.stm32cube.ide.mcu.externaltools.gnu-tools-for-stm32.10.3-2021.10.macos64_1.0.0.202111181127/tools/bin/../lib/gcc/arm-none-eabi/10.3.1/../../../../arm-none-eabi/lib/thumb/v7-m/nofp/libc_nano.a
LOAD /Applications/STM32CubeIDE.app/Contents/Eclipse/plugins/com.st.stm32cube.ide.mcu.externaltools.gnu-tools-for-stm32.10.3-2021.10.macos64_1.0.0.202111181127/tools/bin/../lib/gcc/arm-none-eabi/10.3.1/../../../../arm-none-eabi/lib/thumb/v7-m/nofp/libnosys.a
END GROUP
START GROUP
LOAD /Applications/STM32CubeIDE.app/Contents/Eclipse/plugins/com.st.stm32cube.ide.mcu.externaltools.gnu-tools-for-stm32.10.3-2021.10.macos64_1.0.0.202111181127/tools/bin/../lib/gcc/arm-none-eabi/10.3.1/thumb/v7-m/nofp/libgcc.a
LOAD /Applications/STM32CubeIDE.app/Contents/Eclipse/plugins/com.st.stm32cube.ide.mcu.externaltools.gnu-tools-for-stm32.10.3-2021.10.macos64_1.0.0.202111181127/tools/bin/../lib/gcc/arm-none-eabi/10.3.1/../../../../arm-none-eabi/lib/thumb/v7-m/nofp/libc_nano.a
LOAD /Applications/STM32CubeIDE.app/Contents/Eclipse/plugins/com.st.stm32cube.ide.mcu.externaltools.gnu-tools-for-stm32.10.3-2021.10.macos64_1.0.0.202111181127/tools/bin/../lib/gcc/arm-none-eabi/10.3.1/../../../../arm-none-eabi/lib/thumb/v7-m/nofp/libnosys.a
END GROUP
LOAD /Applications/STM32CubeIDE.app/Contents/Eclipse/plugins/com.st.stm32cube.ide.mcu.externaltools.gnu-tools-for-stm32.10.3-2021.10.macos64_1.0.0.202111181127/tools/bin/../lib/gcc/arm-none-eabi/10.3.1/thumb/v7-m/nofp/crtend.o
LOAD /Applications/STM32CubeIDE.app/Contents/Eclipse/plugins/com.st.stm32cube.ide.mcu.externaltools.gnu-tools-for-stm32.10.3-2021.10.macos64_1.0.0.202111181127/tools/bin/../lib/gcc/arm-none-eabi/10.3.1/thumb/v7-m/nofp/crtn.o
                0x0000000020010000                _estack = (ORIGIN (RAM) + LENGTH (RAM))
                0x0000000000000200                _Min_Heap_Size = 0x200
                0x0000000000000400                _Min_Stack_Size = 0x400

.isr_vector     0x0000000008000000      0x1e4
                0x0000000008000000                . = ALIGN (0x4)
 *(.isr_vector)
 .isr_vector    0x0000000008000000      0x1e4 ./Core/Startup/startup_stm32f103vdtx.o
                0x0000000008000000                g_pfnVectors
                0x00000000080001e4                . = ALIGN (0x4)

.text           0x00000000080001f0     0x8d34
                0x00000000080001f0                . = ALIGN (0x4)
 *(.text)
 .text          0x00000000080001f0       0x40 /Applications/STM32CubeIDE.app/Contents/Eclipse/plugins/com.st.stm32cube.ide.mcu.externaltools.gnu-tools-for-stm32.10.3-2021.10.macos64_1.0.0.202111181127/tools/bin/../lib/gcc/arm-none-eabi/10.3.1/thumb/v7-m/nofp/crtbegin.o
 .text          0x0000000008000230       0x10 /Applications/STM32CubeIDE.app/Contents/Eclipse/plugins/com.st.stm32cube.ide.mcu.externaltools.gnu-tools-for-stm32.10.3-2021.10.macos64_1.0.0.202111181127/tools/bin/../lib/gcc/arm-none-eabi/10.3.1/../../../../arm-none-eabi/lib/thumb/v7-m/nofp/libc_nano.a(lib_a-strlen.o)
                0x0000000008000230                strlen
 .text          0x0000000008000240      0x9e4 /Applications/STM32CubeIDE.app/Contents/Eclipse/plugins/com.st.stm32cube.ide.mcu.externaltools.gnu-tools-for-stm32.10.3-2021.10.macos64_1.0.0.202111181127/tools/bin/../lib/gcc/arm-none-eabi/10.3.1/thumb/v7-m/nofp/libgcc.a(unwind-arm.o)
                0x0000000008000500                _Unwind_GetCFA
                0x0000000008000504                __gnu_Unwind_RaiseException
                0x000000000800056c                __gnu_Unwind_ForcedUnwind
                0x0000000008000580                __gnu_Unwind_Resume
                0x00000000080005c4                __gnu_Unwind_Resume_or_Rethrow
                0x00000000080005d8                _Unwind_Complete
                0x00000000080005dc                _Unwind_DeleteException
                0x00000000080005e8                _Unwind_VRS_Get
                0x0000000008000634                _Unwind_VRS_Set
                0x000000000800067c                __gnu_Unwind_Backtrace
                0x00000000080009a4                __aeabi_unwind_cpp_pr0
                0x00000000080009a8                __aeabi_unwind_cpp_pr1
                0x00000000080009ac                __aeabi_unwind_cpp_pr2
                0x00000000080009b0                _Unwind_VRS_Pop
 .text          0x0000000008000c24      0x1ac /Applications/STM32CubeIDE.app/Contents/Eclipse/plugins/com.st.stm32cube.ide.mcu.externaltools.gnu-tools-for-stm32.10.3-2021.10.macos64_1.0.0.202111181127/tools/bin/../lib/gcc/arm-none-eabi/10.3.1/thumb/v7-m/nofp/libgcc.a(libunwind.o)
                0x0000000008000c24                __restore_core_regs
                0x0000000008000c24                restore_core_regs
                0x0000000008000c3c                __gnu_Unwind_Restore_VFP
                0x0000000008000c44                __gnu_Unwind_Save_VFP
                0x0000000008000c4c                __gnu_Unwind_Restore_VFP_D
                0x0000000008000c54                __gnu_Unwind_Save_VFP_D
                0x0000000008000c5c                __gnu_Unwind_Restore_VFP_D_16_to_31
                0x0000000008000c64                __gnu_Unwind_Save_VFP_D_16_to_31
                0x0000000008000c6c                __gnu_Unwind_Restore_WMMXD
                0x0000000008000cb0                __gnu_Unwind_Save_WMMXD
                0x0000000008000cf4                __gnu_Unwind_Restore_WMMXC
                0x0000000008000d08                __gnu_Unwind_Save_WMMXC
                0x0000000008000d1c                _Unwind_RaiseException
                0x0000000008000d1c                ___Unwind_RaiseException
                0x0000000008000d40                ___Unwind_Resume
                0x0000000008000d40                _Unwind_Resume
                0x0000000008000d64                ___Unwind_Resume_or_Rethrow
                0x0000000008000d64                _Unwind_Resume_or_Rethrow
                0x0000000008000d88                _Unwind_ForcedUnwind
                0x0000000008000d88                ___Unwind_ForcedUnwind
                0x0000000008000dac                _Unwind_Backtrace
                0x0000000008000dac                ___Unwind_Backtrace
 .text          0x0000000008000dd0      0x38c /Applications/STM32CubeIDE.app/Contents/Eclipse/plugins/com.st.stm32cube.ide.mcu.externaltools.gnu-tools-for-stm32.10.3-2021.10.macos64_1.0.0.202111181127/tools/bin/../lib/gcc/arm-none-eabi/10.3.1/thumb/v7-m/nofp/libgcc.a(pr-support.o)
                0x0000000008000e28                __gnu_unwind_execute
                0x000000000800110c                __gnu_unwind_frame
                0x000000000800113c                _Unwind_GetRegionStart
                0x0000000008001148                _Unwind_GetLanguageSpecificData
 *(.text*)
 .text._ZN3LED6setPinEt
                0x000000000800115c       0x1c ./Core/Src/Amplifier.o
                0x000000000800115c                LED::setPin(unsigned short)
 .text._ZN3LED7setPortEP12GPIO_TypeDef
                0x0000000008001178       0x1a ./Core/Src/Amplifier.o
                0x0000000008001178                LED::setPort(GPIO_TypeDef*)
 .text._ZN3LED13setPortAndPinEP12GPIO_TypeDeft
                0x0000000008001192       0x28 ./Core/Src/Amplifier.o
                0x0000000008001192                LED::setPortAndPin(GPIO_TypeDef*, unsigned short)
 *fill*         0x00000000080011ba        0x2 
 .text._ZN3I2CC2Ev
                0x00000000080011bc       0x2c ./Core/Src/Amplifier.o
                0x00000000080011bc                I2C::I2C()
                0x00000000080011bc                I2C::I2C()
 .text._ZN3I2C10setBusDataE17I2C_HandleTypeDef
                0x00000000080011e8       0x30 ./Core/Src/Amplifier.o
                0x00000000080011e8                I2C::setBusData(I2C_HandleTypeDef)
 .text._ZN9AmplifierC2Ev
                0x0000000008001218       0x60 ./Core/Src/Amplifier.o
                0x0000000008001218                Amplifier::Amplifier()
                0x0000000008001218                Amplifier::Amplifier()
 .text._ZN9AmplifierD2Ev
                0x0000000008001278       0x50 ./Core/Src/Amplifier.o
                0x0000000008001278                Amplifier::~Amplifier()
                0x0000000008001278                Amplifier::~Amplifier()
 .text._ZN9AmplifierD0Ev
                0x00000000080012c8       0x20 ./Core/Src/Amplifier.o
                0x00000000080012c8                Amplifier::~Amplifier()
 .text._ZN9Amplifier10initializeE17I2C_HandleTypeDef
                0x00000000080012e8       0xa0 ./Core/Src/Amplifier.o
                0x00000000080012e8                Amplifier::initialize(I2C_HandleTypeDef)
 .text._ZN9Amplifier3runEv
                0x0000000008001388       0x58 ./Core/Src/Amplifier.o
                0x0000000008001388                Amplifier::run()
 .text._ZN6DAC_IC9isEnabledEv
                0x00000000080013e0       0x14 ./Core/Src/DAC.o
                0x00000000080013e0                DAC_IC::isEnabled()
 .text._ZN6DAC_IC6enableEb
                0x00000000080013f4       0x16 ./Core/Src/DAC.o
                0x00000000080013f4                DAC_IC::enable(bool)
 .text._ZN6DAC_IC14supportsFormatEh
                0x000000000800140a       0x18 ./Core/Src/DAC.o
                0x000000000800140a                DAC_IC::supportsFormat(unsigned char)
 .text._ZN6DAC_IC14supportsVolumeEv
                0x0000000008001422       0x14 ./Core/Src/DAC.o
                0x0000000008001422                DAC_IC::supportsVolume()
 .text._ZN6DAC_IC12supportsMuteEv
                0x0000000008001436       0x14 ./Core/Src/DAC.o
                0x0000000008001436                DAC_IC::supportsMute()
 .text._ZN6DAC_IC8channelsEv
                0x000000000800144a       0x14 ./Core/Src/DAC.o
                0x000000000800144a                DAC_IC::channels()
 .text._ZN6DAC_IC16setChannelVolumeEii
                0x000000000800145e       0x16 ./Core/Src/DAC.o
                0x000000000800145e                DAC_IC::setChannelVolume(int, int)
 .text._ZN6DAC_IC9setVolumeEi
                0x0000000008001474       0x14 ./Core/Src/DAC.o
                0x0000000008001474                DAC_IC::setVolume(int)
 .text._ZN6DAC_IC11muteChannelEib
                0x0000000008001488       0x18 ./Core/Src/DAC.o
                0x0000000008001488                DAC_IC::muteChannel(int, bool)
 .text._ZN6DAC_IC4muteEb
                0x00000000080014a0       0x16 ./Core/Src/DAC.o
                0x00000000080014a0                DAC_IC::mute(bool)
 .text._ZN6DAC_IC9setFormatEh
                0x00000000080014b6       0x16 ./Core/Src/DAC.o
                0x00000000080014b6                DAC_IC::setFormat(unsigned char)
 .text._ZN6DAC_ICC2Ev
                0x00000000080014cc       0x20 ./Core/Src/DAC.o
                0x00000000080014cc                DAC_IC::DAC_IC()
                0x00000000080014cc                DAC_IC::DAC_IC()
 .text._ZN6DAC_ICD2Ev
                0x00000000080014ec       0x20 ./Core/Src/DAC.o
                0x00000000080014ec                DAC_IC::~DAC_IC()
                0x00000000080014ec                DAC_IC::~DAC_IC()
 .text._ZN11DAC_PCM16819isEnabledEv
                0x000000000800150c       0x20 ./Core/Src/DACPCM1681.o
                0x000000000800150c                DAC_PCM1681::isEnabled()
 .text._ZN11DAC_PCM168114supportsVolumeEv
                0x000000000800152c       0x14 ./Core/Src/DACPCM1681.o
                0x000000000800152c                DAC_PCM1681::supportsVolume()
 .text._ZN11DAC_PCM168112supportsMuteEv
                0x0000000008001540       0x14 ./Core/Src/DACPCM1681.o
                0x0000000008001540                DAC_PCM1681::supportsMute()
 .text._ZN11DAC_PCM16818channelsEv
                0x0000000008001554       0x14 ./Core/Src/DACPCM1681.o
                0x0000000008001554                DAC_PCM1681::channels()
 .text._ZN11DAC_PCM16814nameB5cxx11Ev
                0x0000000008001568       0x38 ./Core/Src/DACPCM1681.o
                0x0000000008001568                DAC_PCM1681::name[abi:cxx11]()
 .text._ZN11DAC_PCM1681C2EP10I2C_Device
                0x00000000080015a0       0x38 ./Core/Src/DACPCM1681.o
                0x00000000080015a0                DAC_PCM1681::DAC_PCM1681(I2C_Device*)
                0x00000000080015a0                DAC_PCM1681::DAC_PCM1681(I2C_Device*)
 .text._ZN11DAC_PCM1681D2Ev
                0x00000000080015d8       0x24 ./Core/Src/DACPCM1681.o
                0x00000000080015d8                DAC_PCM1681::~DAC_PCM1681()
                0x00000000080015d8                DAC_PCM1681::~DAC_PCM1681()
 .text._ZN11DAC_PCM1681D0Ev
                0x00000000080015fc       0x20 ./Core/Src/DACPCM1681.o
                0x00000000080015fc                DAC_PCM1681::~DAC_PCM1681()
 .text._ZN11DAC_PCM16816enableEb
                0x000000000800161c       0x4a ./Core/Src/DACPCM1681.o
                0x000000000800161c                DAC_PCM1681::enable(bool)
 .text._ZN11DAC_PCM168114supportsFormatEh
                0x0000000008001666       0x28 ./Core/Src/DACPCM1681.o
                0x0000000008001666                DAC_PCM1681::supportsFormat(unsigned char)
 .text._ZN11DAC_PCM16819setFormatEh
                0x000000000800168e       0x42 ./Core/Src/DACPCM1681.o
                0x000000000800168e                DAC_PCM1681::setFormat(unsigned char)
 .text._ZN11DAC_PCM16814initEv
                0x00000000080016d0       0x24 ./Core/Src/DACPCM1681.o
                0x00000000080016d0                DAC_PCM1681::init()
 .text._ZN11DAC_PCM168116setChannelVolumeEii
                0x00000000080016f4       0x88 ./Core/Src/DACPCM1681.o
                0x00000000080016f4                DAC_PCM1681::setChannelVolume(int, int)
 .text._ZN11DAC_PCM16819setVolumeEi
                0x000000000800177c       0x14 ./Core/Src/DACPCM1681.o
                0x000000000800177c                DAC_PCM1681::setVolume(int)
 .text._ZN11DAC_PCM168111muteChannelEib
                0x0000000008001790       0x64 ./Core/Src/DACPCM1681.o
                0x0000000008001790                DAC_PCM1681::muteChannel(int, bool)
 .text._ZN11DAC_PCM16814muteEb
                0x00000000080017f4       0x3e ./Core/Src/DACPCM1681.o
                0x00000000080017f4                DAC_PCM1681::mute(bool)
 *fill*         0x0000000008001832        0x2 
 .text._ZN7DisplayC2Ev
                0x0000000008001834       0x24 ./Core/Src/Display.o
                0x0000000008001834                Display::Display()
                0x0000000008001834                Display::Display()
 .text._ZN7DisplayD2Ev
                0x0000000008001858       0x20 ./Core/Src/Display.o
                0x0000000008001858                Display::~Display()
                0x0000000008001858                Display::~Display()
 .text._ZN7DisplayD0Ev
                0x0000000008001878       0x20 ./Core/Src/Display.o
                0x0000000008001878                Display::~Display()
 .text._ZN7Display3runEv
                0x0000000008001898       0x1e ./Core/Src/Display.o
                0x0000000008001898                Display::run()
 *fill*         0x00000000080018b6        0x2 
 .text._ZN12DolbyDecoderC2Ev
                0x00000000080018b8       0x20 ./Core/Src/DolbyDecoder.o
                0x00000000080018b8                DolbyDecoder::DolbyDecoder()
                0x00000000080018b8                DolbyDecoder::DolbyDecoder()
 .text._ZN12DolbyDecoderD2Ev
                0x00000000080018d8       0x20 ./Core/Src/DolbyDecoder.o
                0x00000000080018d8                DolbyDecoder::~DolbyDecoder()
                0x00000000080018d8                DolbyDecoder::~DolbyDecoder()
 .text._ZN19DolbyDecoder_STA310C2EP10I2C_Device
                0x00000000080018f8       0x44 ./Core/Src/DolbyDecoderSTA310.o
                0x00000000080018f8                DolbyDecoder_STA310::DolbyDecoder_STA310(I2C_Device*)
                0x00000000080018f8                DolbyDecoder_STA310::DolbyDecoder_STA310(I2C_Device*)
 .text._ZN19DolbyDecoder_STA310D2Ev
                0x000000000800193c       0x24 ./Core/Src/DolbyDecoderSTA310.o
                0x000000000800193c                DolbyDecoder_STA310::~DolbyDecoder_STA310()
                0x000000000800193c                DolbyDecoder_STA310::~DolbyDecoder_STA310()
 .text._ZN19DolbyDecoder_STA310D0Ev
                0x0000000008001960       0x20 ./Core/Src/DolbyDecoderSTA310.o
                0x0000000008001960                DolbyDecoder_STA310::~DolbyDecoder_STA310()
 .text._ZN19DolbyDecoder_STA3104muteEb
                0x0000000008001980       0x4a ./Core/Src/DolbyDecoderSTA310.o
                0x0000000008001980                DolbyDecoder_STA310::mute(bool)
 .text._ZN19DolbyDecoder_STA3104playEb
                0x00000000080019ca       0x4a ./Core/Src/DolbyDecoderSTA310.o
                0x00000000080019ca                DolbyDecoder_STA310::play(bool)
 .text._ZN19DolbyDecoder_STA3103runEv
                0x0000000008001a14       0x38 ./Core/Src/DolbyDecoderSTA310.o
                0x0000000008001a14                DolbyDecoder_STA310::run()
 .text._ZN19DolbyDecoder_STA31014enableAudioPLLEv
                0x0000000008001a4c       0x24 ./Core/Src/DolbyDecoderSTA310.o
                0x0000000008001a4c                DolbyDecoder_STA310::enableAudioPLL()
 .text._ZN19DolbyDecoder_STA31010initializeEv
                0x0000000008001a70       0x68 ./Core/Src/DolbyDecoderSTA310.o
                0x0000000008001a70                DolbyDecoder_STA310::initialize()
 .text._ZN19DolbyDecoder_STA31015configurePCMOUTEv
                0x0000000008001ad8       0x38 ./Core/Src/DolbyDecoderSTA310.o
                0x0000000008001ad8                DolbyDecoder_STA310::configurePCMOUT()
 .text._ZN19DolbyDecoder_STA31019configureInterruptsEv
                0x0000000008001b10       0x38 ./Core/Src/DolbyDecoderSTA310.o
                0x0000000008001b10                DolbyDecoder_STA310::configureInterrupts()
 .text._ZN19DolbyDecoder_STA31013configureSyncEv
                0x0000000008001b48       0x74 ./Core/Src/DolbyDecoderSTA310.o
                0x0000000008001b48                DolbyDecoder_STA310::configureSync()
 .text._ZN19DolbyDecoder_STA31016configureDecoderEv
                0x0000000008001bbc       0x38 ./Core/Src/DolbyDecoderSTA310.o
                0x0000000008001bbc                DolbyDecoder_STA310::configureDecoder()
 .text._ZN19DolbyDecoder_STA31014configureSPDIFEv
                0x0000000008001bf4       0x74 ./Core/Src/DolbyDecoderSTA310.o
                0x0000000008001bf4                DolbyDecoder_STA310::configureSPDIF()
 .text._ZN19DolbyDecoder_STA31012configureAC3Ev
                0x0000000008001c68       0xb0 ./Core/Src/DolbyDecoderSTA310.o
                0x0000000008001c68                DolbyDecoder_STA310::configureAC3()
 .text._ZN19DolbyDecoder_STA31017configureAudioPLLEv
                0x0000000008001d18       0x12 ./Core/Src/DolbyDecoderSTA310.o
                0x0000000008001d18                DolbyDecoder_STA310::configureAudioPLL()
 .text._ZN19DolbyDecoder_STA3109softResetEv
                0x0000000008001d2a       0xac ./Core/Src/DolbyDecoderSTA310.o
                0x0000000008001d2a                DolbyDecoder_STA310::softReset()
 *fill*         0x0000000008001dd6        0x2 
 .text._ZN3I2CC2ERKS_
                0x0000000008001dd8       0x40 ./Core/Src/I2C.o
                0x0000000008001dd8                I2C::I2C(I2C const&)
                0x0000000008001dd8                I2C::I2C(I2C const&)
 .text._ZN10I2C_DeviceC2E3I2Ch
                0x0000000008001e18       0x38 ./Core/Src/I2C.o
                0x0000000008001e18                I2C_Device::I2C_Device(I2C, unsigned char)
                0x0000000008001e18                I2C_Device::I2C_Device(I2C, unsigned char)
 .text._ZN3I2CC2E17I2C_HandleTypeDef
                0x0000000008001e50       0x4c ./Core/Src/I2C.o
                0x0000000008001e50                I2C::I2C(I2C_HandleTypeDef)
                0x0000000008001e50                I2C::I2C(I2C_HandleTypeDef)
 .text._ZN3I2CD2Ev
                0x0000000008001e9c       0x20 ./Core/Src/I2C.o
                0x0000000008001e9c                I2C::~I2C()
                0x0000000008001e9c                I2C::~I2C()
 .text._ZN3I2CD0Ev
                0x0000000008001ebc       0x20 ./Core/Src/I2C.o
                0x0000000008001ebc                I2C::~I2C()
 .text._ZN3I2C8readByteEh
                0x0000000008001edc       0x42 ./Core/Src/I2C.o
                0x0000000008001edc                I2C::readByte(unsigned char)
 .text._ZN3I2C9writeByteEhh
                0x0000000008001f1e       0x3e ./Core/Src/I2C.o
                0x0000000008001f1e                I2C::writeByte(unsigned char, unsigned char)
 .text._ZN3I2C13writeRegisterEhhh
                0x0000000008001f5c       0x52 ./Core/Src/I2C.o
                0x0000000008001f5c                I2C::writeRegister(unsigned char, unsigned char, unsigned char)
 .text._ZN3I2C12readRegisterEhh
                0x0000000008001fae       0x52 ./Core/Src/I2C.o
                0x0000000008001fae                I2C::readRegister(unsigned char, unsigned char)
 .text._ZN3I2C10makeDeviceEh
                0x0000000008002000       0x58 ./Core/Src/I2C.o
                0x0000000008002000                I2C::makeDevice(unsigned char)
 .text._ZN10I2C_Device7setAddrEh
                0x0000000008002058       0x1e ./Core/Src/I2CDevice.o
                0x0000000008002058                I2C_Device::setAddr(unsigned char)
 *fill*         0x0000000008002076        0x2 
 .text._ZN10I2C_DeviceD2Ev
                0x0000000008002078       0x28 ./Core/Src/I2CDevice.o
                0x0000000008002078                I2C_Device::~I2C_Device()
                0x0000000008002078                I2C_Device::~I2C_Device()
 .text._ZN10I2C_DeviceD0Ev
                0x00000000080020a0       0x20 ./Core/Src/I2CDevice.o
                0x00000000080020a0                I2C_Device::~I2C_Device()
 .text._ZN10I2C_Device9writeByteEh
                0x00000000080020c0       0x28 ./Core/Src/I2CDevice.o
                0x00000000080020c0                I2C_Device::writeByte(unsigned char)
 .text._ZN10I2C_Device13writeRegisterEhh
                0x00000000080020e8       0x2c ./Core/Src/I2CDevice.o
                0x00000000080020e8                I2C_Device::writeRegister(unsigned char, unsigned char)
 .text._ZN10I2C_Device12readRegisterEh
                0x0000000008002114       0x28 ./Core/Src/I2CDevice.o
                0x0000000008002114                I2C_Device::readRegister(unsigned char)
 .text._ZN10I2C_Device8readByteEv
                0x000000000800213c       0x24 ./Core/Src/I2CDevice.o
                0x000000000800213c                I2C_Device::readByte()
 .text._ZN3LED6enableEv
                0x0000000008002160       0x1e ./Core/Src/LED.o
                0x0000000008002160                LED::enable()
 .text._ZN3LED7disableEv
                0x000000000800217e       0x1e ./Core/Src/LED.o
                0x000000000800217e                LED::disable()
 .text._ZN3LEDC2Ev
                0x000000000800219c       0x30 ./Core/Src/LED.o
                0x000000000800219c                LED::LED()
                0x000000000800219c                LED::LED()
 .text._ZN3LEDD2Ev
                0x00000000080021cc       0x20 ./Core/Src/LED.o
                0x00000000080021cc                LED::~LED()
                0x00000000080021cc                LED::~LED()
 .text._ZN3LEDD0Ev
                0x00000000080021ec       0x20 ./Core/Src/LED.o
                0x00000000080021ec                LED::~LED()
 .text._ZN3LED8setStateEb
                0x000000000800220c       0x42 ./Core/Src/LED.o
                0x000000000800220c                LED::setState(bool)
 *fill*         0x000000000800224e        0x2 
 .text._ZN2UIC2Ev
                0x0000000008002250       0x20 ./Core/Src/UI.o
                0x0000000008002250                UI::UI()
                0x0000000008002250                UI::UI()
 .text._ZN2UID2Ev
                0x0000000008002270       0x20 ./Core/Src/UI.o
                0x0000000008002270                UI::~UI()
                0x0000000008002270                UI::~UI()
 .text._ZN2UID0Ev
                0x0000000008002290       0x20 ./Core/Src/UI.o
                0x0000000008002290                UI::~UI()
 .text._ZN2UI3runEv
                0x00000000080022b0       0x10 ./Core/Src/UI.o
                0x00000000080022b0                UI::run()
 .text._ZN9Amplifier5getUIEv
                0x00000000080022c0       0x16 ./Core/Src/main.o
                0x00000000080022c0                Amplifier::getUI()
 .text._ZN9Amplifier10getDisplayEv
                0x00000000080022d6       0x16 ./Core/Src/main.o
                0x00000000080022d6                Amplifier::getDisplay()
 .text.main     0x00000000080022ec       0xc8 ./Core/Src/main.o
                0x00000000080022ec                main
 .text._Z18SystemClock_Configv
                0x00000000080023b4       0x9e ./Core/Src/main.o
                0x00000000080023b4                SystemClock_Config()
 *fill*         0x0000000008002452        0x2 
 .text._ZL12MX_I2C1_Initv
                0x0000000008002454       0x68 ./Core/Src/main.o
 .text._ZL12MX_SPI1_Initv
                0x00000000080024bc       0x78 ./Core/Src/main.o
 .text._ZL12MX_SPI2_Initv
                0x0000000008002534       0x78 ./Core/Src/main.o
 .text._ZL12MX_TIM3_Initv
                0x00000000080025ac       0xbc ./Core/Src/main.o
 .text._ZL12MX_TIM4_Initv
                0x0000000008002668       0xbc ./Core/Src/main.o
 .text._ZL19MX_USART3_UART_Initv
                0x0000000008002724       0x5c ./Core/Src/main.o
 .text._ZL12MX_GPIO_Initv
                0x0000000008002780      0x198 ./Core/Src/main.o
 .text._Z16StartDefaultTaskPv
                0x0000000008002918       0x1c ./Core/Src/main.o
                0x0000000008002918                StartDefaultTask(void*)
 .text._Z12startDisplayPv
                0x0000000008002934       0x28 ./Core/Src/main.o
                0x0000000008002934                startDisplay(void*)
 .text._Z10startAudioPv
                0x000000000800295c       0x10 ./Core/Src/main.o
                0x000000000800295c                startAudio(void*)
 .text._Z7startUIPv
                0x000000000800296c       0x28 ./Core/Src/main.o
                0x000000000800296c                startUI(void*)
 .text.Error_Handler
                0x0000000008002994        0xa ./Core/Src/main.o
                0x0000000008002994                Error_Handler
 *fill*         0x000000000800299e        0x2 
 .text._Z41__static_initialization_and_destruction_0ii
                0x00000000080029a0       0x40 ./Core/Src/main.o
 .text._GLOBAL__sub_I_hi2c1
                0x00000000080029e0       0x10 ./Core/Src/main.o
 .text.HAL_MspInit
                0x00000000080029f0       0x70 ./Core/Src/stm32f1xx_hal_msp.o
                0x00000000080029f0                HAL_MspInit
 .text.HAL_I2C_MspInit
                0x0000000008002a60       0x7c ./Core/Src/stm32f1xx_hal_msp.o
                0x0000000008002a60                HAL_I2C_MspInit
 .text.HAL_SPI_MspInit
                0x0000000008002adc      0x10c ./Core/Src/stm32f1xx_hal_msp.o
                0x0000000008002adc                HAL_SPI_MspInit
 .text.HAL_TIM_Encoder_MspInit
                0x0000000008002be8      0x140 ./Core/Src/stm32f1xx_hal_msp.o
                0x0000000008002be8                HAL_TIM_Encoder_MspInit
 .text.HAL_UART_MspInit
                0x0000000008002d28       0xc0 ./Core/Src/stm32f1xx_hal_msp.o
                0x0000000008002d28                HAL_UART_MspInit
 .text.NMI_Handler
                0x0000000008002de8        0x6 ./Core/Src/stm32f1xx_it.o
                0x0000000008002de8                NMI_Handler
 .text.HardFault_Handler
                0x0000000008002dee        0x6 ./Core/Src/stm32f1xx_it.o
                0x0000000008002dee                HardFault_Handler
 .text.MemManage_Handler
                0x0000000008002df4        0x6 ./Core/Src/stm32f1xx_it.o
                0x0000000008002df4                MemManage_Handler
 .text.BusFault_Handler
                0x0000000008002dfa        0x6 ./Core/Src/stm32f1xx_it.o
                0x0000000008002dfa                BusFault_Handler
 .text.UsageFault_Handler
                0x0000000008002e00        0x6 ./Core/Src/stm32f1xx_it.o
                0x0000000008002e00                UsageFault_Handler
 .text.DebugMon_Handler
                0x0000000008002e06        0xc ./Core/Src/stm32f1xx_it.o
                0x0000000008002e06                DebugMon_Handler
 .text.SysTick_Handler
                0x0000000008002e12       0x1a ./Core/Src/stm32f1xx_it.o
                0x0000000008002e12                SysTick_Handler
 .text.TIM3_IRQHandler
                0x0000000008002e2c       0x14 ./Core/Src/stm32f1xx_it.o
                0x0000000008002e2c                TIM3_IRQHandler
 .text.TIM4_IRQHandler
                0x0000000008002e40       0x14 ./Core/Src/stm32f1xx_it.o
                0x0000000008002e40                TIM4_IRQHandler
 .text._getpid  0x0000000008002e54        0xe ./Core/Src/syscalls.o
                0x0000000008002e54                _getpid
 .text._kill    0x0000000008002e62       0x20 ./Core/Src/syscalls.o
                0x0000000008002e62                _kill
 .text._exit    0x0000000008002e82       0x14 ./Core/Src/syscalls.o
                0x0000000008002e82                _exit
 *fill*         0x0000000008002e96        0x2 
 .text._sbrk    0x0000000008002e98       0x6c ./Core/Src/sysmem.o
                0x0000000008002e98                _sbrk
 .text.SystemInit
                0x0000000008002f04        0xc ./Core/Src/system_stm32f1xx.o
                0x0000000008002f04                SystemInit
 .text.Reset_Handler
                0x0000000008002f10       0x48 ./Core/Startup/startup_stm32f103vdtx.o
                0x0000000008002f10                Reset_Handler
 .text.Default_Handler
                0x0000000008002f58        0x2 ./Core/Startup/startup_stm32f103vdtx.o
                0x0000000008002f58                DMA2_Channel3_IRQHandler
                0x0000000008002f58                EXTI2_IRQHandler
                0x0000000008002f58                TIM8_TRG_COM_IRQHandler
                0x0000000008002f58                TIM8_CC_IRQHandler
                0x0000000008002f58                TIM1_CC_IRQHandler
                0x0000000008002f58                TIM6_IRQHandler
                0x0000000008002f58                PVD_IRQHandler
                0x0000000008002f58                SDIO_IRQHandler
                0x0000000008002f58                EXTI3_IRQHandler
                0x0000000008002f58                EXTI0_IRQHandler
                0x0000000008002f58                I2C2_EV_IRQHandler
                0x0000000008002f58                ADC1_2_IRQHandler
                0x0000000008002f58                SPI1_IRQHandler
                0x0000000008002f58                TAMPER_IRQHandler
                0x0000000008002f58                TIM8_UP_IRQHandler
                0x0000000008002f58                DMA2_Channel2_IRQHandler
                0x0000000008002f58                DMA1_Channel4_IRQHandler
                0x0000000008002f58                USART3_IRQHandler
                0x0000000008002f58                RTC_IRQHandler
                0x0000000008002f58                DMA1_Channel7_IRQHandler
                0x0000000008002f58                CAN1_RX1_IRQHandler
                0x0000000008002f58                UART5_IRQHandler
                0x0000000008002f58                ADC3_IRQHandler
                0x0000000008002f58                DMA2_Channel1_IRQHandler
                0x0000000008002f58                I2C1_EV_IRQHandler
                0x0000000008002f58                DMA1_Channel6_IRQHandler
                0x0000000008002f58                UART4_IRQHandler
                0x0000000008002f58                RCC_IRQHandler
                0x0000000008002f58                TIM1_TRG_COM_IRQHandler
                0x0000000008002f58                DMA1_Channel1_IRQHandler
                0x0000000008002f58                Default_Handler
                0x0000000008002f58                EXTI15_10_IRQHandler
                0x0000000008002f58                TIM7_IRQHandler
                0x0000000008002f58                TIM5_IRQHandler
                0x0000000008002f58                EXTI9_5_IRQHandler
                0x0000000008002f58                SPI2_IRQHandler
                0x0000000008002f58                DMA1_Channel5_IRQHandler
                0x0000000008002f58                EXTI4_IRQHandler
                0x0000000008002f58                USB_LP_CAN1_RX0_IRQHandler
                0x0000000008002f58                USB_HP_CAN1_TX_IRQHandler
                0x0000000008002f58                DMA1_Channel3_IRQHandler
                0x0000000008002f58                FSMC_IRQHandler
                0x0000000008002f58                TIM1_UP_IRQHandler
                0x0000000008002f58                WWDG_IRQHandler
                0x0000000008002f58                TIM2_IRQHandler
                0x0000000008002f58                TIM1_BRK_IRQHandler
                0x0000000008002f58                EXTI1_IRQHandler
                0x0000000008002f58                DMA2_Channel4_5_IRQHandler
                0x0000000008002f58                USART2_IRQHandler
                0x0000000008002f58                I2C2_ER_IRQHandler
                0x0000000008002f58                DMA1_Channel2_IRQHandler
                0x0000000008002f58                TIM8_BRK_IRQHandler
                0x0000000008002f58                CAN1_SCE_IRQHandler
                0x0000000008002f58                FLASH_IRQHandler
                0x0000000008002f58                USART1_IRQHandler
                0x0000000008002f58                SPI3_IRQHandler
                0x0000000008002f58                I2C1_ER_IRQHandler
                0x0000000008002f58                USBWakeUp_IRQHandler
                0x0000000008002f58                RTC_Alarm_IRQHandler
 *fill*         0x0000000008002f5a        0x2 
 .text.HAL_Init
                0x0000000008002f5c       0x2c ./Drivers/STM32F1xx_HAL_Driver/Src/stm32f1xx_hal.o
                0x0000000008002f5c                HAL_Init
 .text.HAL_InitTick
                0x0000000008002f88       0x60 ./Drivers/STM32F1xx_HAL_Driver/Src/stm32f1xx_hal.o
                0x0000000008002f88                HAL_InitTick
 .text.HAL_IncTick
                0x0000000008002fe8       0x24 ./Drivers/STM32F1xx_HAL_Driver/Src/stm32f1xx_hal.o
                0x0000000008002fe8                HAL_IncTick
 .text.HAL_GetTick
                0x000000000800300c       0x14 ./Drivers/STM32F1xx_HAL_Driver/Src/stm32f1xx_hal.o
                0x000000000800300c                HAL_GetTick
 .text.__NVIC_SetPriorityGrouping
                0x0000000008003020       0x48 ./Drivers/STM32F1xx_HAL_Driver/Src/stm32f1xx_hal_cortex.o
 .text.__NVIC_GetPriorityGrouping
                0x0000000008003068       0x1c ./Drivers/STM32F1xx_HAL_Driver/Src/stm32f1xx_hal_cortex.o
 .text.__NVIC_EnableIRQ
                0x0000000008003084       0x38 ./Drivers/STM32F1xx_HAL_Driver/Src/stm32f1xx_hal_cortex.o
 .text.__NVIC_SetPriority
                0x00000000080030bc       0x54 ./Drivers/STM32F1xx_HAL_Driver/Src/stm32f1xx_hal_cortex.o
 .text.NVIC_EncodePriority
                0x0000000008003110       0x64 ./Drivers/STM32F1xx_HAL_Driver/Src/stm32f1xx_hal_cortex.o
 .text.SysTick_Config
                0x0000000008003174       0x44 ./Drivers/STM32F1xx_HAL_Driver/Src/stm32f1xx_hal_cortex.o
 .text.HAL_NVIC_SetPriorityGrouping
                0x00000000080031b8       0x16 ./Drivers/STM32F1xx_HAL_Driver/Src/stm32f1xx_hal_cortex.o
                0x00000000080031b8                HAL_NVIC_SetPriorityGrouping
 .text.HAL_NVIC_SetPriority
                0x00000000080031ce       0x38 ./Drivers/STM32F1xx_HAL_Driver/Src/stm32f1xx_hal_cortex.o
                0x00000000080031ce                HAL_NVIC_SetPriority
 .text.HAL_NVIC_EnableIRQ
                0x0000000008003206       0x1c ./Drivers/STM32F1xx_HAL_Driver/Src/stm32f1xx_hal_cortex.o
                0x0000000008003206                HAL_NVIC_EnableIRQ
 .text.HAL_SYSTICK_Config
                0x0000000008003222       0x18 ./Drivers/STM32F1xx_HAL_Driver/Src/stm32f1xx_hal_cortex.o
                0x0000000008003222                HAL_SYSTICK_Config
 *fill*         0x000000000800323a        0x2 
 .text.HAL_GPIO_Init
                0x000000000800323c      0x328 ./Drivers/STM32F1xx_HAL_Driver/Src/stm32f1xx_hal_gpio.o
                0x000000000800323c                HAL_GPIO_Init
 .text.HAL_GPIO_WritePin
                0x0000000008003564       0x30 ./Drivers/STM32F1xx_HAL_Driver/Src/stm32f1xx_hal_gpio.o
                0x0000000008003564                HAL_GPIO_WritePin
 .text.HAL_I2C_Init
                0x0000000008003594      0x288 ./Drivers/STM32F1xx_HAL_Driver/Src/stm32f1xx_hal_i2c.o
                0x0000000008003594                HAL_I2C_Init
 .text.HAL_I2C_Master_Transmit
                0x000000000800381c      0x1fc ./Drivers/STM32F1xx_HAL_Driver/Src/stm32f1xx_hal_i2c.o
                0x000000000800381c                HAL_I2C_Master_Transmit
 .text.HAL_I2C_Master_Receive
                0x0000000008003a18      0x4c0 ./Drivers/STM32F1xx_HAL_Driver/Src/stm32f1xx_hal_i2c.o
                0x0000000008003a18                HAL_I2C_Master_Receive
 .text.HAL_I2C_Mem_Write
                0x0000000008003ed8      0x1f4 ./Drivers/STM32F1xx_HAL_Driver/Src/stm32f1xx_hal_i2c.o
                0x0000000008003ed8                HAL_I2C_Mem_Write
 .text.HAL_I2C_Mem_Read
                0x00000000080040cc      0x4d0 ./Drivers/STM32F1xx_HAL_Driver/Src/stm32f1xx_hal_i2c.o
                0x00000000080040cc                HAL_I2C_Mem_Read
 .text.I2C_MasterRequestWrite
                0x000000000800459c      0x104 ./Drivers/STM32F1xx_HAL_Driver/Src/stm32f1xx_hal_i2c.o
 .text.I2C_MasterRequestRead
                0x00000000080046a0      0x19c ./Drivers/STM32F1xx_HAL_Driver/Src/stm32f1xx_hal_i2c.o
 .text.I2C_RequestMemoryWrite
                0x000000000800483c      0x12c ./Drivers/STM32F1xx_HAL_Driver/Src/stm32f1xx_hal_i2c.o
 .text.I2C_RequestMemoryRead
                0x0000000008004968      0x1d0 ./Drivers/STM32F1xx_HAL_Driver/Src/stm32f1xx_hal_i2c.o
 .text.I2C_WaitOnFlagUntilTimeout
                0x0000000008004b38       0xae ./Drivers/STM32F1xx_HAL_Driver/Src/stm32f1xx_hal_i2c.o
 .text.I2C_WaitOnMasterAddressFlagUntilTimeout
                0x0000000008004be6       0xfe ./Drivers/STM32F1xx_HAL_Driver/Src/stm32f1xx_hal_i2c.o
 .text.I2C_WaitOnTXEFlagUntilTimeout
                0x0000000008004ce4       0x82 ./Drivers/STM32F1xx_HAL_Driver/Src/stm32f1xx_hal_i2c.o
 .text.I2C_WaitOnBTFFlagUntilTimeout
                0x0000000008004d66       0x82 ./Drivers/STM32F1xx_HAL_Driver/Src/stm32f1xx_hal_i2c.o
 .text.I2C_WaitOnRXNEFlagUntilTimeout
                0x0000000008004de8       0xac ./Drivers/STM32F1xx_HAL_Driver/Src/stm32f1xx_hal_i2c.o
 .text.I2C_IsAcknowledgeFailed
                0x0000000008004e94       0x5c ./Drivers/STM32F1xx_HAL_Driver/Src/stm32f1xx_hal_i2c.o
 .text.HAL_RCC_OscConfig
                0x0000000008004ef0      0x504 ./Drivers/STM32F1xx_HAL_Driver/Src/stm32f1xx_hal_rcc.o
                0x0000000008004ef0                HAL_RCC_OscConfig
 .text.HAL_RCC_ClockConfig
                0x00000000080053f4      0x1d4 ./Drivers/STM32F1xx_HAL_Driver/Src/stm32f1xx_hal_rcc.o
                0x00000000080053f4                HAL_RCC_ClockConfig
 .text.HAL_RCC_GetSysClockFreq
                0x00000000080055c8       0xc0 ./Drivers/STM32F1xx_HAL_Driver/Src/stm32f1xx_hal_rcc.o
                0x00000000080055c8                HAL_RCC_GetSysClockFreq
 .text.HAL_RCC_GetHCLKFreq
                0x0000000008005688       0x14 ./Drivers/STM32F1xx_HAL_Driver/Src/stm32f1xx_hal_rcc.o
                0x0000000008005688                HAL_RCC_GetHCLKFreq
 .text.HAL_RCC_GetPCLK1Freq
                0x000000000800569c       0x28 ./Drivers/STM32F1xx_HAL_Driver/Src/stm32f1xx_hal_rcc.o
                0x000000000800569c                HAL_RCC_GetPCLK1Freq
 .text.HAL_RCC_GetPCLK2Freq
                0x00000000080056c4       0x28 ./Drivers/STM32F1xx_HAL_Driver/Src/stm32f1xx_hal_rcc.o
                0x00000000080056c4                HAL_RCC_GetPCLK2Freq
 .text.RCC_Delay
                0x00000000080056ec       0x3c ./Drivers/STM32F1xx_HAL_Driver/Src/stm32f1xx_hal_rcc.o
 .text.HAL_SPI_Init
                0x0000000008005728      0x108 ./Drivers/STM32F1xx_HAL_Driver/Src/stm32f1xx_hal_spi.o
                0x0000000008005728                HAL_SPI_Init
 .text.HAL_TIM_Encoder_Init
                0x0000000008005830      0x144 ./Drivers/STM32F1xx_HAL_Driver/Src/stm32f1xx_hal_tim.o
                0x0000000008005830                HAL_TIM_Encoder_Init
 .text.HAL_TIM_IRQHandler
                0x0000000008005974      0x210 ./Drivers/STM32F1xx_HAL_Driver/Src/stm32f1xx_hal_tim.o
                0x0000000008005974                HAL_TIM_IRQHandler
 .text.HAL_TIM_PeriodElapsedCallback
                0x0000000008005b84       0x12 ./Drivers/STM32F1xx_HAL_Driver/Src/stm32f1xx_hal_tim.o
                0x0000000008005b84                HAL_TIM_PeriodElapsedCallback
 .text.HAL_TIM_OC_DelayElapsedCallback
                0x0000000008005b96       0x12 ./Drivers/STM32F1xx_HAL_Driver/Src/stm32f1xx_hal_tim.o
                0x0000000008005b96                HAL_TIM_OC_DelayElapsedCallback
 .text.HAL_TIM_IC_CaptureCallback
                0x0000000008005ba8       0x12 ./Drivers/STM32F1xx_HAL_Driver/Src/stm32f1xx_hal_tim.o
                0x0000000008005ba8                HAL_TIM_IC_CaptureCallback
 .text.HAL_TIM_PWM_PulseFinishedCallback
                0x0000000008005bba       0x12 ./Drivers/STM32F1xx_HAL_Driver/Src/stm32f1xx_hal_tim.o
                0x0000000008005bba                HAL_TIM_PWM_PulseFinishedCallback
 .text.HAL_TIM_TriggerCallback
                0x0000000008005bcc       0x12 ./Drivers/STM32F1xx_HAL_Driver/Src/stm32f1xx_hal_tim.o
                0x0000000008005bcc                HAL_TIM_TriggerCallback
 *fill*         0x0000000008005bde        0x2 
 .text.TIM_Base_SetConfig
                0x0000000008005be0       0xf4 ./Drivers/STM32F1xx_HAL_Driver/Src/stm32f1xx_hal_tim.o
                0x0000000008005be0                TIM_Base_SetConfig
 .text.HAL_TIMEx_MasterConfigSynchronization
                0x0000000008005cd4       0xd8 ./Drivers/STM32F1xx_HAL_Driver/Src/stm32f1xx_hal_tim_ex.o
                0x0000000008005cd4                HAL_TIMEx_MasterConfigSynchronization
 .text.HAL_TIMEx_CommutCallback
                0x0000000008005dac       0x12 ./Drivers/STM32F1xx_HAL_Driver/Src/stm32f1xx_hal_tim_ex.o
                0x0000000008005dac                HAL_TIMEx_CommutCallback
 .text.HAL_TIMEx_BreakCallback
                0x0000000008005dbe       0x12 ./Drivers/STM32F1xx_HAL_Driver/Src/stm32f1xx_hal_tim_ex.o
                0x0000000008005dbe                HAL_TIMEx_BreakCallback
 .text.HAL_UART_Init
                0x0000000008005dd0       0x9a ./Drivers/STM32F1xx_HAL_Driver/Src/stm32f1xx_hal_uart.o
                0x0000000008005dd0                HAL_UART_Init
 *fill*         0x0000000008005e6a        0x2 
 .text.UART_SetConfig
                0x0000000008005e6c      0x11c ./Drivers/STM32F1xx_HAL_Driver/Src/stm32f1xx_hal_uart.o
 .text.osKernelInitialize
                0x0000000008005f88       0x64 ./Middlewares/Third_Party/FreeRTOS/Source/CMSIS_RTOS_V2/cmsis_os2.o
                0x0000000008005f88                osKernelInitialize
 .text.osKernelStart
                0x0000000008005fec       0x68 ./Middlewares/Third_Party/FreeRTOS/Source/CMSIS_RTOS_V2/cmsis_os2.o
                0x0000000008005fec                osKernelStart
 .text.osThreadNew
                0x0000000008006054      0x154 ./Middlewares/Third_Party/FreeRTOS/Source/CMSIS_RTOS_V2/cmsis_os2.o
                0x0000000008006054                osThreadNew
 .text.osDelay  0x00000000080061a8       0x5c ./Middlewares/Third_Party/FreeRTOS/Source/CMSIS_RTOS_V2/cmsis_os2.o
                0x00000000080061a8                osDelay
 .text.vApplicationGetIdleTaskMemory
                0x0000000008006204       0x30 ./Middlewares/Third_Party/FreeRTOS/Source/CMSIS_RTOS_V2/cmsis_os2.o
                0x0000000008006204                vApplicationGetIdleTaskMemory
 .text.vApplicationGetTimerTaskMemory
                0x0000000008006234       0x34 ./Middlewares/Third_Party/FreeRTOS/Source/CMSIS_RTOS_V2/cmsis_os2.o
                0x0000000008006234                vApplicationGetTimerTaskMemory
 .text.vListInitialise
                0x0000000008006268       0x3e ./Middlewares/Third_Party/FreeRTOS/Source/list.o
                0x0000000008006268                vListInitialise
 .text.vListInitialiseItem
                0x00000000080062a6       0x18 ./Middlewares/Third_Party/FreeRTOS/Source/list.o
                0x00000000080062a6                vListInitialiseItem
 .text.vListInsertEnd
                0x00000000080062be       0x46 ./Middlewares/Third_Party/FreeRTOS/Source/list.o
                0x00000000080062be                vListInsertEnd
 .text.vListInsert
                0x0000000008006304       0x70 ./Middlewares/Third_Party/FreeRTOS/Source/list.o
                0x0000000008006304                vListInsert
 .text.uxListRemove
                0x0000000008006374       0x52 ./Middlewares/Third_Party/FreeRTOS/Source/list.o
                0x0000000008006374                uxListRemove
 *fill*         0x00000000080063c6        0x2 
 .text.xQueueGenericReset
                0x00000000080063c8       0xd0 ./Middlewares/Third_Party/FreeRTOS/Source/queue.o
                0x00000000080063c8                xQueueGenericReset
 .text.xQueueGenericCreateStatic
                0x0000000008006498       0xee ./Middlewares/Third_Party/FreeRTOS/Source/queue.o
                0x0000000008006498                xQueueGenericCreateStatic
 .text.prvInitialiseNewQueue
                0x0000000008006586       0x46 ./Middlewares/Third_Party/FreeRTOS/Source/queue.o
 .text.xQueueGenericSend
                0x00000000080065cc      0x1fc ./Middlewares/Third_Party/FreeRTOS/Source/queue.o
                0x00000000080065cc                xQueueGenericSend
 .text.xQueueGenericSendFromISR
                0x00000000080067c8      0x130 ./Middlewares/Third_Party/FreeRTOS/Source/queue.o
                0x00000000080067c8                xQueueGenericSendFromISR
 .text.xQueueReceive
                0x00000000080068f8      0x1c0 ./Middlewares/Third_Party/FreeRTOS/Source/queue.o
                0x00000000080068f8                xQueueReceive
 .text.prvCopyDataToQueue
                0x0000000008006ab8       0xd4 ./Middlewares/Third_Party/FreeRTOS/Source/queue.o
 .text.prvCopyDataFromQueue
                0x0000000008006b8c       0x4c ./Middlewares/Third_Party/FreeRTOS/Source/queue.o
 .text.prvUnlockQueue
                0x0000000008006bd8       0xa4 ./Middlewares/Third_Party/FreeRTOS/Source/queue.o
 .text.prvIsQueueEmpty
                0x0000000008006c7c       0x2c ./Middlewares/Third_Party/FreeRTOS/Source/queue.o
 .text.prvIsQueueFull
                0x0000000008006ca8       0x30 ./Middlewares/Third_Party/FreeRTOS/Source/queue.o
 .text.vQueueAddToRegistry
                0x0000000008006cd8       0x50 ./Middlewares/Third_Party/FreeRTOS/Source/queue.o
                0x0000000008006cd8                vQueueAddToRegistry
 .text.vQueueWaitForMessageRestricted
                0x0000000008006d28       0x68 ./Middlewares/Third_Party/FreeRTOS/Source/queue.o
                0x0000000008006d28                vQueueWaitForMessageRestricted
 .text.xTaskCreateStatic
                0x0000000008006d90       0xb8 ./Middlewares/Third_Party/FreeRTOS/Source/tasks.o
                0x0000000008006d90                xTaskCreateStatic
 .text.xTaskCreate
                0x0000000008006e48       0x8a ./Middlewares/Third_Party/FreeRTOS/Source/tasks.o
                0x0000000008006e48                xTaskCreate
 *fill*         0x0000000008006ed2        0x2 
 .text.prvInitialiseNewTask
                0x0000000008006ed4      0x13c ./Middlewares/Third_Party/FreeRTOS/Source/tasks.o
 .text.prvAddNewTaskToReadyList
                0x0000000008007010       0xe0 ./Middlewares/Third_Party/FreeRTOS/Source/tasks.o
 .text.vTaskDelay
                0x00000000080070f0       0x68 ./Middlewares/Third_Party/FreeRTOS/Source/tasks.o
                0x00000000080070f0                vTaskDelay
 .text.vTaskStartScheduler
                0x0000000008007158       0xe0 ./Middlewares/Third_Party/FreeRTOS/Source/tasks.o
                0x0000000008007158                vTaskStartScheduler
 .text.vTaskSuspendAll
                0x0000000008007238       0x1c ./Middlewares/Third_Party/FreeRTOS/Source/tasks.o
                0x0000000008007238                vTaskSuspendAll
 .text.xTaskResumeAll
                0x0000000008007254      0x13c ./Middlewares/Third_Party/FreeRTOS/Source/tasks.o
                0x0000000008007254                xTaskResumeAll
 .text.xTaskGetTickCount
                0x0000000008007390       0x1c ./Middlewares/Third_Party/FreeRTOS/Source/tasks.o
                0x0000000008007390                xTaskGetTickCount
 .text.xTaskIncrementTick
                0x00000000080073ac      0x17c ./Middlewares/Third_Party/FreeRTOS/Source/tasks.o
                0x00000000080073ac                xTaskIncrementTick
 .text.vTaskSwitchContext
                0x0000000008007528       0xc8 ./Middlewares/Third_Party/FreeRTOS/Source/tasks.o
                0x0000000008007528                vTaskSwitchContext
 .text.vTaskPlaceOnEventList
                0x00000000080075f0       0x48 ./Middlewares/Third_Party/FreeRTOS/Source/tasks.o
                0x00000000080075f0                vTaskPlaceOnEventList
 .text.vTaskPlaceOnEventListRestricted
                0x0000000008007638       0x58 ./Middlewares/Third_Party/FreeRTOS/Source/tasks.o
                0x0000000008007638                vTaskPlaceOnEventListRestricted
 .text.xTaskRemoveFromEventList
                0x0000000008007690       0xc8 ./Middlewares/Third_Party/FreeRTOS/Source/tasks.o
                0x0000000008007690                xTaskRemoveFromEventList
 .text.vTaskInternalSetTimeOutState
                0x0000000008007758       0x2c ./Middlewares/Third_Party/FreeRTOS/Source/tasks.o
                0x0000000008007758                vTaskInternalSetTimeOutState
 .text.xTaskCheckForTimeOut
                0x0000000008007784       0xc4 ./Middlewares/Third_Party/FreeRTOS/Source/tasks.o
                0x0000000008007784                xTaskCheckForTimeOut
 .text.vTaskMissedYield
                0x0000000008007848       0x18 ./Middlewares/Third_Party/FreeRTOS/Source/tasks.o
                0x0000000008007848                vTaskMissedYield
 .text.prvIdleTask
                0x0000000008007860       0x30 ./Middlewares/Third_Party/FreeRTOS/Source/tasks.o
 .text.prvInitialiseTaskLists
                0x0000000008007890       0x80 ./Middlewares/Third_Party/FreeRTOS/Source/tasks.o
 .text.prvCheckTasksWaitingTermination
                0x0000000008007910       0x5c ./Middlewares/Third_Party/FreeRTOS/Source/tasks.o
 .text.prvDeleteTCB
                0x000000000800796c       0x68 ./Middlewares/Third_Party/FreeRTOS/Source/tasks.o
 .text.prvResetNextTaskUnblockTime
                0x00000000080079d4       0x48 ./Middlewares/Third_Party/FreeRTOS/Source/tasks.o
 .text.xTaskGetSchedulerState
                0x0000000008007a1c       0x3c ./Middlewares/Third_Party/FreeRTOS/Source/tasks.o
                0x0000000008007a1c                xTaskGetSchedulerState
 .text.xTaskPriorityDisinherit
                0x0000000008007a58       0xdc ./Middlewares/Third_Party/FreeRTOS/Source/tasks.o
                0x0000000008007a58                xTaskPriorityDisinherit
 .text.prvAddCurrentTaskToDelayedList
                0x0000000008007b34       0xa8 ./Middlewares/Third_Party/FreeRTOS/Source/tasks.o
 .text.xTimerCreateTimerTask
                0x0000000008007bdc       0x90 ./Middlewares/Third_Party/FreeRTOS/Source/timers.o
                0x0000000008007bdc                xTimerCreateTimerTask
 .text.xTimerGenericCommand
                0x0000000008007c6c       0x9c ./Middlewares/Third_Party/FreeRTOS/Source/timers.o
                0x0000000008007c6c                xTimerGenericCommand
 .text.prvProcessExpiredTimer
                0x0000000008007d08       0x80 ./Middlewares/Third_Party/FreeRTOS/Source/timers.o
 .text.prvTimerTask
                0x0000000008007d88       0x24 ./Middlewares/Third_Party/FreeRTOS/Source/timers.o
 .text.prvProcessTimerOrBlockTask
                0x0000000008007dac       0x9c ./Middlewares/Third_Party/FreeRTOS/Source/timers.o
 .text.prvGetNextExpireTime
                0x0000000008007e48       0x48 ./Middlewares/Third_Party/FreeRTOS/Source/timers.o
 .text.prvSampleTimeNow
                0x0000000008007e90       0x40 ./Middlewares/Third_Party/FreeRTOS/Source/timers.o
 .text.prvInsertTimerInActiveList
                0x0000000008007ed0       0x84 ./Middlewares/Third_Party/FreeRTOS/Source/timers.o
 .text.prvProcessReceivedCommands
                0x0000000008007f54      0x168 ./Middlewares/Third_Party/FreeRTOS/Source/timers.o
 .text.prvSwitchTimerLists
                0x00000000080080bc       0xc4 ./Middlewares/Third_Party/FreeRTOS/Source/timers.o
 .text.prvCheckForValidListAndQueue
                0x0000000008008180       0x80 ./Middlewares/Third_Party/FreeRTOS/Source/timers.o
 .text.pxPortInitialiseStack
                0x0000000008008200       0x58 ./Middlewares/Third_Party/FreeRTOS/Source/portable/GCC/ARM_CM3/port.o
                0x0000000008008200                pxPortInitialiseStack
 .text.prvTaskExitError
                0x0000000008008258       0x58 ./Middlewares/Third_Party/FreeRTOS/Source/portable/GCC/ARM_CM3/port.o
 .text.SVC_Handler
                0x00000000080082b0       0x28 ./Middlewares/Third_Party/FreeRTOS/Source/portable/GCC/ARM_CM3/port.o
                0x00000000080082b0                SVC_Handler
 .text.prvPortStartFirstTask
                0x00000000080082d8       0x20 ./Middlewares/Third_Party/FreeRTOS/Source/portable/GCC/ARM_CM3/port.o
 .text.xPortStartScheduler
                0x00000000080082f8       0xe4 ./Middlewares/Third_Party/FreeRTOS/Source/portable/GCC/ARM_CM3/port.o
                0x00000000080082f8                xPortStartScheduler
 .text.vPortEnterCritical
                0x00000000080083dc       0x60 ./Middlewares/Third_Party/FreeRTOS/Source/portable/GCC/ARM_CM3/port.o
                0x00000000080083dc                vPortEnterCritical
 .text.vPortExitCritical
                0x000000000800843c       0x50 ./Middlewares/Third_Party/FreeRTOS/Source/portable/GCC/ARM_CM3/port.o
                0x000000000800843c                vPortExitCritical
 *fill*         0x000000000800848c        0x4 
 .text.PendSV_Handler
                0x0000000008008490       0x48 ./Middlewares/Third_Party/FreeRTOS/Source/portable/GCC/ARM_CM3/port.o
                0x0000000008008490                PendSV_Handler
 .text.xPortSysTickHandler
                0x00000000080084d8       0x44 ./Middlewares/Third_Party/FreeRTOS/Source/portable/GCC/ARM_CM3/port.o
                0x00000000080084d8                xPortSysTickHandler
 .text.vPortSetupTimerInterrupt
                0x000000000800851c       0x44 ./Middlewares/Third_Party/FreeRTOS/Source/portable/GCC/ARM_CM3/port.o
                0x000000000800851c                vPortSetupTimerInterrupt
 .text.vPortValidateInterruptPriority
                0x0000000008008560       0x7c ./Middlewares/Third_Party/FreeRTOS/Source/portable/GCC/ARM_CM3/port.o
                0x0000000008008560                vPortValidateInterruptPriority
 .text.pvPortMalloc
                0x00000000080085dc      0x188 ./Middlewares/Third_Party/FreeRTOS/Source/portable/MemMang/heap_4.o
                0x00000000080085dc                pvPortMalloc
 .text.vPortFree
                0x0000000008008764       0xb4 ./Middlewares/Third_Party/FreeRTOS/Source/portable/MemMang/heap_4.o
                0x0000000008008764                vPortFree
 .text.prvHeapInit
                0x0000000008008818       0xc4 ./Middlewares/Third_Party/FreeRTOS/Source/portable/MemMang/heap_4.o
 .text.prvInsertBlockIntoFreeList
                0x00000000080088dc       0xb0 ./Middlewares/Third_Party/FreeRTOS/Source/portable/MemMang/heap_4.o
 .text.__aeabi_atexit
                0x000000000800898c        0xa /Applications/STM32CubeIDE.app/Contents/Eclipse/plugins/com.st.stm32cube.ide.mcu.externaltools.gnu-tools-for-stm32.10.3-2021.10.macos64_1.0.0.202111181127/tools/bin/../lib/gcc/arm-none-eabi/10.3.1/../../../../arm-none-eabi/lib/thumb/v7-m/nofp/libstdc++_nano.a(atexit_arm.o)
                0x000000000800898c                __aeabi_atexit
 .text._ZdlPvj  0x0000000008008996        0x4 /Applications/STM32CubeIDE.app/Contents/Eclipse/plugins/com.st.stm32cube.ide.mcu.externaltools.gnu-tools-for-stm32.10.3-2021.10.macos64_1.0.0.202111181127/tools/bin/../lib/gcc/arm-none-eabi/10.3.1/../../../../arm-none-eabi/lib/thumb/v7-m/nofp/libstdc++_nano.a(del_ops.o)
                0x0000000008008996                operator delete(void*, unsigned int)
 .text._Znwj    0x000000000800899a       0x22 /Applications/STM32CubeIDE.app/Contents/Eclipse/plugins/com.st.stm32cube.ide.mcu.externaltools.gnu-tools-for-stm32.10.3-2021.10.macos64_1.0.0.202111181127/tools/bin/../lib/gcc/arm-none-eabi/10.3.1/../../../../arm-none-eabi/lib/thumb/v7-m/nofp/libstdc++_nano.a(new_op.o)
                0x000000000800899a                operator new(unsigned int)
 .text.__cxa_pure_virtual
                0x00000000080089bc        0x6 /Applications/STM32CubeIDE.app/Contents/Eclipse/plugins/com.st.stm32cube.ide.mcu.externaltools.gnu-tools-for-stm32.10.3-2021.10.macos64_1.0.0.202111181127/tools/bin/../lib/gcc/arm-none-eabi/10.3.1/../../../../arm-none-eabi/lib/thumb/v7-m/nofp/libstdc++_nano.a(pure.o)
                0x00000000080089bc                __cxa_pure_virtual
 .text._ZNSaIcEC2Ev
                0x00000000080089c2        0x2 /Applications/STM32CubeIDE.app/Contents/Eclipse/plugins/com.st.stm32cube.ide.mcu.externaltools.gnu-tools-for-stm32.10.3-2021.10.macos64_1.0.0.202111181127/tools/bin/../lib/gcc/arm-none-eabi/10.3.1/../../../../arm-none-eabi/lib/thumb/v7-m/nofp/libstdc++_nano.a(allocator-inst.o)
                0x00000000080089c2                std::allocator<char>::allocator()
                0x00000000080089c2                std::allocator<char>::allocator()
 .text._ZNSaIcED2Ev
                0x00000000080089c4        0x2 /Applications/STM32CubeIDE.app/Contents/Eclipse/plugins/com.st.stm32cube.ide.mcu.externaltools.gnu-tools-for-stm32.10.3-2021.10.macos64_1.0.0.202111181127/tools/bin/../lib/gcc/arm-none-eabi/10.3.1/../../../../arm-none-eabi/lib/thumb/v7-m/nofp/libstdc++_nano.a(allocator-inst.o)
                0x00000000080089c4                std::allocator<char>::~allocator()
                0x00000000080089c4                std::allocator<char>::~allocator()
 .text._ZNSt11char_traitsIcE4copyEPcPKcj.isra.0
                0x00000000080089c6        0x8 /Applications/STM32CubeIDE.app/Contents/Eclipse/plugins/com.st.stm32cube.ide.mcu.externaltools.gnu-tools-for-stm32.10.3-2021.10.macos64_1.0.0.202111181127/tools/bin/../lib/gcc/arm-none-eabi/10.3.1/../../../../arm-none-eabi/lib/thumb/v7-m/nofp/libstdc++_nano.a(string-inst.o)
 *fill*         0x00000000080089ce        0x2 
 .text._ZNSt7__cxx1112basic_stringIcSt11char_traitsIcESaIcEE9_M_createERjj
                0x00000000080089d0       0x44 /Applications/STM32CubeIDE.app/Contents/Eclipse/plugins/com.st.stm32cube.ide.mcu.externaltools.gnu-tools-for-stm32.10.3-2021.10.macos64_1.0.0.202111181127/tools/bin/../lib/gcc/arm-none-eabi/10.3.1/../../../../arm-none-eabi/lib/thumb/v7-m/nofp/libstdc++_nano.a(string-inst.o)
                0x00000000080089d0                std::__cxx11::basic_string<char, std::char_traits<char>, std::allocator<char> >::_M_create(unsigned int&, unsigned int)
 .text._ZNSt7__cxx1112basic_stringIcSt11char_traitsIcESaIcEE7_S_copyEPcPKcj
                0x0000000008008a14       0x14 /Applications/STM32CubeIDE.app/Contents/Eclipse/plugins/com.st.stm32cube.ide.mcu.externaltools.gnu-tools-for-stm32.10.3-2021.10.macos64_1.0.0.202111181127/tools/bin/../lib/gcc/arm-none-eabi/10.3.1/../../../../arm-none-eabi/lib/thumb/v7-m/nofp/libstdc++_nano.a(string-inst.o)
                0x0000000008008a14                std::__cxx11::basic_string<char, std::char_traits<char>, std::allocator<char> >::_S_copy(char*, char const*, unsigned int)
 .text._ZNSt7__cxx1112basic_stringIcSt11char_traitsIcESaIcEE13_S_copy_charsEPcPKcS7_
                0x0000000008008a28        0xa /Applications/STM32CubeIDE.app/Contents/Eclipse/plugins/com.st.stm32cube.ide.mcu.externaltools.gnu-tools-for-stm32.10.3-2021.10.macos64_1.0.0.202111181127/tools/bin/../lib/gcc/arm-none-eabi/10.3.1/../../../../arm-none-eabi/lib/thumb/v7-m/nofp/libstdc++_nano.a(string-inst.o)
                0x0000000008008a28                std::__cxx11::basic_string<char, std::char_traits<char>, std::allocator<char> >::_S_copy_chars(char*, char const*, char const*)
 *fill*         0x0000000008008a32        0x2 
 .text._ZNSt7__cxx1112basic_stringIcSt11char_traitsIcESaIcEE12_M_constructIPKcEEvT_S8_St20forward_iterator_tag
                0x0000000008008a34       0x48 /Applications/STM32CubeIDE.app/Contents/Eclipse/plugins/com.st.stm32cube.ide.mcu.externaltools.gnu-tools-for-stm32.10.3-2021.10.macos64_1.0.0.202111181127/tools/bin/../lib/gcc/arm-none-eabi/10.3.1/../../../../arm-none-eabi/lib/thumb/v7-m/nofp/libstdc++_nano.a(string-inst.o)
                0x0000000008008a34                void std::__cxx11::basic_string<char, std::char_traits<char>, std::allocator<char> >::_M_construct<char const*>(char const*, char const*, std::forward_iterator_tag)
 .text._ZNSt7__cxx1112basic_stringIcSt11char_traitsIcESaIcEEC2EPKcRKS3_
                0x0000000008008a7c       0x2a /Applications/STM32CubeIDE.app/Contents/Eclipse/plugins/com.st.stm32cube.ide.mcu.externaltools.gnu-tools-for-stm32.10.3-2021.10.macos64_1.0.0.202111181127/tools/bin/../lib/gcc/arm-none-eabi/10.3.1/../../../../arm-none-eabi/lib/thumb/v7-m/nofp/libstdc++_nano.a(string-inst.o)
                0x0000000008008a7c                std::__cxx11::basic_string<char, std::char_traits<char>, std::allocator<char> >::basic_string(char const*, std::allocator<char> const&)
                0x0000000008008a7c                std::__cxx11::basic_string<char, std::char_traits<char>, std::allocator<char> >::basic_string(char const*, std::allocator<char> const&)
 .text._ZdlPv   0x0000000008008aa6        0x4 /Applications/STM32CubeIDE.app/Contents/Eclipse/plugins/com.st.stm32cube.ide.mcu.externaltools.gnu-tools-for-stm32.10.3-2021.10.macos64_1.0.0.202111181127/tools/bin/../lib/gcc/arm-none-eabi/10.3.1/../../../../arm-none-eabi/lib/thumb/v7-m/nofp/libstdc++_nano.a(del_op.o)
                0x0000000008008aa6                operator delete(void*)
 .text._ZN10__cxxabiv111__terminateEPFvvE
                0x0000000008008aaa        0x8 /Applications/STM32CubeIDE.app/Contents/Eclipse/plugins/com.st.stm32cube.ide.mcu.externaltools.gnu-tools-for-stm32.10.3-2021.10.macos64_1.0.0.202111181127/tools/bin/../lib/gcc/arm-none-eabi/10.3.1/../../../../arm-none-eabi/lib/thumb/v7-m/nofp/libstdc++_nano.a(eh_terminate.o)
                0x0000000008008aaa                __cxxabiv1::__terminate(void (*)())
 *fill*         0x0000000008008ab2        0x2 
 .text._ZSt13get_terminatev
                0x0000000008008ab4       0x10 /Applications/STM32CubeIDE.app/Contents/Eclipse/plugins/com.st.stm32cube.ide.mcu.externaltools.gnu-tools-for-stm32.10.3-2021.10.macos64_1.0.0.202111181127/tools/bin/../lib/gcc/arm-none-eabi/10.3.1/../../../../arm-none-eabi/lib/thumb/v7-m/nofp/libstdc++_nano.a(eh_terminate.o)
                0x0000000008008ab4                std::get_terminate()
 .text._ZSt9terminatev
                0x0000000008008ac4        0xa /Applications/STM32CubeIDE.app/Contents/Eclipse/plugins/com.st.stm32cube.ide.mcu.externaltools.gnu-tools-for-stm32.10.3-2021.10.macos64_1.0.0.202111181127/tools/bin/../lib/gcc/arm-none-eabi/10.3.1/../../../../arm-none-eabi/lib/thumb/v7-m/nofp/libstdc++_nano.a(eh_terminate.o)
                0x0000000008008ac4                std::terminate()
 *fill*         0x0000000008008ace        0x2 
 .text._ZSt15get_new_handlerv
                0x0000000008008ad0       0x10 /Applications/STM32CubeIDE.app/Contents/Eclipse/plugins/com.st.stm32cube.ide.mcu.externaltools.gnu-tools-for-stm32.10.3-2021.10.macos64_1.0.0.202111181127/tools/bin/../lib/gcc/arm-none-eabi/10.3.1/../../../../arm-none-eabi/lib/thumb/v7-m/nofp/libstdc++_nano.a(new_handler.o)
                0x0000000008008ad0                std::get_new_handler()
 .text.unlikely._ZSt17__throw_bad_allocv
                0x0000000008008ae0        0x6 /Applications/STM32CubeIDE.app/Contents/Eclipse/plugins/com.st.stm32cube.ide.mcu.externaltools.gnu-tools-for-stm32.10.3-2021.10.macos64_1.0.0.202111181127/tools/bin/../lib/gcc/arm-none-eabi/10.3.1/../../../../arm-none-eabi/lib/thumb/v7-m/nofp/libstdc++_nano.a(functexcept.o)
                0x0000000008008ae0                std::__throw_bad_alloc()
 .text.unlikely._ZSt19__throw_logic_errorPKc
                0x0000000008008ae6        0x6 /Applications/STM32CubeIDE.app/Contents/Eclipse/plugins/com.st.stm32cube.ide.mcu.externaltools.gnu-tools-for-stm32.10.3-2021.10.macos64_1.0.0.202111181127/tools/bin/../lib/gcc/arm-none-eabi/10.3.1/../../../../arm-none-eabi/lib/thumb/v7-m/nofp/libstdc++_nano.a(functexcept.o)
                0x0000000008008ae6                std::__throw_logic_error(char const*)
 .text.unlikely._ZSt20__throw_length_errorPKc
                0x0000000008008aec        0x6 /Applications/STM32CubeIDE.app/Contents/Eclipse/plugins/com.st.stm32cube.ide.mcu.externaltools.gnu-tools-for-stm32.10.3-2021.10.macos64_1.0.0.202111181127/tools/bin/../lib/gcc/arm-none-eabi/10.3.1/../../../../arm-none-eabi/lib/thumb/v7-m/nofp/libstdc++_nano.a(functexcept.o)
                0x0000000008008aec                std::__throw_length_error(char const*)
 .text.abort    0x0000000008008af2        0xe /Applications/STM32CubeIDE.app/Contents/Eclipse/plugins/com.st.stm32cube.ide.mcu.externaltools.gnu-tools-for-stm32.10.3-2021.10.macos64_1.0.0.202111181127/tools/bin/../lib/gcc/arm-none-eabi/10.3.1/../../../../arm-none-eabi/lib/thumb/v7-m/nofp/libc_nano.a(lib_a-abort.o)
                0x0000000008008af2                abort
 .text.__cxa_atexit
                0x0000000008008b00       0x1c /Applications/STM32CubeIDE.app/Contents/Eclipse/plugins/com.st.stm32cube.ide.mcu.externaltools.gnu-tools-for-stm32.10.3-2021.10.macos64_1.0.0.202111181127/tools/bin/../lib/gcc/arm-none-eabi/10.3.1/../../../../arm-none-eabi/lib/thumb/v7-m/nofp/libc_nano.a(lib_a-cxa_atexit.o)
                0x0000000008008b00                __cxa_atexit
 .text.__errno  0x0000000008008b1c        0xc /Applications/STM32CubeIDE.app/Contents/Eclipse/plugins/com.st.stm32cube.ide.mcu.externaltools.gnu-tools-for-stm32.10.3-2021.10.macos64_1.0.0.202111181127/tools/bin/../lib/gcc/arm-none-eabi/10.3.1/../../../../arm-none-eabi/lib/thumb/v7-m/nofp/libc_nano.a(lib_a-errno.o)
                0x0000000008008b1c                __errno
 .text.__libc_init_array
                0x0000000008008b28       0x48 /Applications/STM32CubeIDE.app/Contents/Eclipse/plugins/com.st.stm32cube.ide.mcu.externaltools.gnu-tools-for-stm32.10.3-2021.10.macos64_1.0.0.202111181127/tools/bin/../lib/gcc/arm-none-eabi/10.3.1/../../../../arm-none-eabi/lib/thumb/v7-m/nofp/libc_nano.a(lib_a-init.o)
                0x0000000008008b28                __libc_init_array
 .text.__retarget_lock_acquire_recursive
                0x0000000008008b70        0x2 /Applications/STM32CubeIDE.app/Contents/Eclipse/plugins/com.st.stm32cube.ide.mcu.externaltools.gnu-tools-for-stm32.10.3-2021.10.macos64_1.0.0.202111181127/tools/bin/../lib/gcc/arm-none-eabi/10.3.1/../../../../arm-none-eabi/lib/thumb/v7-m/nofp/libc_nano.a(lib_a-lock.o)
                0x0000000008008b70                __retarget_lock_acquire_recursive
 .text.__retarget_lock_release_recursive
                0x0000000008008b72        0x2 /Applications/STM32CubeIDE.app/Contents/Eclipse/plugins/com.st.stm32cube.ide.mcu.externaltools.gnu-tools-for-stm32.10.3-2021.10.macos64_1.0.0.202111181127/tools/bin/../lib/gcc/arm-none-eabi/10.3.1/../../../../arm-none-eabi/lib/thumb/v7-m/nofp/libc_nano.a(lib_a-lock.o)
                0x0000000008008b72                __retarget_lock_release_recursive
 .text.malloc   0x0000000008008b74       0x10 /Applications/STM32CubeIDE.app/Contents/Eclipse/plugins/com.st.stm32cube.ide.mcu.externaltools.gnu-tools-for-stm32.10.3-2021.10.macos64_1.0.0.202111181127/tools/bin/../lib/gcc/arm-none-eabi/10.3.1/../../../../arm-none-eabi/lib/thumb/v7-m/nofp/libc_nano.a(lib_a-malloc.o)
                0x0000000008008b74                malloc
 .text.free     0x0000000008008b84       0x10 /Applications/STM32CubeIDE.app/Contents/Eclipse/plugins/com.st.stm32cube.ide.mcu.externaltools.gnu-tools-for-stm32.10.3-2021.10.macos64_1.0.0.202111181127/tools/bin/../lib/gcc/arm-none-eabi/10.3.1/../../../../arm-none-eabi/lib/thumb/v7-m/nofp/libc_nano.a(lib_a-malloc.o)
                0x0000000008008b84                free
 .text.memcpy   0x0000000008008b94       0x1c /Applications/STM32CubeIDE.app/Contents/Eclipse/plugins/com.st.stm32cube.ide.mcu.externaltools.gnu-tools-for-stm32.10.3-2021.10.macos64_1.0.0.202111181127/tools/bin/../lib/gcc/arm-none-eabi/10.3.1/../../../../arm-none-eabi/lib/thumb/v7-m/nofp/libc_nano.a(lib_a-memcpy-stub.o)
                0x0000000008008b94                memcpy
 .text.memset   0x0000000008008bb0       0x10 /Applications/STM32CubeIDE.app/Contents/Eclipse/plugins/com.st.stm32cube.ide.mcu.externaltools.gnu-tools-for-stm32.10.3-2021.10.macos64_1.0.0.202111181127/tools/bin/../lib/gcc/arm-none-eabi/10.3.1/../../../../arm-none-eabi/lib/thumb/v7-m/nofp/libc_nano.a(lib_a-memset.o)
                0x0000000008008bb0                memset
 .text._free_r  0x0000000008008bc0       0x90 /Applications/STM32CubeIDE.app/Contents/Eclipse/plugins/com.st.stm32cube.ide.mcu.externaltools.gnu-tools-for-stm32.10.3-2021.10.macos64_1.0.0.202111181127/tools/bin/../lib/gcc/arm-none-eabi/10.3.1/../../../../arm-none-eabi/lib/thumb/v7-m/nofp/libc_nano.a(lib_a-nano-freer.o)
                0x0000000008008bc0                _free_r
 .text.sbrk_aligned
                0x0000000008008c50       0x40 /Applications/STM32CubeIDE.app/Contents/Eclipse/plugins/com.st.stm32cube.ide.mcu.externaltools.gnu-tools-for-stm32.10.3-2021.10.macos64_1.0.0.202111181127/tools/bin/../lib/gcc/arm-none-eabi/10.3.1/../../../../arm-none-eabi/lib/thumb/v7-m/nofp/libc_nano.a(lib_a-nano-mallocr.o)
 .text._malloc_r
                0x0000000008008c90       0xe8 /Applications/STM32CubeIDE.app/Contents/Eclipse/plugins/com.st.stm32cube.ide.mcu.externaltools.gnu-tools-for-stm32.10.3-2021.10.macos64_1.0.0.202111181127/tools/bin/../lib/gcc/arm-none-eabi/10.3.1/../../../../arm-none-eabi/lib/thumb/v7-m/nofp/libc_nano.a(lib_a-nano-mallocr.o)
                0x0000000008008c90                _malloc_r
 .text.cleanup_glue
                0x0000000008008d78       0x1a /Applications/STM32CubeIDE.app/Contents/Eclipse/plugins/com.st.stm32cube.ide.mcu.externaltools.gnu-tools-for-stm32.10.3-2021.10.macos64_1.0.0.202111181127/tools/bin/../lib/gcc/arm-none-eabi/10.3.1/../../../../arm-none-eabi/lib/thumb/v7-m/nofp/libc_nano.a(lib_a-reent.o)
                0x0000000008008d78                cleanup_glue
 *fill*         0x0000000008008d92        0x2 
 .text._reclaim_reent
                0x0000000008008d94       0xb8 /Applications/STM32CubeIDE.app/Contents/Eclipse/plugins/com.st.stm32cube.ide.mcu.externaltools.gnu-tools-for-stm32.10.3-2021.10.macos64_1.0.0.202111181127/tools/bin/../lib/gcc/arm-none-eabi/10.3.1/../../../../arm-none-eabi/lib/thumb/v7-m/nofp/libc_nano.a(lib_a-reent.o)
                0x0000000008008d94                _reclaim_reent
 .text._sbrk_r  0x0000000008008e4c       0x20 /Applications/STM32CubeIDE.app/Contents/Eclipse/plugins/com.st.stm32cube.ide.mcu.externaltools.gnu-tools-for-stm32.10.3-2021.10.macos64_1.0.0.202111181127/tools/bin/../lib/gcc/arm-none-eabi/10.3.1/../../../../arm-none-eabi/lib/thumb/v7-m/nofp/libc_nano.a(lib_a-sbrkr.o)
                0x0000000008008e4c                _sbrk_r
 .text._raise_r
                0x0000000008008e6c       0x50 /Applications/STM32CubeIDE.app/Contents/Eclipse/plugins/com.st.stm32cube.ide.mcu.externaltools.gnu-tools-for-stm32.10.3-2021.10.macos64_1.0.0.202111181127/tools/bin/../lib/gcc/arm-none-eabi/10.3.1/../../../../arm-none-eabi/lib/thumb/v7-m/nofp/libc_nano.a(lib_a-signal.o)
                0x0000000008008e6c                _raise_r
 .text.raise    0x0000000008008ebc       0x10 /Applications/STM32CubeIDE.app/Contents/Eclipse/plugins/com.st.stm32cube.ide.mcu.externaltools.gnu-tools-for-stm32.10.3-2021.10.macos64_1.0.0.202111181127/tools/bin/../lib/gcc/arm-none-eabi/10.3.1/../../../../arm-none-eabi/lib/thumb/v7-m/nofp/libc_nano.a(lib_a-signal.o)
                0x0000000008008ebc                raise
 .text._kill_r  0x0000000008008ecc       0x24 /Applications/STM32CubeIDE.app/Contents/Eclipse/plugins/com.st.stm32cube.ide.mcu.externaltools.gnu-tools-for-stm32.10.3-2021.10.macos64_1.0.0.202111181127/tools/bin/../lib/gcc/arm-none-eabi/10.3.1/../../../../arm-none-eabi/lib/thumb/v7-m/nofp/libc_nano.a(lib_a-signalr.o)
                0x0000000008008ecc                _kill_r
 .text._getpid_r
                0x0000000008008ef0        0x4 /Applications/STM32CubeIDE.app/Contents/Eclipse/plugins/com.st.stm32cube.ide.mcu.externaltools.gnu-tools-for-stm32.10.3-2021.10.macos64_1.0.0.202111181127/tools/bin/../lib/gcc/arm-none-eabi/10.3.1/../../../../arm-none-eabi/lib/thumb/v7-m/nofp/libc_nano.a(lib_a-signalr.o)
                0x0000000008008ef0                _getpid_r
 .text.__malloc_lock
                0x0000000008008ef4        0xc /Applications/STM32CubeIDE.app/Contents/Eclipse/plugins/com.st.stm32cube.ide.mcu.externaltools.gnu-tools-for-stm32.10.3-2021.10.macos64_1.0.0.202111181127/tools/bin/../lib/gcc/arm-none-eabi/10.3.1/../../../../arm-none-eabi/lib/thumb/v7-m/nofp/libc_nano.a(lib_a-mlock.o)
                0x0000000008008ef4                __malloc_lock
 .text.__malloc_unlock
                0x0000000008008f00        0xc /Applications/STM32CubeIDE.app/Contents/Eclipse/plugins/com.st.stm32cube.ide.mcu.externaltools.gnu-tools-for-stm32.10.3-2021.10.macos64_1.0.0.202111181127/tools/bin/../lib/gcc/arm-none-eabi/10.3.1/../../../../arm-none-eabi/lib/thumb/v7-m/nofp/libc_nano.a(lib_a-mlock.o)
                0x0000000008008f00                __malloc_unlock
 *(.glue_7)
 .glue_7        0x0000000008008f0c        0x0 linker stubs
 *(.glue_7t)
 .glue_7t       0x0000000008008f0c        0x0 linker stubs
 *(.eh_frame)
 .eh_frame      0x0000000008008f0c        0x0 /Applications/STM32CubeIDE.app/Contents/Eclipse/plugins/com.st.stm32cube.ide.mcu.externaltools.gnu-tools-for-stm32.10.3-2021.10.macos64_1.0.0.202111181127/tools/bin/../lib/gcc/arm-none-eabi/10.3.1/thumb/v7-m/nofp/crtbegin.o
 *(.init)
 .init          0x0000000008008f0c        0x4 /Applications/STM32CubeIDE.app/Contents/Eclipse/plugins/com.st.stm32cube.ide.mcu.externaltools.gnu-tools-for-stm32.10.3-2021.10.macos64_1.0.0.202111181127/tools/bin/../lib/gcc/arm-none-eabi/10.3.1/thumb/v7-m/nofp/crti.o
                0x0000000008008f0c                _init
 .init          0x0000000008008f10        0x8 /Applications/STM32CubeIDE.app/Contents/Eclipse/plugins/com.st.stm32cube.ide.mcu.externaltools.gnu-tools-for-stm32.10.3-2021.10.macos64_1.0.0.202111181127/tools/bin/../lib/gcc/arm-none-eabi/10.3.1/thumb/v7-m/nofp/crtn.o
 *(.fini)
 .fini          0x0000000008008f18        0x4 /Applications/STM32CubeIDE.app/Contents/Eclipse/plugins/com.st.stm32cube.ide.mcu.externaltools.gnu-tools-for-stm32.10.3-2021.10.macos64_1.0.0.202111181127/tools/bin/../lib/gcc/arm-none-eabi/10.3.1/thumb/v7-m/nofp/crti.o
                0x0000000008008f18                _fini
 .fini          0x0000000008008f1c        0x8 /Applications/STM32CubeIDE.app/Contents/Eclipse/plugins/com.st.stm32cube.ide.mcu.externaltools.gnu-tools-for-stm32.10.3-2021.10.macos64_1.0.0.202111181127/tools/bin/../lib/gcc/arm-none-eabi/10.3.1/thumb/v7-m/nofp/crtn.o
                0x0000000008008f24                . = ALIGN (0x4)
                0x0000000008008f24                _etext = .

.vfp11_veneer   0x0000000008008f24        0x0
 .vfp11_veneer  0x0000000008008f24        0x0 linker stubs

.v4_bx          0x0000000008008f24        0x0
 .v4_bx         0x0000000008008f24        0x0 linker stubs

.iplt           0x0000000008008f24        0x0
 .iplt          0x0000000008008f24        0x0 /Applications/STM32CubeIDE.app/Contents/Eclipse/plugins/com.st.stm32cube.ide.mcu.externaltools.gnu-tools-for-stm32.10.3-2021.10.macos64_1.0.0.202111181127/tools/bin/../lib/gcc/arm-none-eabi/10.3.1/thumb/v7-m/nofp/crtbegin.o

.rodata         0x0000000008008f24      0x2f4
                0x0000000008008f24                . = ALIGN (0x4)
 *(.rodata)
 .rodata        0x0000000008008f24        0x8 ./Core/Src/DACPCM1681.o
 .rodata        0x0000000008008f2c       0x1f ./Core/Src/main.o
 *fill*         0x0000000008008f4b        0x1 
 .rodata        0x0000000008008f4c       0x10 ./Drivers/STM32F1xx_HAL_Driver/Src/stm32f1xx_hal_rcc.o
 .rodata        0x0000000008008f5c        0x5 ./Middlewares/Third_Party/FreeRTOS/Source/tasks.o
 *fill*         0x0000000008008f61        0x3 
 .rodata        0x0000000008008f64        0xd ./Middlewares/Third_Party/FreeRTOS/Source/timers.o
 *(.rodata*)
 *fill*         0x0000000008008f71        0x3 
 .rodata._ZTV9Amplifier
                0x0000000008008f74       0x18 ./Core/Src/Amplifier.o
                0x0000000008008f74                vtable for Amplifier
 .rodata._ZTV6DAC_IC
                0x0000000008008f8c       0x44 ./Core/Src/DAC.o
                0x0000000008008f8c                vtable for DAC_IC
 .rodata._ZTV11DAC_PCM1681
                0x0000000008008fd0       0x44 ./Core/Src/DACPCM1681.o
                0x0000000008008fd0                vtable for DAC_PCM1681
 .rodata._ZTV7Display
                0x0000000008009014       0x14 ./Core/Src/Display.o
                0x0000000008009014                vtable for Display
 .rodata._ZTV12DolbyDecoder
                0x0000000008009028       0x20 ./Core/Src/DolbyDecoder.o
                0x0000000008009028                vtable for DolbyDecoder
 .rodata._ZTV19DolbyDecoder_STA310
                0x0000000008009048       0x20 ./Core/Src/DolbyDecoderSTA310.o
                0x0000000008009048                vtable for DolbyDecoder_STA310
 .rodata._ZTV3I2C
                0x0000000008009068       0x10 ./Core/Src/I2C.o
                0x0000000008009068                vtable for I2C
 .rodata._ZTV10I2C_Device
                0x0000000008009078       0x24 ./Core/Src/I2CDevice.o
                0x0000000008009078                vtable for I2C_Device
 .rodata._ZTV3LED
                0x000000000800909c       0x1c ./Core/Src/LED.o
                0x000000000800909c                vtable for LED
 .rodata._ZTV2UI
                0x00000000080090b8       0x14 ./Core/Src/UI.o
                0x00000000080090b8                vtable for UI
 .rodata._ZL22defaultTask_attributes
                0x00000000080090cc       0x24 ./Core/Src/main.o
 .rodata._ZL18display_attributes
                0x00000000080090f0       0x24 ./Core/Src/main.o
 .rodata._ZL16audio_attributes
                0x0000000008009114       0x24 ./Core/Src/main.o
 .rodata._ZL13UI_attributes
                0x0000000008009138       0x24 ./Core/Src/main.o
 .rodata.AHBPrescTable
                0x000000000800915c       0x10 ./Core/Src/system_stm32f1xx.o
                0x000000000800915c                AHBPrescTable
 .rodata.APBPrescTable
                0x000000000800916c        0x8 ./Core/Src/system_stm32f1xx.o
                0x000000000800916c                APBPrescTable
 .rodata._ZNSt7__cxx1112basic_stringIcSt11char_traitsIcESaIcEE9_M_createERjj.str1.1
                0x0000000008009174       0x18 /Applications/STM32CubeIDE.app/Contents/Eclipse/plugins/com.st.stm32cube.ide.mcu.externaltools.gnu-tools-for-stm32.10.3-2021.10.macos64_1.0.0.202111181127/tools/bin/../lib/gcc/arm-none-eabi/10.3.1/../../../../arm-none-eabi/lib/thumb/v7-m/nofp/libstdc++_nano.a(string-inst.o)
 .rodata._ZNSt7__cxx1112basic_stringIcSt11char_traitsIcESaIcEE12_M_constructIPcEEvT_S7_St20forward_iterator_tag.str1.1
                0x000000000800918c       0x2a /Applications/STM32CubeIDE.app/Contents/Eclipse/plugins/com.st.stm32cube.ide.mcu.externaltools.gnu-tools-for-stm32.10.3-2021.10.macos64_1.0.0.202111181127/tools/bin/../lib/gcc/arm-none-eabi/10.3.1/../../../../arm-none-eabi/lib/thumb/v7-m/nofp/libstdc++_nano.a(string-inst.o)
 *fill*         0x00000000080091b6        0x2 
 .rodata.__sf_fake_stderr
                0x00000000080091b8       0x20 /Applications/STM32CubeIDE.app/Contents/Eclipse/plugins/com.st.stm32cube.ide.mcu.externaltools.gnu-tools-for-stm32.10.3-2021.10.macos64_1.0.0.202111181127/tools/bin/../lib/gcc/arm-none-eabi/10.3.1/../../../../arm-none-eabi/lib/thumb/v7-m/nofp/libc_nano.a(lib_a-findfp.o)
                0x00000000080091b8                __sf_fake_stderr
 .rodata.__sf_fake_stdin
                0x00000000080091d8       0x20 /Applications/STM32CubeIDE.app/Contents/Eclipse/plugins/com.st.stm32cube.ide.mcu.externaltools.gnu-tools-for-stm32.10.3-2021.10.macos64_1.0.0.202111181127/tools/bin/../lib/gcc/arm-none-eabi/10.3.1/../../../../arm-none-eabi/lib/thumb/v7-m/nofp/libc_nano.a(lib_a-findfp.o)
                0x00000000080091d8                __sf_fake_stdin
 .rodata.__sf_fake_stdout
                0x00000000080091f8       0x20 /Applications/STM32CubeIDE.app/Contents/Eclipse/plugins/com.st.stm32cube.ide.mcu.externaltools.gnu-tools-for-stm32.10.3-2021.10.macos64_1.0.0.202111181127/tools/bin/../lib/gcc/arm-none-eabi/10.3.1/../../../../arm-none-eabi/lib/thumb/v7-m/nofp/libc_nano.a(lib_a-findfp.o)
                0x00000000080091f8                __sf_fake_stdout
                0x0000000008009218                . = ALIGN (0x4)

.ARM.extab      0x0000000008009218       0x84
                0x0000000008009218                . = ALIGN (0x4)
 *(.ARM.extab* .gnu.linkonce.armextab.*)
 .ARM.extab.text._ZN9Amplifier5getUIEv
                0x0000000008009218        0x0 ./Core/Src/main.o
 .ARM.extab.text._ZN9Amplifier10getDisplayEv
                0x0000000008009218        0x0 ./Core/Src/main.o
 .ARM.extab.text.main
                0x0000000008009218        0xc ./Core/Src/main.o
 .ARM.extab.text._Z18SystemClock_Configv
                0x0000000008009224        0xc ./Core/Src/main.o
 .ARM.extab.text._ZL12MX_TIM3_Initv
                0x0000000008009230        0xc ./Core/Src/main.o
 .ARM.extab.text._ZL12MX_TIM4_Initv
                0x000000000800923c        0xc ./Core/Src/main.o
 .ARM.extab.text._ZL12MX_GPIO_Initv
                0x0000000008009248        0xc ./Core/Src/main.o
 .ARM.extab.text._Z16StartDefaultTaskPv
                0x0000000008009254        0xc ./Core/Src/main.o
 .ARM.extab.text._Z12startDisplayPv
                0x0000000008009260        0xc ./Core/Src/main.o
 .ARM.extab.text._Z10startAudioPv
                0x000000000800926c        0xc ./Core/Src/main.o
 .ARM.extab.text._Z7startUIPv
                0x0000000008009278        0xc ./Core/Src/main.o
 .ARM.extab     0x0000000008009284       0x18 /Applications/STM32CubeIDE.app/Contents/Eclipse/plugins/com.st.stm32cube.ide.mcu.externaltools.gnu-tools-for-stm32.10.3-2021.10.macos64_1.0.0.202111181127/tools/bin/../lib/gcc/arm-none-eabi/10.3.1/thumb/v7-m/nofp/libgcc.a(pr-support.o)
                0x000000000800929c                . = ALIGN (0x4)

.ARM            0x000000000800929c      0x118
                0x000000000800929c                . = ALIGN (0x4)
                0x000000000800929c                __exidx_start = .
 *(.ARM.exidx*)
 .ARM.exidx.text._ZN9Amplifier5getUIEv
                0x0000000008009354        0x0 ./Core/Src/main.o
                                          0x8 (size before relaxing)
 .ARM.exidx.text._ZN9Amplifier10getDisplayEv
                0x0000000008009354        0x0 ./Core/Src/main.o
                                          0x8 (size before relaxing)
 .ARM.exidx.text.main
                0x0000000008009354        0x8 ./Core/Src/main.o
 .ARM.exidx.text._Z18SystemClock_Configv
                0x000000000800935c        0x8 ./Core/Src/main.o
 .ARM.exidx.text._ZL12MX_I2C1_Initv
                0x0000000008009364        0x8 ./Core/Src/main.o
 .ARM.exidx.text._ZL12MX_SPI1_Initv
                0x000000000800936c        0x0 ./Core/Src/main.o
                                          0x8 (size before relaxing)
 .ARM.exidx.text._ZL12MX_SPI2_Initv
                0x000000000800936c        0x0 ./Core/Src/main.o
                                          0x8 (size before relaxing)
 .ARM.exidx.text._ZL12MX_TIM3_Initv
                0x000000000800936c        0x8 ./Core/Src/main.o
 .ARM.exidx.text._ZL12MX_TIM4_Initv
                0x0000000008009374        0x8 ./Core/Src/main.o
 .ARM.exidx.text._ZL19MX_USART3_UART_Initv
                0x000000000800937c        0x8 ./Core/Src/main.o
 .ARM.exidx.text._ZL12MX_GPIO_Initv
                0x0000000008009384        0x8 ./Core/Src/main.o
 .ARM.exidx.text._Z16StartDefaultTaskPv
                0x000000000800938c        0x8 ./Core/Src/main.o
 .ARM.exidx.text._Z12startDisplayPv
                0x0000000008009394        0x8 ./Core/Src/main.o
 .ARM.exidx.text._Z10startAudioPv
                0x000000000800939c        0x8 ./Core/Src/main.o
 .ARM.exidx.text._Z7startUIPv
                0x00000000080093a4        0x8 ./Core/Src/main.o
 .ARM.exidx.text.Error_Handler
                0x00000000080093ac        0x8 ./Core/Src/main.o
 .ARM.exidx.text._Z41__static_initialization_and_destruction_0ii
                0x00000000080093b4        0x0 ./Core/Src/main.o
                                          0x8 (size before relaxing)
 .ARM.exidx.text._GLOBAL__sub_I_hi2c1
                0x00000000080093b4        0x0 ./Core/Src/main.o
                                          0x8 (size before relaxing)
 .ARM.exidx     0x000000000800929c       0x80 /Applications/STM32CubeIDE.app/Contents/Eclipse/plugins/com.st.stm32cube.ide.mcu.externaltools.gnu-tools-for-stm32.10.3-2021.10.macos64_1.0.0.202111181127/tools/bin/../lib/gcc/arm-none-eabi/10.3.1/thumb/v7-m/nofp/libgcc.a(unwind-arm.o)
                                         0xd8 (size before relaxing)
 .ARM.exidx     0x000000000800931c       0x38 /Applications/STM32CubeIDE.app/Contents/Eclipse/plugins/com.st.stm32cube.ide.mcu.externaltools.gnu-tools-for-stm32.10.3-2021.10.macos64_1.0.0.202111181127/tools/bin/../lib/gcc/arm-none-eabi/10.3.1/thumb/v7-m/nofp/libgcc.a(pr-support.o)
                0x00000000080093b4                __exidx_end = .
                0x00000000080093b4                . = ALIGN (0x4)

.rel.dyn        0x00000000080093b4        0x0
 .rel.iplt      0x00000000080093b4        0x0 /Applications/STM32CubeIDE.app/Contents/Eclipse/plugins/com.st.stm32cube.ide.mcu.externaltools.gnu-tools-for-stm32.10.3-2021.10.macos64_1.0.0.202111181127/tools/bin/../lib/gcc/arm-none-eabi/10.3.1/thumb/v7-m/nofp/crtbegin.o

.preinit_array  0x00000000080093b4        0x0
                0x00000000080093b4                . = ALIGN (0x4)
                0x00000000080093b4                PROVIDE (__preinit_array_start = .)
 *(.preinit_array*)
                0x00000000080093b4                PROVIDE (__preinit_array_end = .)
                0x00000000080093b4                . = ALIGN (0x4)

.init_array     0x00000000080093b4        0x8
                0x00000000080093b4                . = ALIGN (0x4)
                0x00000000080093b4                PROVIDE (__init_array_start = .)
 *(SORT_BY_NAME(.init_array.*))
 *(.init_array*)
 .init_array    0x00000000080093b4        0x4 /Applications/STM32CubeIDE.app/Contents/Eclipse/plugins/com.st.stm32cube.ide.mcu.externaltools.gnu-tools-for-stm32.10.3-2021.10.macos64_1.0.0.202111181127/tools/bin/../lib/gcc/arm-none-eabi/10.3.1/thumb/v7-m/nofp/crtbegin.o
 .init_array    0x00000000080093b8        0x4 ./Core/Src/main.o
                0x00000000080093bc                PROVIDE (__init_array_end = .)
                0x00000000080093bc                . = ALIGN (0x4)

.fini_array     0x00000000080093bc        0x4
                0x00000000080093bc                . = ALIGN (0x4)
                [!provide]                        PROVIDE (__fini_array_start = .)
 *(SORT_BY_NAME(.fini_array.*))
 *(.fini_array*)
 .fini_array    0x00000000080093bc        0x4 /Applications/STM32CubeIDE.app/Contents/Eclipse/plugins/com.st.stm32cube.ide.mcu.externaltools.gnu-tools-for-stm32.10.3-2021.10.macos64_1.0.0.202111181127/tools/bin/../lib/gcc/arm-none-eabi/10.3.1/thumb/v7-m/nofp/crtbegin.o
                [!provide]                        PROVIDE (__fini_array_end = .)
                0x00000000080093c0                . = ALIGN (0x4)
                0x00000000080093c0                _sidata = LOADADDR (.data)

.data           0x0000000020000000       0x7c load address 0x00000000080093c0