Archive member included to satisfy reference by file (symbol)

/Applications/STM32CubeIDE.app/Contents/Eclipse/plugins/com.st.stm32cube.ide.mcu.externaltools.gnu-tools-for-stm32.10.3-2021.10.macos64_1.0.0.202111181127/tools/bin/../lib/gcc/arm-none-eabi/10.3.1/../../../../arm-none-eabi/lib/thumb/v7-m/nofp/libc_nano.a(lib_a-errno.o)
                              ./Core/Src/syscalls.o (__errno)
/Applications/STM32CubeIDE.app/Contents/Eclipse/plugins/com.st.stm32cube.ide.mcu.externaltools.gnu-tools-for-stm32.10.3-2021.10.macos64_1.0.0.202111181127/tools/bin/../lib/gcc/arm-none-eabi/10.3.1/../../../../arm-none-eabi/lib/thumb/v7-m/nofp/libc_nano.a(lib_a-exit.o)
                              /Applications/STM32CubeIDE.app/Contents/Eclipse/plugins/com.st.stm32cube.ide.mcu.externaltools.gnu-tools-for-stm32.10.3-2021.10.macos64_1.0.0.202111181127/tools/bin/../lib/gcc/arm-none-eabi/10.3.1/../../../../arm-none-eabi/lib/thumb/v7-m/nofp/crt0.o (exit)
/Applications/STM32CubeIDE.app/Contents/Eclipse/plugins/com.st.stm32cube.ide.mcu.externaltools.gnu-tools-for-stm32.10.3-2021.10.macos64_1.0.0.202111181127/tools/bin/../lib/gcc/arm-none-eabi/10.3.1/../../../../arm-none-eabi/lib/thumb/v7-m/nofp/libc_nano.a(lib_a-impure.o)
                              /Applications/STM32CubeIDE.app/Contents/Eclipse/plugins/com.st.stm32cube.ide.mcu.externaltools.gnu-tools-for-stm32.10.3-2021.10.macos64_1.0.0.202111181127/tools/bin/../lib/gcc/arm-none-eabi/10.3.1/../../../../arm-none-eabi/lib/thumb/v7-m/nofp/libc_nano.a(lib_a-exit.o) (_global_impure_ptr)
/Applications/STM32CubeIDE.app/Contents/Eclipse/plugins/com.st.stm32cube.ide.mcu.externaltools.gnu-tools-for-stm32.10.3-2021.10.macos64_1.0.0.202111181127/tools/bin/../lib/gcc/arm-none-eabi/10.3.1/../../../../arm-none-eabi/lib/thumb/v7-m/nofp/libc_nano.a(lib_a-init.o)
                              /Applications/STM32CubeIDE.app/Contents/Eclipse/plugins/com.st.stm32cube.ide.mcu.externaltools.gnu-tools-for-stm32.10.3-2021.10.macos64_1.0.0.202111181127/tools/bin/../lib/gcc/arm-none-eabi/10.3.1/../../../../arm-none-eabi/lib/thumb/v7-m/nofp/crt0.o (__libc_init_array)
/Applications/STM32CubeIDE.app/Contents/Eclipse/plugins/com.st.stm32cube.ide.mcu.externaltools.gnu-tools-for-stm32.10.3-2021.10.macos64_1.0.0.202111181127/tools/bin/../lib/gcc/arm-none-eabi/10.3.1/../../../../arm-none-eabi/lib/thumb/v7-m/nofp/libc_nano.a(lib_a-memcpy-stub.o)
                              ./Middlewares/Third_Party/FreeRTOS/Source/queue.o (memcpy)
/Applications/STM32CubeIDE.app/Contents/Eclipse/plugins/com.st.stm32cube.ide.mcu.externaltools.gnu-tools-for-stm32.10.3-2021.10.macos64_1.0.0.202111181127/tools/bin/../lib/gcc/arm-none-eabi/10.3.1/../../../../arm-none-eabi/lib/thumb/v7-m/nofp/libc_nano.a(lib_a-memset.o)
                              /Applications/STM32CubeIDE.app/Contents/Eclipse/plugins/com.st.stm32cube.ide.mcu.externaltools.gnu-tools-for-stm32.10.3-2021.10.macos64_1.0.0.202111181127/tools/bin/../lib/gcc/arm-none-eabi/10.3.1/../../../../arm-none-eabi/lib/thumb/v7-m/nofp/crt0.o (memset)

Discarded input sections

 .text          0x0000000000000000        0x0 /Applications/STM32CubeIDE.app/Contents/Eclipse/plugins/com.st.stm32cube.ide.mcu.externaltools.gnu-tools-for-stm32.10.3-2021.10.macos64_1.0.0.202111181127/tools/bin/../lib/gcc/arm-none-eabi/10.3.1/thumb/v7-m/nofp/crti.o
 .data          0x0000000000000000        0x0 /Applications/STM32CubeIDE.app/Contents/Eclipse/plugins/com.st.stm32cube.ide.mcu.externaltools.gnu-tools-for-stm32.10.3-2021.10.macos64_1.0.0.202111181127/tools/bin/../lib/gcc/arm-none-eabi/10.3.1/thumb/v7-m/nofp/crti.o
 .bss           0x0000000000000000        0x0 /Applications/STM32CubeIDE.app/Contents/Eclipse/plugins/com.st.stm32cube.ide.mcu.externaltools.gnu-tools-for-stm32.10.3-2021.10.macos64_1.0.0.202111181127/tools/bin/../lib/gcc/arm-none-eabi/10.3.1/thumb/v7-m/nofp/crti.o
 .data          0x0000000000000000        0x4 /Applications/STM32CubeIDE.app/Contents/Eclipse/plugins/com.st.stm32cube.ide.mcu.externaltools.gnu-tools-for-stm32.10.3-2021.10.macos64_1.0.0.202111181127/tools/bin/../lib/gcc/arm-none-eabi/10.3.1/thumb/v7-m/nofp/crtbegin.o
 .rodata        0x0000000000000000       0x24 /Applications/STM32CubeIDE.app/Contents/Eclipse/plugins/com.st.stm32cube.ide.mcu.externaltools.gnu-tools-for-stm32.10.3-2021.10.macos64_1.0.0.202111181127/tools/bin/../lib/gcc/arm-none-eabi/10.3.1/thumb/v7-m/nofp/crtbegin.o
 .text          0x0000000000000000       0x7c /Applications/STM32CubeIDE.app/Contents/Eclipse/plugins/com.st.stm32cube.ide.mcu.externaltools.gnu-tools-for-stm32.10.3-2021.10.macos64_1.0.0.202111181127/tools/bin/../lib/gcc/arm-none-eabi/10.3.1/../../../../arm-none-eabi/lib/thumb/v7-m/nofp/crt0.o
 .data          0x0000000000000000        0x0 /Applications/STM32CubeIDE.app/Contents/Eclipse/plugins/com.st.stm32cube.ide.mcu.externaltools.gnu-tools-for-stm32.10.3-2021.10.macos64_1.0.0.202111181127/tools/bin/../lib/gcc/arm-none-eabi/10.3.1/../../../../arm-none-eabi/lib/thumb/v7-m/nofp/crt0.o
[...]
Memory Configuration

Name             Origin             Length             Attributes
RAM              0x0000000020000000 0x0000000000010000 xrw
FLASH            0x0000000008000000 0x0000000000060000 xr
*default*        0x0000000000000000 0xffffffffffffffff

Linker script and memory map

LOAD /Applications/STM32CubeIDE.app/Contents/Eclipse/plugins/com.st.stm32cube.ide.mcu.externaltools.gnu-tools-for-stm32.10.3-2021.10.macos64_1.0.0.202111181127/tools/bin/../lib/gcc/arm-none-eabi/10.3.1/thumb/v7-m/nofp/crti.o
LOAD /Applications/STM32CubeIDE.app/Contents/Eclipse/plugins/com.st.stm32cube.ide.mcu.externaltools.gnu-tools-for-stm32.10.3-2021.10.macos64_1.0.0.202111181127/tools/bin/../lib/gcc/arm-none-eabi/10.3.1/thumb/v7-m/nofp/crtbegin.o
LOAD /Applications/STM32CubeIDE.app/Contents/Eclipse/plugins/com.st.stm32cube.ide.mcu.externaltools.gnu-tools-for-stm32.10.3-2021.10.macos64_1.0.0.202111181127/tools/bin/../lib/gcc/arm-none-eabi/10.3.1/../../../../arm-none-eabi/lib/thumb/v7-m/nofp/crt0.o
LOAD ./Core/Src/freertos.o
LOAD ./Core/Src/main.o
LOAD ./Core/Src/stm32f1xx_hal_msp.o
LOAD ./Core/Src/stm32f1xx_it.o
LOAD ./Core/Src/syscalls.o
LOAD ./Core/Src/sysmem.o
LOAD ./Core/Src/system_stm32f1xx.o
LOAD ./Core/Startup/startup_stm32f103vdtx.o
LOAD ./Drivers/STM32F1xx_HAL_Driver/Src/stm32f1xx_hal.o
LOAD ./Drivers/STM32F1xx_HAL_Driver/Src/stm32f1xx_hal_cortex.o
LOAD ./Drivers/STM32F1xx_HAL_Driver/Src/stm32f1xx_hal_dma.o
LOAD ./Drivers/STM32F1xx_HAL_Driver/Src/stm32f1xx_hal_exti.o
LOAD ./Drivers/STM32F1xx_HAL_Driver/Src/stm32f1xx_hal_flash.o
LOAD ./Drivers/STM32F1xx_HAL_Driver/Src/stm32f1xx_hal_flash_ex.o
LOAD ./Drivers/STM32F1xx_HAL_Driver/Src/stm32f1xx_hal_gpio.o
LOAD ./Drivers/STM32F1xx_HAL_Driver/Src/stm32f1xx_hal_gpio_ex.o
LOAD ./Drivers/STM32F1xx_HAL_Driver/Src/stm32f1xx_hal_pcd.o
LOAD ./Drivers/STM32F1xx_HAL_Driver/Src/stm32f1xx_hal_pcd_ex.o
LOAD ./Drivers/STM32F1xx_HAL_Driver/Src/stm32f1xx_hal_pwr.o
LOAD ./Drivers/STM32F1xx_HAL_Driver/Src/stm32f1xx_hal_rcc.o
LOAD ./Drivers/STM32F1xx_HAL_Driver/Src/stm32f1xx_hal_rcc_ex.o
LOAD ./Drivers/STM32F1xx_HAL_Driver/Src/stm32f1xx_hal_spi.o
LOAD ./Drivers/STM32F1xx_HAL_Driver/Src/stm32f1xx_hal_tim.o
LOAD ./Drivers/STM32F1xx_HAL_Driver/Src/stm32f1xx_hal_tim_ex.o
LOAD ./Drivers/STM32F1xx_HAL_Driver/Src/stm32f1xx_ll_usb.o
LOAD ./Middlewares/ST/STM32_USB_Device_Library/Class/CDC/Src/usbd_cdc.o
LOAD ./Middlewares/ST/STM32_USB_Device_Library/Core/Src/usbd_core.o
LOAD ./Middlewares/ST/STM32_USB_Device_Library/Core/Src/usbd_ctlreq.o
LOAD ./Middlewares/ST/STM32_USB_Device_Library/Core/Src/usbd_ioreq.o
LOAD ./Middlewares/Third_Party/FreeRTOS/Source/CMSIS_RTOS/cmsis_os.o
LOAD ./Middlewares/Third_Party/FreeRTOS/Source/croutine.o
LOAD ./Middlewares/Third_Party/FreeRTOS/Source/event_groups.o
LOAD ./Middlewares/Third_Party/FreeRTOS/Source/list.o
LOAD ./Middlewares/Third_Party/FreeRTOS/Source/queue.o
LOAD ./Middlewares/Third_Party/FreeRTOS/Source/stream_buffer.o
LOAD ./Middlewares/Third_Party/FreeRTOS/Source/tasks.o
LOAD ./Middlewares/Third_Party/FreeRTOS/Source/timers.o
LOAD ./Middlewares/Third_Party/FreeRTOS/Source/portable/GCC/ARM_CM3/port.o
LOAD ./Middlewares/Third_Party/FreeRTOS/Source/portable/MemMang/heap_4.o
LOAD ./USB_DEVICE/App/usb_device.o
LOAD ./USB_DEVICE/App/usbd_cdc_if.o
LOAD ./USB_DEVICE/App/usbd_desc.o
LOAD ./USB_DEVICE/Target/usbd_conf.o
START GROUP
LOAD /Applications/STM32CubeIDE.app/Contents/Eclipse/plugins/com.st.stm32cube.ide.mcu.externaltools.gnu-tools-for-stm32.10.3-2021.10.macos64_1.0.0.202111181127/tools/bin/../lib/gcc/arm-none-eabi/10.3.1/../../../../arm-none-eabi/lib/thumb/v7-m/nofp/libstdc++_nano.a
LOAD /Applications/STM32CubeIDE.app/Contents/Eclipse/plugins/com.st.stm32cube.ide.mcu.externaltools.gnu-tools-for-stm32.10.3-2021.10.macos64_1.0.0.202111181127/tools/bin/../lib/gcc/arm-none-eabi/10.3.1/../../../../arm-none-eabi/lib/thumb/v7-m/nofp/libsupc++_nano.a
END GROUP
LOAD /Applications/STM32CubeIDE.app/Contents/Eclipse/plugins/com.st.stm32cube.ide.mcu.externaltools.gnu-tools-for-stm32.10.3-2021.10.macos64_1.0.0.202111181127/tools/bin/../lib/gcc/arm-none-eabi/10.3.1/../../../../arm-none-eabi/lib/thumb/v7-m/nofp/libstdc++_nano.a
LOAD /Applications/STM32CubeIDE.app/Contents/Eclipse/plugins/com.st.stm32cube.ide.mcu.externaltools.gnu-tools-for-stm32.10.3-2021.10.macos64_1.0.0.202111181127/tools/bin/../lib/gcc/arm-none-eabi/10.3.1/../../../../arm-none-eabi/lib/thumb/v7-m/nofp/libm.a
LOAD /Applications/STM32CubeIDE.app/Contents/Eclipse/plugins/com.st.stm32cube.ide.mcu.externaltools.gnu-tools-for-stm32.10.3-2021.10.macos64_1.0.0.202111181127/tools/bin/../lib/gcc/arm-none-eabi/10.3.1/../../../../arm-none-eabi/lib/thumb/v7-m/nofp/libc_nano.a
START GROUP
LOAD /Applications/STM32CubeIDE.app/Contents/Eclipse/plugins/com.st.stm32cube.ide.mcu.externaltools.gnu-tools-for-stm32.10.3-2021.10.macos64_1.0.0.202111181127/tools/bin/../lib/gcc/arm-none-eabi/10.3.1/thumb/v7-m/nofp/libgcc.a
LOAD /Applications/STM32CubeIDE.app/Contents/Eclipse/plugins/com.st.stm32cube.ide.mcu.externaltools.gnu-tools-for-stm32.10.3-2021.10.macos64_1.0.0.202111181127/tools/bin/../lib/gcc/arm-none-eabi/10.3.1/../../../../arm-none-eabi/lib/thumb/v7-m/nofp/libc_nano.a
END GROUP
START GROUP
LOAD /Applications/STM32CubeIDE.app/Contents/Eclipse/plugins/com.st.stm32cube.ide.mcu.externaltools.gnu-tools-for-stm32.10.3-2021.10.macos64_1.0.0.202111181127/tools/bin/../lib/gcc/arm-none-eabi/10.3.1/thumb/v7-m/nofp/libgcc.a
LOAD /Applications/STM32CubeIDE.app/Contents/Eclipse/plugins/com.st.stm32cube.ide.mcu.externaltools.gnu-tools-for-stm32.10.3-2021.10.macos64_1.0.0.202111181127/tools/bin/../lib/gcc/arm-none-eabi/10.3.1/../../../../arm-none-eabi/lib/thumb/v7-m/nofp/libc_nano.a
LOAD /Applications/STM32CubeIDE.app/Contents/Eclipse/plugins/com.st.stm32cube.ide.mcu.externaltools.gnu-tools-for-stm32.10.3-2021.10.macos64_1.0.0.202111181127/tools/bin/../lib/gcc/arm-none-eabi/10.3.1/../../../../arm-none-eabi/lib/thumb/v7-m/nofp/libnosys.a
END GROUP
START GROUP
LOAD /Applications/STM32CubeIDE.app/Contents/Eclipse/plugins/com.st.stm32cube.ide.mcu.externaltools.gnu-tools-for-stm32.10.3-2021.10.macos64_1.0.0.202111181127/tools/bin/../lib/gcc/arm-none-eabi/10.3.1/thumb/v7-m/nofp/libgcc.a
LOAD /Applications/STM32CubeIDE.app/Contents/Eclipse/plugins/com.st.stm32cube.ide.mcu.externaltools.gnu-tools-for-stm32.10.3-2021.10.macos64_1.0.0.202111181127/tools/bin/../lib/gcc/arm-none-eabi/10.3.1/../../../../arm-none-eabi/lib/thumb/v7-m/nofp/libc_nano.a
LOAD /Applications/STM32CubeIDE.app/Contents/Eclipse/plugins/com.st.stm32cube.ide.mcu.externaltools.gnu-tools-for-stm32.10.3-2021.10.macos64_1.0.0.202111181127/tools/bin/../lib/gcc/arm-none-eabi/10.3.1/../../../../arm-none-eabi/lib/thumb/v7-m/nofp/libnosys.a
END GROUP
LOAD /Applications/STM32CubeIDE.app/Contents/Eclipse/plugins/com.st.stm32cube.ide.mcu.externaltools.gnu-tools-for-stm32.10.3-2021.10.macos64_1.0.0.202111181127/tools/bin/../lib/gcc/arm-none-eabi/10.3.1/thumb/v7-m/nofp/crtend.o
LOAD /Applications/STM32CubeIDE.app/Contents/Eclipse/plugins/com.st.stm32cube.ide.mcu.externaltools.gnu-tools-for-stm32.10.3-2021.10.macos64_1.0.0.202111181127/tools/bin/../lib/gcc/arm-none-eabi/10.3.1/thumb/v7-m/nofp/crtn.o
                0x0000000020010000                _estack = (ORIGIN (RAM) + LENGTH (RAM))
                0x0000000000000200                _Min_Heap_Size = 0x200
                0x0000000000000400                _Min_Stack_Size = 0x400

.isr_vector     0x0000000008000000      0x1e4
                0x0000000008000000                . = ALIGN (0x4)
 *(.isr_vector)
 .isr_vector    0x0000000008000000      0x1e4 ./Core/Startup/startup_stm32f103vdtx.o
                0x0000000008000000                g_pfnVectors
                0x00000000080001e4                . = ALIGN (0x4)

.text           0x00000000080001f0     0x940c
                0x00000000080001f0                . = ALIGN (0x4)
 *(.text)
 .text          0x00000000080001f0       0x40 /Applications/STM32CubeIDE.app/Contents/Eclipse/plugins/com.st.stm32cube.ide.mcu.externaltools.gnu-tools-for-stm32.10.3-2021.10.macos64_1.0.0.202111181127/tools/bin/../lib/gcc/arm-none-eabi/10.3.1/thumb/v7-m/nofp/crtbegin.o
 *(.text*)
 .text.vApplicationGetIdleTaskMemory
                0x0000000008000230       0x30 ./Core/Src/freertos.o
                0x0000000008000230                vApplicationGetIdleTaskMemory
 .text.main     0x0000000008000260       0x54 ./Core/Src/main.o
                0x0000000008000260                main
 .text.SystemClock_Config
                0x00000000080002b4       0xba ./Core/Src/main.o
                0x00000000080002b4                SystemClock_Config
 *fill*         0x000000000800036e        0x2 
 .text.MX_SPI1_Init
                0x0000000008000370       0x6c ./Core/Src/main.o
 .text.MX_SPI2_Init
                0x00000000080003dc       0x6c ./Core/Src/main.o
 .text.MX_TIM3_Init
                0x0000000008000448       0xa8 ./Core/Src/main.o
 .text.MX_TIM4_Init
                0x00000000080004f0       0xa8 ./Core/Src/main.o
 .text.MX_GPIO_Init
                0x0000000008000598       0xac ./Core/Src/main.o
 .text.StartDefaultTask
                0x0000000008000644       0x14 ./Core/Src/main.o
                0x0000000008000644                StartDefaultTask
 .text.Error_Handler
                0x0000000008000658        0xa ./Core/Src/main.o
                0x0000000008000658                Error_Handler
 *fill*         0x0000000008000662        0x2 
 .text.HAL_MspInit
                0x0000000008000664       0x50 ./Core/Src/stm32f1xx_hal_msp.o
                0x0000000008000664                HAL_MspInit
 .text.HAL_SPI_MspInit
                0x00000000080006b4      0x10c ./Core/Src/stm32f1xx_hal_msp.o
                0x00000000080006b4                HAL_SPI_MspInit
 .text.HAL_TIM_Encoder_MspInit
                0x00000000080007c0      0x120 ./Core/Src/stm32f1xx_hal_msp.o
                0x00000000080007c0                HAL_TIM_Encoder_MspInit
 .text.NMI_Handler
                0x00000000080008e0        0x6 ./Core/Src/stm32f1xx_it.o
                0x00000000080008e0                NMI_Handler
 .text.HardFault_Handler
                0x00000000080008e6        0x6 ./Core/Src/stm32f1xx_it.o
                0x00000000080008e6                HardFault_Handler
 .text.MemManage_Handler
                0x00000000080008ec        0x6 ./Core/Src/stm32f1xx_it.o
                0x00000000080008ec                MemManage_Handler
 .text.BusFault_Handler
                0x00000000080008f2        0x6 ./Core/Src/stm32f1xx_it.o
                0x00000000080008f2                BusFault_Handler
 .text.UsageFault_Handler
                0x00000000080008f8        0x6 ./Core/Src/stm32f1xx_it.o
                0x00000000080008f8                UsageFault_Handler
 .text.DebugMon_Handler
                0x00000000080008fe        0xc ./Core/Src/stm32f1xx_it.o
                0x00000000080008fe                DebugMon_Handler
 .text.SysTick_Handler
                0x000000000800090a       0x1a ./Core/Src/stm32f1xx_it.o
                0x000000000800090a                SysTick_Handler
 .text.USB_LP_CAN1_RX0_IRQHandler
                0x0000000008000924       0x14 ./Core/Src/stm32f1xx_it.o
                0x0000000008000924                USB_LP_CAN1_RX0_IRQHandler
 .text.SystemInit
                0x0000000008000938        0xc ./Core/Src/system_stm32f1xx.o
                0x0000000008000938                SystemInit
 .text.Reset_Handler
                0x0000000008000944       0x48 ./Core/Startup/startup_stm32f103vdtx.o
                0x0000000008000944                Reset_Handler
 .text.Default_Handler
                0x000000000800098c        0x2 ./Core/Startup/startup_stm32f103vdtx.o
                0x000000000800098c                DMA2_Channel3_IRQHandler
                0x000000000800098c                EXTI2_IRQHandler
                0x000000000800098c                TIM8_TRG_COM_IRQHandler
                0x000000000800098c                TIM8_CC_IRQHandler
                0x000000000800098c                TIM1_CC_IRQHandler
                0x000000000800098c                TIM6_IRQHandler
                0x000000000800098c                PVD_IRQHandler
                0x000000000800098c                SDIO_IRQHandler
                0x000000000800098c                EXTI3_IRQHandler
                0x000000000800098c                EXTI0_IRQHandler
                0x000000000800098c                I2C2_EV_IRQHandler
                0x000000000800098c                ADC1_2_IRQHandler
                0x000000000800098c                SPI1_IRQHandler
                0x000000000800098c                TAMPER_IRQHandler
                0x000000000800098c                TIM8_UP_IRQHandler
                0x000000000800098c                DMA2_Channel2_IRQHandler
                0x000000000800098c                DMA1_Channel4_IRQHandler
                0x000000000800098c                USART3_IRQHandler
                0x000000000800098c                RTC_IRQHandler
                0x000000000800098c                DMA1_Channel7_IRQHandler
                0x000000000800098c                CAN1_RX1_IRQHandler
                0x000000000800098c                UART5_IRQHandler
                0x000000000800098c                ADC3_IRQHandler
                0x000000000800098c                TIM4_IRQHandler
                0x000000000800098c                DMA2_Channel1_IRQHandler
                0x000000000800098c                I2C1_EV_IRQHandler
                0x000000000800098c                DMA1_Channel6_IRQHandler
                0x000000000800098c                UART4_IRQHandler
                0x000000000800098c                TIM3_IRQHandler
                0x000000000800098c                RCC_IRQHandler
                0x000000000800098c                TIM1_TRG_COM_IRQHandler
                0x000000000800098c                DMA1_Channel1_IRQHandler
                0x000000000800098c                Default_Handler
                0x000000000800098c                EXTI15_10_IRQHandler
                0x000000000800098c                TIM7_IRQHandler
                0x000000000800098c                TIM5_IRQHandler
                0x000000000800098c                EXTI9_5_IRQHandler
                0x000000000800098c                SPI2_IRQHandler
                0x000000000800098c                DMA1_Channel5_IRQHandler
                0x000000000800098c                EXTI4_IRQHandler
                0x000000000800098c                USB_HP_CAN1_TX_IRQHandler
                0x000000000800098c                DMA1_Channel3_IRQHandler
                0x000000000800098c                FSMC_IRQHandler
                0x000000000800098c                TIM1_UP_IRQHandler
                0x000000000800098c                WWDG_IRQHandler
                0x000000000800098c                TIM2_IRQHandler
                0x000000000800098c                TIM1_BRK_IRQHandler
                0x000000000800098c                EXTI1_IRQHandler
                0x000000000800098c                DMA2_Channel4_5_IRQHandler
                0x000000000800098c                USART2_IRQHandler
                0x000000000800098c                I2C2_ER_IRQHandler
                0x000000000800098c                DMA1_Channel2_IRQHandler
                0x000000000800098c                TIM8_BRK_IRQHandler
                0x000000000800098c                CAN1_SCE_IRQHandler
                0x000000000800098c                FLASH_IRQHandler
                0x000000000800098c                USART1_IRQHandler
                0x000000000800098c                SPI3_IRQHandler
                0x000000000800098c                I2C1_ER_IRQHandler
                0x000000000800098c                USBWakeUp_IRQHandler
                0x000000000800098c                RTC_Alarm_IRQHandler
 *fill*         0x000000000800098e        0x2 
 .text.HAL_Init
                0x0000000008000990       0x2c ./Drivers/STM32F1xx_HAL_Driver/Src/stm32f1xx_hal.o
                0x0000000008000990                HAL_Init
 .text.HAL_InitTick
                0x00000000080009bc       0x60 ./Drivers/STM32F1xx_HAL_Driver/Src/stm32f1xx_hal.o
                0x00000000080009bc                HAL_InitTick
 .text.HAL_IncTick
                0x0000000008000a1c       0x24 ./Drivers/STM32F1xx_HAL_Driver/Src/stm32f1xx_hal.o
                0x0000000008000a1c                HAL_IncTick
 .text.HAL_GetTick
                0x0000000008000a40       0x14 ./Drivers/STM32F1xx_HAL_Driver/Src/stm32f1xx_hal.o
                0x0000000008000a40                HAL_GetTick
 .text.__NVIC_SetPriorityGrouping
                0x0000000008000a54       0x48 ./Drivers/STM32F1xx_HAL_Driver/Src/stm32f1xx_hal_cortex.o
 .text.__NVIC_GetPriorityGrouping
                0x0000000008000a9c       0x1c ./Drivers/STM32F1xx_HAL_Driver/Src/stm32f1xx_hal_cortex.o
 .text.__NVIC_EnableIRQ
                0x0000000008000ab8       0x38 ./Drivers/STM32F1xx_HAL_Driver/Src/stm32f1xx_hal_cortex.o
 .text.__NVIC_SetPriority
                0x0000000008000af0       0x54 ./Drivers/STM32F1xx_HAL_Driver/Src/stm32f1xx_hal_cortex.o
 .text.NVIC_EncodePriority
                0x0000000008000b44       0x64 ./Drivers/STM32F1xx_HAL_Driver/Src/stm32f1xx_hal_cortex.o
 .text.SysTick_Config
                0x0000000008000ba8       0x44 ./Drivers/STM32F1xx_HAL_Driver/Src/stm32f1xx_hal_cortex.o
 .text.HAL_NVIC_SetPriorityGrouping
                0x0000000008000bec       0x16 ./Drivers/STM32F1xx_HAL_Driver/Src/stm32f1xx_hal_cortex.o
                0x0000000008000bec                HAL_NVIC_SetPriorityGrouping
 .text.HAL_NVIC_SetPriority
                0x0000000008000c02       0x38 ./Drivers/STM32F1xx_HAL_Driver/Src/stm32f1xx_hal_cortex.o
                0x0000000008000c02                HAL_NVIC_SetPriority
 .text.HAL_NVIC_EnableIRQ
                0x0000000008000c3a       0x1c ./Drivers/STM32F1xx_HAL_Driver/Src/stm32f1xx_hal_cortex.o
                0x0000000008000c3a                HAL_NVIC_EnableIRQ
 .text.HAL_SYSTICK_Config
                0x0000000008000c56       0x18 ./Drivers/STM32F1xx_HAL_Driver/Src/stm32f1xx_hal_cortex.o
                0x0000000008000c56                HAL_SYSTICK_Config
 *fill*         0x0000000008000c6e        0x2 
 .text.HAL_GPIO_Init
                0x0000000008000c70      0x328 ./Drivers/STM32F1xx_HAL_Driver/Src/stm32f1xx_hal_gpio.o
                0x0000000008000c70                HAL_GPIO_Init
 .text.HAL_GPIO_WritePin
                0x0000000008000f98       0x30 ./Drivers/STM32F1xx_HAL_Driver/Src/stm32f1xx_hal_gpio.o
                0x0000000008000f98                HAL_GPIO_WritePin
 .text.HAL_PCD_Init
                0x0000000008000fc8      0x216 ./Drivers/STM32F1xx_HAL_Driver/Src/stm32f1xx_hal_pcd.o
                0x0000000008000fc8                HAL_PCD_Init
 .text.HAL_PCD_Start
                0x00000000080011de       0x4c ./Drivers/STM32F1xx_HAL_Driver/Src/stm32f1xx_hal_pcd.o
                0x00000000080011de                HAL_PCD_Start
 .text.HAL_PCD_IRQHandler
                0x000000000800122a      0x2a6 ./Drivers/STM32F1xx_HAL_Driver/Src/stm32f1xx_hal_pcd.o
                0x000000000800122a                HAL_PCD_IRQHandler
 .text.HAL_PCD_SetAddress
                0x00000000080014d0       0x4a ./Drivers/STM32F1xx_HAL_Driver/Src/stm32f1xx_hal_pcd.o
                0x00000000080014d0                HAL_PCD_SetAddress
 .text.HAL_PCD_EP_Open
                0x000000000800151a       0xcc ./Drivers/STM32F1xx_HAL_Driver/Src/stm32f1xx_hal_pcd.o
                0x000000000800151a                HAL_PCD_EP_Open
 .text.HAL_PCD_EP_Close
                0x00000000080015e6       0x90 ./Drivers/STM32F1xx_HAL_Driver/Src/stm32f1xx_hal_pcd.o
                0x00000000080015e6                HAL_PCD_EP_Close
 .text.HAL_PCD_EP_Receive
                0x0000000008001676       0x7a ./Drivers/STM32F1xx_HAL_Driver/Src/stm32f1xx_hal_pcd.o
                0x0000000008001676                HAL_PCD_EP_Receive
 .text.HAL_PCD_EP_GetRxCount
                0x00000000080016f0       0x2e ./Drivers/STM32F1xx_HAL_Driver/Src/stm32f1xx_hal_pcd.o
                0x00000000080016f0                HAL_PCD_EP_GetRxCount
 .text.HAL_PCD_EP_Transmit
                0x000000000800171e       0x86 ./Drivers/STM32F1xx_HAL_Driver/Src/stm32f1xx_hal_pcd.o
                0x000000000800171e                HAL_PCD_EP_Transmit
 .text.HAL_PCD_EP_SetStall
                0x00000000080017a4       0xc0 ./Drivers/STM32F1xx_HAL_Driver/Src/stm32f1xx_hal_pcd.o
                0x00000000080017a4                HAL_PCD_EP_SetStall
 .text.HAL_PCD_EP_ClrStall
                0x0000000008001864       0xa8 ./Drivers/STM32F1xx_HAL_Driver/Src/stm32f1xx_hal_pcd.o
                0x0000000008001864                HAL_PCD_EP_ClrStall
 .text.PCD_EP_ISR_Handler
                0x000000000800190c      0x600 ./Drivers/STM32F1xx_HAL_Driver/Src/stm32f1xx_hal_pcd.o
 .text.HAL_PCD_EP_DB_Receive
                0x0000000008001f0c      0x21a ./Drivers/STM32F1xx_HAL_Driver/Src/stm32f1xx_hal_pcd.o
 .text.HAL_PCD_EP_DB_Transmit
                0x0000000008002126      0x7a4 ./Drivers/STM32F1xx_HAL_Driver/Src/stm32f1xx_hal_pcd.o
 .text.HAL_PCDEx_PMAConfig
                0x00000000080028ca       0x84 ./Drivers/STM32F1xx_HAL_Driver/Src/stm32f1xx_hal_pcd_ex.o
                0x00000000080028ca                HAL_PCDEx_PMAConfig
 *fill*         0x000000000800294e        0x2 
 .text.HAL_RCC_OscConfig
                0x0000000008002950      0x504 ./Drivers/STM32F1xx_HAL_Driver/Src/stm32f1xx_hal_rcc.o
                0x0000000008002950                HAL_RCC_OscConfig
 .text.HAL_RCC_ClockConfig
                0x0000000008002e54      0x1d4 ./Drivers/STM32F1xx_HAL_Driver/Src/stm32f1xx_hal_rcc.o
                0x0000000008002e54                HAL_RCC_ClockConfig
 .text.HAL_RCC_GetSysClockFreq
                0x0000000008003028       0xbc ./Drivers/STM32F1xx_HAL_Driver/Src/stm32f1xx_hal_rcc.o
                0x0000000008003028                HAL_RCC_GetSysClockFreq
 .text.RCC_Delay
                0x00000000080030e4       0x3c ./Drivers/STM32F1xx_HAL_Driver/Src/stm32f1xx_hal_rcc.o
 .text.HAL_RCCEx_PeriphCLKConfig
                0x0000000008003120      0x16c ./Drivers/STM32F1xx_HAL_Driver/Src/stm32f1xx_hal_rcc_ex.o
                0x0000000008003120                HAL_RCCEx_PeriphCLKConfig
 .text.HAL_SPI_Init
                0x000000000800328c      0x108 ./Drivers/STM32F1xx_HAL_Driver/Src/stm32f1xx_hal_spi.o
                0x000000000800328c                HAL_SPI_Init
 .text.HAL_TIM_Encoder_Init
                0x0000000008003394      0x144 ./Drivers/STM32F1xx_HAL_Driver/Src/stm32f1xx_hal_tim.o
                0x0000000008003394                HAL_TIM_Encoder_Init
 .text.TIM_Base_SetConfig
                0x00000000080034d8       0xf4 ./Drivers/STM32F1xx_HAL_Driver/Src/stm32f1xx_hal_tim.o
                0x00000000080034d8                TIM_Base_SetConfig
 .text.HAL_TIMEx_MasterConfigSynchronization
                0x00000000080035cc       0xd8 ./Drivers/STM32F1xx_HAL_Driver/Src/stm32f1xx_hal_tim_ex.o
                0x00000000080035cc                HAL_TIMEx_MasterConfigSynchronization
 .text.USB_CoreInit
                0x00000000080036a4       0x20 ./Drivers/STM32F1xx_HAL_Driver/Src/stm32f1xx_ll_usb.o
                0x00000000080036a4                USB_CoreInit
 .text.USB_EnableGlobalInt
                0x00000000080036c4       0x2c ./Drivers/STM32F1xx_HAL_Driver/Src/stm32f1xx_ll_usb.o
                0x00000000080036c4                USB_EnableGlobalInt
 .text.USB_DisableGlobalInt
                0x00000000080036f0       0x34 ./Drivers/STM32F1xx_HAL_Driver/Src/stm32f1xx_ll_usb.o
                0x00000000080036f0                USB_DisableGlobalInt
 .text.USB_SetCurrentMode
                0x0000000008003724       0x18 ./Drivers/STM32F1xx_HAL_Driver/Src/stm32f1xx_ll_usb.o
                0x0000000008003724                USB_SetCurrentMode
 .text.USB_DevInit
                0x000000000800373c       0x40 ./Drivers/STM32F1xx_HAL_Driver/Src/stm32f1xx_ll_usb.o
                0x000000000800373c                USB_DevInit
 .text.USB_ActivateEndpoint
                0x000000000800377c      0x6d4 ./Drivers/STM32F1xx_HAL_Driver/Src/stm32f1xx_ll_usb.o
                0x000000000800377c                USB_ActivateEndpoint
 .text.USB_DeactivateEndpoint
                0x0000000008003e50      0x3d8 ./Drivers/STM32F1xx_HAL_Driver/Src/stm32f1xx_ll_usb.o
                0x0000000008003e50                USB_DeactivateEndpoint
 .text.USB_EPStartXfer
                0x0000000008004228     0x1c70 ./Drivers/STM32F1xx_HAL_Driver/Src/stm32f1xx_ll_usb.o
                0x0000000008004228                USB_EPStartXfer
 .text.USB_EPSetStall
                0x0000000008005e98       0xa0 ./Drivers/STM32F1xx_HAL_Driver/Src/stm32f1xx_ll_usb.o
                0x0000000008005e98                USB_EPSetStall
 .text.USB_EPClearStall
                0x0000000008005f38      0x15a ./Drivers/STM32F1xx_HAL_Driver/Src/stm32f1xx_ll_usb.o
                0x0000000008005f38                USB_EPClearStall
 .text.USB_SetDevAddress
                0x0000000008006092       0x26 ./Drivers/STM32F1xx_HAL_Driver/Src/stm32f1xx_ll_usb.o
                0x0000000008006092                USB_SetDevAddress
 .text.USB_DevConnect
                0x00000000080060b8       0x14 ./Drivers/STM32F1xx_HAL_Driver/Src/stm32f1xx_ll_usb.o
                0x00000000080060b8                USB_DevConnect
 .text.USB_DevDisconnect
                0x00000000080060cc       0x14 ./Drivers/STM32F1xx_HAL_Driver/Src/stm32f1xx_ll_usb.o
                0x00000000080060cc                USB_DevDisconnect
 .text.USB_ReadInterrupts
                0x00000000080060e0       0x1e ./Drivers/STM32F1xx_HAL_Driver/Src/stm32f1xx_ll_usb.o
                0x00000000080060e0                USB_ReadInterrupts
 .text.USB_EP0_OutStart
                0x00000000080060fe       0x16 ./Drivers/STM32F1xx_HAL_Driver/Src/stm32f1xx_ll_usb.o
                0x00000000080060fe                USB_EP0_OutStart
 .text.USB_WritePMA
                0x0000000008006114       0x8a ./Drivers/STM32F1xx_HAL_Driver/Src/stm32f1xx_ll_usb.o
                0x0000000008006114                USB_WritePMA
 .text.USB_ReadPMA
                0x000000000800619e       0x9e ./Drivers/STM32F1xx_HAL_Driver/Src/stm32f1xx_ll_usb.o
                0x000000000800619e                USB_ReadPMA
 .text.USBD_CDC_Init
                0x000000000800623c       0xf4 ./Middlewares/ST/STM32_USB_Device_Library/Class/CDC/Src/usbd_cdc.o
 .text.USBD_CDC_DeInit
                0x0000000008006330       0x6e ./Middlewares/ST/STM32_USB_Device_Library/Class/CDC/Src/usbd_cdc.o
 .text.USBD_CDC_Setup
                0x000000000800639e      0x146 ./Middlewares/ST/STM32_USB_Device_Library/Class/CDC/Src/usbd_cdc.o
 .text.USBD_CDC_DataIn
                0x00000000080064e4       0xa6 ./Middlewares/ST/STM32_USB_Device_Library/Class/CDC/Src/usbd_cdc.o
 .text.USBD_CDC_DataOut
                0x000000000800658a       0x56 ./Middlewares/ST/STM32_USB_Device_Library/Class/CDC/Src/usbd_cdc.o
 .text.USBD_CDC_EP0_RxReady
                0x00000000080065e0       0x50 ./Middlewares/ST/STM32_USB_Device_Library/Class/CDC/Src/usbd_cdc.o
 .text.USBD_CDC_GetFSCfgDesc
                0x0000000008006630       0x20 ./Middlewares/ST/STM32_USB_Device_Library/Class/CDC/Src/usbd_cdc.o
 .text.USBD_CDC_GetHSCfgDesc
                0x0000000008006650       0x20 ./Middlewares/ST/STM32_USB_Device_Library/Class/CDC/Src/usbd_cdc.o
 .text.USBD_CDC_GetOtherSpeedCfgDesc
                0x0000000008006670       0x20 ./Middlewares/ST/STM32_USB_Device_Library/Class/CDC/Src/usbd_cdc.o
 .text.USBD_CDC_GetDeviceQualifierDescriptor
                0x0000000008006690       0x20 ./Middlewares/ST/STM32_USB_Device_Library/Class/CDC/Src/usbd_cdc.o
                0x0000000008006690                USBD_CDC_GetDeviceQualifierDescriptor
 .text.USBD_CDC_RegisterInterface
                0x00000000080066b0       0x2c ./Middlewares/ST/STM32_USB_Device_Library/Class/CDC/Src/usbd_cdc.o
                0x00000000080066b0                USBD_CDC_RegisterInterface
 .text.USBD_CDC_SetTxBuffer
                0x00000000080066dc       0x32 ./Middlewares/ST/STM32_USB_Device_Library/Class/CDC/Src/usbd_cdc.o
                0x00000000080066dc                USBD_CDC_SetTxBuffer
 .text.USBD_CDC_SetRxBuffer
                0x000000000800670e       0x26 ./Middlewares/ST/STM32_USB_Device_Library/Class/CDC/Src/usbd_cdc.o
                0x000000000800670e                USBD_CDC_SetRxBuffer
 .text.USBD_CDC_ReceivePacket
                0x0000000008006734       0x54 ./Middlewares/ST/STM32_USB_Device_Library/Class/CDC/Src/usbd_cdc.o
                0x0000000008006734                USBD_CDC_ReceivePacket
 .text.USBD_Init
                0x0000000008006788       0x56 ./Middlewares/ST/STM32_USB_Device_Library/Core/Src/usbd_core.o
                0x0000000008006788                USBD_Init
 .text.USBD_RegisterClass
                0x00000000080067de       0x32 ./Middlewares/ST/STM32_USB_Device_Library/Core/Src/usbd_core.o
                0x00000000080067de                USBD_RegisterClass
 .text.USBD_Start
                0x0000000008006810       0x18 ./Middlewares/ST/STM32_USB_Device_Library/Core/Src/usbd_core.o
                0x0000000008006810                USBD_Start
 .text.USBD_RunTestMode
                0x0000000008006828       0x14 ./Middlewares/ST/STM32_USB_Device_Library/Core/Src/usbd_core.o
                0x0000000008006828                USBD_RunTestMode
 .text.USBD_SetClassConfig
                0x000000000800683c       0x3e ./Middlewares/ST/STM32_USB_Device_Library/Core/Src/usbd_core.o
                0x000000000800683c                USBD_SetClassConfig
 .text.USBD_ClrClassConfig
                0x000000000800687a       0x26 ./Middlewares/ST/STM32_USB_Device_Library/Core/Src/usbd_core.o
                0x000000000800687a                USBD_ClrClassConfig
 .text.USBD_LL_SetupStage
                0x00000000080068a0       0x9a ./Middlewares/ST/STM32_USB_Device_Library/Core/Src/usbd_core.o
                0x00000000080068a0                USBD_LL_SetupStage
 .text.USBD_LL_DataOutStage
                0x000000000800693a       0xe2 ./Middlewares/ST/STM32_USB_Device_Library/Core/Src/usbd_core.o
                0x000000000800693a                USBD_LL_DataOutStage
 .text.USBD_LL_DataInStage
                0x0000000008006a1c      0x14a ./Middlewares/ST/STM32_USB_Device_Library/Core/Src/usbd_core.o
                0x0000000008006a1c                USBD_LL_DataInStage
 .text.USBD_LL_Reset
                0x0000000008006b66       0x82 ./Middlewares/ST/STM32_USB_Device_Library/Core/Src/usbd_core.o
                0x0000000008006b66                USBD_LL_Reset
 .text.USBD_LL_SetSpeed
                0x0000000008006be8       0x1e ./Middlewares/ST/STM32_USB_Device_Library/Core/Src/usbd_core.o
                0x0000000008006be8                USBD_LL_SetSpeed
 .text.USBD_LL_Suspend
                0x0000000008006c06       0x28 ./Middlewares/ST/STM32_USB_Device_Library/Core/Src/usbd_core.o
                0x0000000008006c06                USBD_LL_Suspend
 .text.USBD_LL_Resume
                0x0000000008006c2e       0x2a ./Middlewares/ST/STM32_USB_Device_Library/Core/Src/usbd_core.o
                0x0000000008006c2e                USBD_LL_Resume
 .text.USBD_LL_SOF
                0x0000000008006c58       0x34 ./Middlewares/ST/STM32_USB_Device_Library/Core/Src/usbd_core.o
                0x0000000008006c58                USBD_LL_SOF
 .text.USBD_StdDevReq
                0x0000000008006c8c       0xd4 ./Middlewares/ST/STM32_USB_Device_Library/Core/Src/usbd_ctlreq.o
                0x0000000008006c8c                USBD_StdDevReq
 .text.USBD_StdItfReq
                0x0000000008006d60       0x90 ./Middlewares/ST/STM32_USB_Device_Library/Core/Src/usbd_ctlreq.o
                0x0000000008006d60                USBD_StdItfReq
 .text.USBD_StdEPReq
                0x0000000008006df0      0x2c6 ./Middlewares/ST/STM32_USB_Device_Library/Core/Src/usbd_ctlreq.o
                0x0000000008006df0                USBD_StdEPReq
 *fill*         0x00000000080070b6        0x2 
 .text.USBD_GetDescriptor
                0x00000000080070b8      0x2d0 ./Middlewares/ST/STM32_USB_Device_Library/Core/Src/usbd_ctlreq.o
 .text.USBD_SetAddress
                0x0000000008007388       0x86 ./Middlewares/ST/STM32_USB_Device_Library/Core/Src/usbd_ctlreq.o
 *fill*         0x000000000800740e        0x2 
 .text.USBD_SetConfig
                0x0000000008007410      0x11c ./Middlewares/ST/STM32_USB_Device_Library/Core/Src/usbd_ctlreq.o
 .text.USBD_GetConfig
                0x000000000800752c       0x6a ./Middlewares/ST/STM32_USB_Device_Library/Core/Src/usbd_ctlreq.o
 .text.USBD_GetStatus
                0x0000000008007596       0x66 ./Middlewares/ST/STM32_USB_Device_Library/Core/Src/usbd_ctlreq.o
 .text.USBD_SetFeature
                0x00000000080075fc       0x28 ./Middlewares/ST/STM32_USB_Device_Library/Core/Src/usbd_ctlreq.o
 .text.USBD_ClrFeature
                0x0000000008007624       0x42 ./Middlewares/ST/STM32_USB_Device_Library/Core/Src/usbd_ctlreq.o
 .text.USBD_ParseSetupRequest
                0x0000000008007666       0x78 ./Middlewares/ST/STM32_USB_Device_Library/Core/Src/usbd_ctlreq.o
                0x0000000008007666                USBD_ParseSetupRequest
 .text.USBD_CtlError
                0x00000000080076de       0x22 ./Middlewares/ST/STM32_USB_Device_Library/Core/Src/usbd_ctlreq.o
                0x00000000080076de                USBD_CtlError
 .text.USBD_GetString
                0x0000000008007700       0x84 ./Middlewares/ST/STM32_USB_Device_Library/Core/Src/usbd_ctlreq.o
                0x0000000008007700                USBD_GetString
 .text.USBD_GetLen
                0x0000000008007784       0x2e ./Middlewares/ST/STM32_USB_Device_Library/Core/Src/usbd_ctlreq.o
 .text.USBD_CtlSendData
                0x00000000080077b2       0x38 ./Middlewares/ST/STM32_USB_Device_Library/Core/Src/usbd_ioreq.o
                0x00000000080077b2                USBD_CtlSendData
 .text.USBD_CtlContinueSendData
                0x00000000080077ea       0x24 ./Middlewares/ST/STM32_USB_Device_Library/Core/Src/usbd_ioreq.o
                0x00000000080077ea                USBD_CtlContinueSendData
 .text.USBD_CtlPrepareRx
                0x000000000800780e       0x3c ./Middlewares/ST/STM32_USB_Device_Library/Core/Src/usbd_ioreq.o
                0x000000000800780e                USBD_CtlPrepareRx
 .text.USBD_CtlContinueRx
                0x000000000800784a       0x24 ./Middlewares/ST/STM32_USB_Device_Library/Core/Src/usbd_ioreq.o
                0x000000000800784a                USBD_CtlContinueRx
 .text.USBD_CtlSendStatus
                0x000000000800786e       0x26 ./Middlewares/ST/STM32_USB_Device_Library/Core/Src/usbd_ioreq.o
                0x000000000800786e                USBD_CtlSendStatus
 .text.USBD_CtlReceiveStatus
                0x0000000008007894       0x26 ./Middlewares/ST/STM32_USB_Device_Library/Core/Src/usbd_ioreq.o
                0x0000000008007894                USBD_CtlReceiveStatus
 .text.makeFreeRtosPriority
                0x00000000080078ba       0x2e ./Middlewares/Third_Party/FreeRTOS/Source/CMSIS_RTOS/cmsis_os.o
 .text.osKernelStart
                0x00000000080078e8        0xe ./Middlewares/Third_Party/FreeRTOS/Source/CMSIS_RTOS/cmsis_os.o
                0x00000000080078e8                osKernelStart
 .text.osThreadCreate
                0x00000000080078f6       0x98 ./Middlewares/Third_Party/FreeRTOS/Source/CMSIS_RTOS/cmsis_os.o
                0x00000000080078f6                osThreadCreate
 .text.osDelay  0x000000000800798e       0x28 ./Middlewares/Third_Party/FreeRTOS/Source/CMSIS_RTOS/cmsis_os.o
                0x000000000800798e                osDelay
 .text.vListInitialise
                0x00000000080079b6       0x3e ./Middlewares/Third_Party/FreeRTOS/Source/list.o
                0x00000000080079b6                vListInitialise
 .text.vListInitialiseItem
                0x00000000080079f4       0x18 ./Middlewares/Third_Party/FreeRTOS/Source/list.o
                0x00000000080079f4                vListInitialiseItem
 .text.vListInsertEnd
                0x0000000008007a0c       0x46 ./Middlewares/Third_Party/FreeRTOS/Source/list.o
                0x0000000008007a0c                vListInsertEnd
 .text.vListInsert
                0x0000000008007a52       0x70 ./Middlewares/Third_Party/FreeRTOS/Source/list.o
                0x0000000008007a52                vListInsert
 .text.uxListRemove
                0x0000000008007ac2       0x52 ./Middlewares/Third_Party/FreeRTOS/Source/list.o
                0x0000000008007ac2                uxListRemove
 .text.xTaskCreateStatic
                0x0000000008007b14       0xb8 ./Middlewares/Third_Party/FreeRTOS/Source/tasks.o
                0x0000000008007b14                xTaskCreateStatic
 .text.xTaskCreate
                0x0000000008007bcc       0x8a ./Middlewares/Third_Party/FreeRTOS/Source/tasks.o
                0x0000000008007bcc                xTaskCreate
 .text.prvInitialiseNewTask
                0x0000000008007c56       0xfe ./Middlewares/Third_Party/FreeRTOS/Source/tasks.o
 .text.prvAddNewTaskToReadyList
                0x0000000008007d54       0xd4 ./Middlewares/Third_Party/FreeRTOS/Source/tasks.o
 .text.vTaskDelay
                0x0000000008007e28       0x68 ./Middlewares/Third_Party/FreeRTOS/Source/tasks.o
                0x0000000008007e28                vTaskDelay
 .text.vTaskStartScheduler
                0x0000000008007e90       0xc0 ./Middlewares/Third_Party/FreeRTOS/Source/tasks.o
                0x0000000008007e90                vTaskStartScheduler
 .text.vTaskSuspendAll
                0x0000000008007f50       0x1c ./Middlewares/Third_Party/FreeRTOS/Source/tasks.o
                0x0000000008007f50                vTaskSuspendAll
 .text.xTaskResumeAll
                0x0000000008007f6c      0x138 ./Middlewares/Third_Party/FreeRTOS/Source/tasks.o
                0x0000000008007f6c                xTaskResumeAll
 .text.xTaskIncrementTick
                0x00000000080080a4      0x17c ./Middlewares/Third_Party/FreeRTOS/Source/tasks.o
                0x00000000080080a4                xTaskIncrementTick
 .text.vTaskSwitchContext
                0x0000000008008220       0xb4 ./Middlewares/Third_Party/FreeRTOS/Source/tasks.o
                0x0000000008008220                vTaskSwitchContext
 .text.prvIdleTask
                0x00000000080082d4       0x30 ./Middlewares/Third_Party/FreeRTOS/Source/tasks.o
 .text.prvInitialiseTaskLists
                0x0000000008008304       0x80 ./Middlewares/Third_Party/FreeRTOS/Source/tasks.o
 .text.prvCheckTasksWaitingTermination
                0x0000000008008384       0x5c ./Middlewares/Third_Party/FreeRTOS/Source/tasks.o
 .text.prvDeleteTCB
                0x00000000080083e0       0x5e ./Middlewares/Third_Party/FreeRTOS/Source/tasks.o
 *fill*         0x000000000800843e        0x2 
 .text.prvResetNextTaskUnblockTime
                0x0000000008008440       0x48 ./Middlewares/Third_Party/FreeRTOS/Source/tasks.o
 .text.xTaskGetSchedulerState
                0x0000000008008488       0x3c ./Middlewares/Third_Party/FreeRTOS/Source/tasks.o
                0x0000000008008488                xTaskGetSchedulerState
 .text.prvAddCurrentTaskToDelayedList
                0x00000000080084c4       0xcc ./Middlewares/Third_Party/FreeRTOS/Source/tasks.o
 .text.pxPortInitialiseStack
                0x0000000008008590       0x58 ./Middlewares/Third_Party/FreeRTOS/Source/portable/GCC/ARM_CM3/port.o
                0x0000000008008590                pxPortInitialiseStack
 .text.prvTaskExitError
                0x00000000080085e8       0x58 ./Middlewares/Third_Party/FreeRTOS/Source/portable/GCC/ARM_CM3/port.o
 .text.SVC_Handler
                0x0000000008008640       0x28 ./Middlewares/Third_Party/FreeRTOS/Source/portable/GCC/ARM_CM3/port.o
                0x0000000008008640                SVC_Handler
 .text.prvPortStartFirstTask
                0x0000000008008668       0x20 ./Middlewares/Third_Party/FreeRTOS/Source/portable/GCC/ARM_CM3/port.o
 .text.xPortStartScheduler
                0x0000000008008688       0xe4 ./Middlewares/Third_Party/FreeRTOS/Source/portable/GCC/ARM_CM3/port.o
                0x0000000008008688                xPortStartScheduler
 .text.vPortEnterCritical
                0x000000000800876c       0x60 ./Middlewares/Third_Party/FreeRTOS/Source/portable/GCC/ARM_CM3/port.o
                0x000000000800876c                vPortEnterCritical
 .text.vPortExitCritical
                0x00000000080087cc       0x50 ./Middlewares/Third_Party/FreeRTOS/Source/portable/GCC/ARM_CM3/port.o
                0x00000000080087cc                vPortExitCritical
 *fill*         0x000000000800881c        0x4 
 .text.PendSV_Handler
                0x0000000008008820       0x48 ./Middlewares/Third_Party/FreeRTOS/Source/portable/GCC/ARM_CM3/port.o
                0x0000000008008820                PendSV_Handler
 .text.xPortSysTickHandler
                0x0000000008008868       0x44 ./Middlewares/Third_Party/FreeRTOS/Source/portable/GCC/ARM_CM3/port.o
                0x0000000008008868                xPortSysTickHandler
 .text.vPortSetupTimerInterrupt
                0x00000000080088ac       0x44 ./Middlewares/Third_Party/FreeRTOS/Source/portable/GCC/ARM_CM3/port.o
                0x00000000080088ac                vPortSetupTimerInterrupt
 .text.pvPortMalloc
                0x00000000080088f0      0x188 ./Middlewares/Third_Party/FreeRTOS/Source/portable/MemMang/heap_4.o
                0x00000000080088f0                pvPortMalloc
 .text.vPortFree
                0x0000000008008a78       0xb4 ./Middlewares/Third_Party/FreeRTOS/Source/portable/MemMang/heap_4.o
                0x0000000008008a78                vPortFree
 .text.prvHeapInit
                0x0000000008008b2c       0xc4 ./Middlewares/Third_Party/FreeRTOS/Source/portable/MemMang/heap_4.o
 .text.prvInsertBlockIntoFreeList
                0x0000000008008bf0       0xb0 ./Middlewares/Third_Party/FreeRTOS/Source/portable/MemMang/heap_4.o
 .text.MX_USB_DEVICE_Init
                0x0000000008008ca0       0x60 ./USB_DEVICE/App/usb_device.o
                0x0000000008008ca0                MX_USB_DEVICE_Init
 .text.CDC_Init_FS
                0x0000000008008d00       0x28 ./USB_DEVICE/App/usbd_cdc_if.o
 .text.CDC_DeInit_FS
                0x0000000008008d28        0xe ./USB_DEVICE/App/usbd_cdc_if.o
 *fill*         0x0000000008008d36        0x2 
 .text.CDC_Control_FS
                0x0000000008008d38       0xbc ./USB_DEVICE/App/usbd_cdc_if.o
 .text.CDC_Receive_FS
                0x0000000008008df4       0x28 ./USB_DEVICE/App/usbd_cdc_if.o
 .text.USBD_FS_DeviceDescriptor
                0x0000000008008e1c       0x24 ./USB_DEVICE/App/usbd_desc.o
                0x0000000008008e1c                USBD_FS_DeviceDescriptor
 .text.USBD_FS_LangIDStrDescriptor
                0x0000000008008e40       0x24 ./USB_DEVICE/App/usbd_desc.o
                0x0000000008008e40                USBD_FS_LangIDStrDescriptor
 .text.USBD_FS_ProductStrDescriptor
                0x0000000008008e64       0x3c ./USB_DEVICE/App/usbd_desc.o
                0x0000000008008e64                USBD_FS_ProductStrDescriptor
 .text.USBD_FS_ManufacturerStrDescriptor
                0x0000000008008ea0       0x28 ./USB_DEVICE/App/usbd_desc.o
                0x0000000008008ea0                USBD_FS_ManufacturerStrDescriptor
 .text.USBD_FS_SerialStrDescriptor
                0x0000000008008ec8       0x24 ./USB_DEVICE/App/usbd_desc.o
                0x0000000008008ec8                USBD_FS_SerialStrDescriptor
 .text.USBD_FS_ConfigStrDescriptor
                0x0000000008008eec       0x3c ./USB_DEVICE/App/usbd_desc.o
                0x0000000008008eec                USBD_FS_ConfigStrDescriptor
 .text.USBD_FS_InterfaceStrDescriptor
                0x0000000008008f28       0x3c ./USB_DEVICE/App/usbd_desc.o
                0x0000000008008f28                USBD_FS_InterfaceStrDescriptor
 .text.Get_SerialNum
                0x0000000008008f64       0x58 ./USB_DEVICE/App/usbd_desc.o
 .text.IntToUnicode
                0x0000000008008fbc       0x7c ./USB_DEVICE/App/usbd_desc.o
 .text.HAL_PCD_MspInit
                0x0000000008009038       0x4c ./USB_DEVICE/Target/usbd_conf.o
                0x0000000008009038                HAL_PCD_MspInit
 .text.HAL_PCD_SetupStageCallback
                0x0000000008009084       0x24 ./USB_DEVICE/Target/usbd_conf.o
                0x0000000008009084                HAL_PCD_SetupStageCallback
 .text.HAL_PCD_DataOutStageCallback
                0x00000000080090a8       0x36 ./USB_DEVICE/Target/usbd_conf.o
                0x00000000080090a8                HAL_PCD_DataOutStageCallback
 .text.HAL_PCD_DataInStageCallback
                0x00000000080090de       0x34 ./USB_DEVICE/Target/usbd_conf.o
                0x00000000080090de                HAL_PCD_DataInStageCallback
 .text.HAL_PCD_SOFCallback
                0x0000000008009112       0x1c ./USB_DEVICE/Target/usbd_conf.o
                0x0000000008009112                HAL_PCD_SOFCallback
 .text.HAL_PCD_ResetCallback
                0x000000000800912e       0x3c ./USB_DEVICE/Target/usbd_conf.o
                0x000000000800912e                HAL_PCD_ResetCallback
 *fill*         0x000000000800916a        0x2 
 .text.HAL_PCD_SuspendCallback
                0x000000000800916c       0x34 ./USB_DEVICE/Target/usbd_conf.o
                0x000000000800916c                HAL_PCD_SuspendCallback
 .text.HAL_PCD_ResumeCallback
                0x00000000080091a0       0x1c ./USB_DEVICE/Target/usbd_conf.o
                0x00000000080091a0                HAL_PCD_ResumeCallback
 .text.USBD_LL_Init
                0x00000000080091bc       0xb4 ./USB_DEVICE/Target/usbd_conf.o
                0x00000000080091bc                USBD_LL_Init
 .text.USBD_LL_Start
                0x0000000008009270       0x36 ./USB_DEVICE/Target/usbd_conf.o
                0x0000000008009270                USBD_LL_Start
 .text.USBD_LL_OpenEP
                0x00000000080092a6       0x4c ./USB_DEVICE/Target/usbd_conf.o
                0x00000000080092a6                USBD_LL_OpenEP
 .text.USBD_LL_CloseEP
                0x00000000080092f2       0x3e ./USB_DEVICE/Target/usbd_conf.o
                0x00000000080092f2                USBD_LL_CloseEP
 .text.USBD_LL_StallEP
                0x0000000008009330       0x3e ./USB_DEVICE/Target/usbd_conf.o
                0x0000000008009330                USBD_LL_StallEP
 .text.USBD_LL_ClearStallEP
                0x000000000800936e       0x3e ./USB_DEVICE/Target/usbd_conf.o
                0x000000000800936e                USBD_LL_ClearStallEP
 .text.USBD_LL_IsStallEP
                0x00000000080093ac       0x58 ./USB_DEVICE/Target/usbd_conf.o
                0x00000000080093ac                USBD_LL_IsStallEP
 .text.USBD_LL_SetUSBAddress
                0x0000000008009404       0x3e ./USB_DEVICE/Target/usbd_conf.o
                0x0000000008009404                USBD_LL_SetUSBAddress
 .text.USBD_LL_Transmit
                0x0000000008009442       0x46 ./USB_DEVICE/Target/usbd_conf.o
                0x0000000008009442                USBD_LL_Transmit
 .text.USBD_LL_PrepareReceive
                0x0000000008009488       0x46 ./USB_DEVICE/Target/usbd_conf.o
                0x0000000008009488                USBD_LL_PrepareReceive
 .text.USBD_LL_GetRxDataSize
                0x00000000080094ce       0x26 ./USB_DEVICE/Target/usbd_conf.o
                0x00000000080094ce                USBD_LL_GetRxDataSize
 .text.USBD_static_malloc
                0x00000000080094f4       0x18 ./USB_DEVICE/Target/usbd_conf.o
                0x00000000080094f4                USBD_static_malloc
 .text.USBD_static_free
                0x000000000800950c       0x12 ./USB_DEVICE/Target/usbd_conf.o
                0x000000000800950c                USBD_static_free
 .text.HAL_PCDEx_SetConnectionState
                0x000000000800951e       0x16 ./USB_DEVICE/Target/usbd_conf.o
                0x000000000800951e                HAL_PCDEx_SetConnectionState
 .text.USBD_Get_USB_Status
                0x0000000008009534       0x58 ./USB_DEVICE/Target/usbd_conf.o
 .text.__libc_init_array
                0x000000000800958c       0x48 /Applications/STM32CubeIDE.app/Contents/Eclipse/plugins/com.st.stm32cube.ide.mcu.externaltools.gnu-tools-for-stm32.10.3-2021.10.macos64_1.0.0.202111181127/tools/bin/../lib/gcc/arm-none-eabi/10.3.1/../../../../arm-none-eabi/lib/thumb/v7-m/nofp/libc_nano.a(lib_a-init.o)
                0x000000000800958c                __libc_init_array
 .text.memset   0x00000000080095d4       0x10 /Applications/STM32CubeIDE.app/Contents/Eclipse/plugins/com.st.stm32cube.ide.mcu.externaltools.gnu-tools-for-stm32.10.3-2021.10.macos64_1.0.0.202111181127/tools/bin/../lib/gcc/arm-none-eabi/10.3.1/../../../../arm-none-eabi/lib/thumb/v7-m/nofp/libc_nano.a(lib_a-memset.o)
                0x00000000080095d4                memset
 *(.glue_7)
 .glue_7        0x00000000080095e4        0x0 linker stubs
 *(.glue_7t)
 .glue_7t       0x00000000080095e4        0x0 linker stubs
 *(.eh_frame)
 .eh_frame      0x00000000080095e4        0x0 /Applications/STM32CubeIDE.app/Contents/Eclipse/plugins/com.st.stm32cube.ide.mcu.externaltools.gnu-tools-for-stm32.10.3-2021.10.macos64_1.0.0.202111181127/tools/bin/../lib/gcc/arm-none-eabi/10.3.1/thumb/v7-m/nofp/crtbegin.o
 *(.init)
 .init          0x00000000080095e4        0x4 /Applications/STM32CubeIDE.app/Contents/Eclipse/plugins/com.st.stm32cube.ide.mcu.externaltools.gnu-tools-for-stm32.10.3-2021.10.macos64_1.0.0.202111181127/tools/bin/../lib/gcc/arm-none-eabi/10.3.1/thumb/v7-m/nofp/crti.o
                0x00000000080095e4                _init
 .init          0x00000000080095e8        0x8 /Applications/STM32CubeIDE.app/Contents/Eclipse/plugins/com.st.stm32cube.ide.mcu.externaltools.gnu-tools-for-stm32.10.3-2021.10.macos64_1.0.0.202111181127/tools/bin/../lib/gcc/arm-none-eabi/10.3.1/thumb/v7-m/nofp/crtn.o
 *(.fini)
 .fini          0x00000000080095f0        0x4 /Applications/STM32CubeIDE.app/Contents/Eclipse/plugins/com.st.stm32cube.ide.mcu.externaltools.gnu-tools-for-stm32.10.3-2021.10.macos64_1.0.0.202111181127/tools/bin/../lib/gcc/arm-none-eabi/10.3.1/thumb/v7-m/nofp/crti.o
                0x00000000080095f0                _fini
 .fini          0x00000000080095f4        0x8 /Applications/STM32CubeIDE.app/Contents/Eclipse/plugins/com.st.stm32cube.ide.mcu.externaltools.gnu-tools-for-stm32.10.3-2021.10.macos64_1.0.0.202111181127/tools/bin/../lib/gcc/arm-none-eabi/10.3.1/thumb/v7-m/nofp/crtn.o
                0x00000000080095fc                . = ALIGN (0x4)
                0x00000000080095fc                _etext = .

.vfp11_veneer   0x00000000080095fc        0x0
 .vfp11_veneer  0x00000000080095fc        0x0 linker stubs

.v4_bx          0x00000000080095fc        0x0
 .v4_bx         0x00000000080095fc        0x0 linker stubs

.iplt           0x00000000080095fc        0x0
 .iplt          0x00000000080095fc        0x0 /Applications/STM32CubeIDE.app/Contents/Eclipse/plugins/com.st.stm32cube.ide.mcu.externaltools.gnu-tools-for-stm32.10.3-2021.10.macos64_1.0.0.202111181127/tools/bin/../lib/gcc/arm-none-eabi/10.3.1/thumb/v7-m/nofp/crtbegin.o

.rodata         0x00000000080095fc       0x98
                0x00000000080095fc                . = ALIGN (0x4)
 *(.rodata)
 .rodata        0x00000000080095fc       0x28 ./Core/Src/main.o
 .rodata        0x0000000008009624       0x10 ./Drivers/STM32F1xx_HAL_Driver/Src/stm32f1xx_hal_rcc.o
 .rodata        0x0000000008009634        0x5 ./Middlewares/Third_Party/FreeRTOS/Source/tasks.o
 *fill*         0x0000000008009639        0x3 
 .rodata        0x000000000800963c       0x46 ./USB_DEVICE/App/usbd_desc.o
 *(.rodata*)
 *fill*         0x0000000008009682        0x2 
 .rodata.AHBPrescTable
                0x0000000008009684       0x10 ./Core/Src/system_stm32f1xx.o
                0x0000000008009684                AHBPrescTable
                0x0000000008009694                . = ALIGN (0x4)

.rel.dyn        0x0000000008009694        0x0
 .rel.iplt      0x0000000008009694        0x0 /Applications/STM32CubeIDE.app/Contents/Eclipse/plugins/com.st.stm32cube.ide.mcu.externaltools.gnu-tools-for-stm32.10.3-2021.10.macos64_1.0.0.202111181127/tools/bin/../lib/gcc/arm-none-eabi/10.3.1/thumb/v7-m/nofp/crtbegin.o

.ARM.extab      0x0000000008009694        0x0
                0x0000000008009694                . = ALIGN (0x4)
 *(.ARM.extab* .gnu.linkonce.armextab.*)
                0x0000000008009694                . = ALIGN (0x4)

.ARM            0x0000000008009694        0x0
                0x0000000008009694                . = ALIGN (0x4)
                0x0000000008009694                __exidx_start = .
 *(.ARM.exidx*)
                0x0000000008009694                __exidx_end = .
                0x0000000008009694                . = ALIGN (0x4)

.preinit_array  0x0000000008009694        0x0
                0x0000000008009694                . = ALIGN (0x4)
                0x0000000008009694                PROVIDE (__preinit_array_start = .)
 *(.preinit_array*)
                0x0000000008009694                PROVIDE (__preinit_array_end = .)
                0x0000000008009694                . = ALIGN (0x4)

.init_array     0x0000000008009694        0x4
                0x0000000008009694                . = ALIGN (0x4)
                0x0000000008009694                PROVIDE (__init_array_start = .)
 *(SORT_BY_NAME(.init_array.*))
 *(.init_array*)
 .init_array    0x0000000008009694        0x4 /Applications/STM32CubeIDE.app/Contents/Eclipse/plugins/com.st.stm32cube.ide.mcu.externaltools.gnu-tools-for-stm32.10.3-2021.10.macos64_1.0.0.202111181127/tools/bin/../lib/gcc/arm-none-eabi/10.3.1/thumb/v7-m/nofp/crtbegin.o
                0x0000000008009698                PROVIDE (__init_array_end = .)
                0x0000000008009698                . = ALIGN (0x4)

.fini_array     0x0000000008009698        0x4
                0x0000000008009698                . = ALIGN (0x4)
                [!provide]                        PROVIDE (__fini_array_start = .)
 *(SORT_BY_NAME(.fini_array.*))
 *(.fini_array*)
 .fini_array    0x0000000008009698        0x4 /Applications/STM32CubeIDE.app/Contents/Eclipse/plugins/com.st.stm32cube.ide.mcu.externaltools.gnu-tools-for-stm32.10.3-2021.10.macos64_1.0.0.202111181127/tools/bin/../lib/gcc/arm-none-eabi/10.3.1/thumb/v7-m/nofp/crtbegin.o
                [!provide]                        PROVIDE (__fini_array_end = .)
                0x000000000800969c                . = ALIGN (0x4)
                0x000000000800969c                _sidata = LOADADDR (.data)

.data           0x0000000020000000      0x180 load address 0x000000000800969c
                0x0000000020000000                . = ALIGN (0x4)
                0x0000000020000000                _sdata = .
 *(.data)
 *(.data*)
 .data.SystemCoreClock
                0x0000000020000000        0x4 ./Core/Src/system_stm32f1xx.o
                0x0000000020000000                SystemCoreClock
 .data.uwTickPrio
                0x0000000020000004        0x4 ./Drivers/STM32F1xx_HAL_Driver/Src/stm32f1xx_hal.o
                0x0000000020000004                uwTickPrio
 .data.uwTickFreq
                0x0000000020000008        0x1 ./Drivers/STM32F1xx_HAL_Driver/Src/stm32f1xx_hal.o
                0x0000000020000008                uwTickFreq
 *fill*         0x0000000020000009        0x3 
 .data.USBD_CDC_DeviceQualifierDesc
                0x000000002000000c        0xa ./Middlewares/ST/STM32_USB_Device_Library/Class/CDC/Src/usbd_cdc.o
 *fill*         0x0000000020000016        0x2 
 .data.USBD_CDC
                0x0000000020000018       0x38 ./Middlewares/ST/STM32_USB_Device_Library/Class/CDC/Src/usbd_cdc.o
                0x0000000020000018                USBD_CDC
 .data.USBD_CDC_CfgHSDesc
                0x0000000020000050       0x43 ./Middlewares/ST/STM32_USB_Device_Library/Class/CDC/Src/usbd_cdc.o
                0x0000000020000050                USBD_CDC_CfgHSDesc
 *fill*         0x0000000020000093        0x1 
 .data.USBD_CDC_CfgFSDesc
                0x0000000020000094       0x43 ./Middlewares/ST/STM32_USB_Device_Library/Class/CDC/Src/usbd_cdc.o
                0x0000000020000094                USBD_CDC_CfgFSDesc
 *fill*         0x00000000200000d7        0x1 
 .data.USBD_CDC_OtherSpeedCfgDesc
                0x00000000200000d8       0x43 ./Middlewares/ST/STM32_USB_Device_Library/Class/CDC/Src/usbd_cdc.o
                0x00000000200000d8                USBD_CDC_OtherSpeedCfgDesc
 *fill*         0x000000002000011b        0x1 
 .data.uxCriticalNesting
                0x000000002000011c        0x4 ./Middlewares/Third_Party/FreeRTOS/Source/portable/GCC/ARM_CM3/port.o
 .data.USBD_Interface_fops_FS
                0x0000000020000120       0x10 ./USB_DEVICE/App/usbd_cdc_if.o
                0x0000000020000120                USBD_Interface_fops_FS
 .data.FS_Desc  0x0000000020000130       0x1c ./USB_DEVICE/App/usbd_desc.o
                0x0000000020000130                FS_Desc
 .data.USBD_FS_DeviceDesc
                0x000000002000014c       0x12 ./USB_DEVICE/App/usbd_desc.o
                0x000000002000014c                USBD_FS_DeviceDesc
 *fill*         0x000000002000015e        0x2 
 .data.USBD_LangIDDesc
                0x0000000020000160        0x4 ./USB_DEVICE/App/usbd_desc.o
                0x0000000020000160                USBD_LangIDDesc
 .data.USBD_StringSerial
                0x0000000020000164       0x1a ./USB_DEVICE/App/usbd_desc.o
                0x0000000020000164                USBD_StringSerial
 *(.RamFunc)
 *(.RamFunc*)
                0x0000000020000180                . = ALIGN (0x4)
 *fill*         0x000000002000017e        0x2 
                0x0000000020000180                _edata = .

.igot.plt       0x0000000020000180        0x0 load address 0x000000000800981c
 .igot.plt      0x0000000020000180        0x0 /Applications/STM32CubeIDE.app/Contents/Eclipse/plugins/com.st.stm32cube.ide.mcu.externaltools.gnu-tools-for-stm32.10.3-2021.10.macos64_1.0.0.202111181127/tools/bin/../lib/gcc/arm-none-eabi/10.3.1/thumb/v7-m/nofp/crtbegin.o
                0x0000000020000180                . = ALIGN (0x4)

.bss            0x0000000020000180     0x22a8 load address 0x000000000800981c
                0x0000000020000180                _sbss = .
                0x0000000020000180                __bss_start__ = _sbss
 *(.bss)
 .bss           0x0000000020000180       0x1c /Applications/STM32CubeIDE.app/Contents/Eclipse/plugins/com.st.stm32cube.ide.mcu.externaltools.gnu-tools-for-stm32.10.3-2021.10.macos64_1.0.0.202111181127/tools/bin/../lib/gcc/arm-none-eabi/10.3.1/thumb/v7-m/nofp/crtbegin.o
 *(.bss*)
 .bss.xIdleTaskTCBBuffer
                0x000000002000019c       0x54 ./Core/Src/freertos.o
 .bss.xIdleStack
                0x00000000200001f0      0x200 ./Core/Src/freertos.o
 .bss.hspi1     0x00000000200003f0       0x58 ./Core/Src/main.o
                0x00000000200003f0                hspi1
 .bss.hspi2     0x0000000020000448       0x58 ./Core/Src/main.o
                0x0000000020000448                hspi2
 .bss.htim3     0x00000000200004a0       0x48 ./Core/Src/main.o
                0x00000000200004a0                htim3
 .bss.htim4     0x00000000200004e8       0x48 ./Core/Src/main.o
                0x00000000200004e8                htim4
 .bss.defaultTaskHandle
                0x0000000020000530        0x4 ./Core/Src/main.o
                0x0000000020000530                defaultTaskHandle
 .bss.uwTick    0x0000000020000534        0x4 ./Drivers/STM32F1xx_HAL_Driver/Src/stm32f1xx_hal.o
                0x0000000020000534                uwTick
 .bss.cfgidx.0  0x0000000020000538        0x1 ./Middlewares/ST/STM32_USB_Device_Library/Core/Src/usbd_ctlreq.o
 *fill*         0x0000000020000539        0x3 
 .bss.pxCurrentTCB
                0x000000002000053c        0x4 ./Middlewares/Third_Party/FreeRTOS/Source/tasks.o
                0x000000002000053c                pxCurrentTCB
 .bss.pxReadyTasksLists
                0x0000000020000540       0x8c ./Middlewares/Third_Party/FreeRTOS/Source/tasks.o
 .bss.xDelayedTaskList1
                0x00000000200005cc       0x14 ./Middlewares/Third_Party/FreeRTOS/Source/tasks.o
 .bss.xDelayedTaskList2
                0x00000000200005e0       0x14 ./Middlewares/Third_Party/FreeRTOS/Source/tasks.o
 .bss.pxDelayedTaskList
                0x00000000200005f4        0x4 ./Middlewares/Third_Party/FreeRTOS/Source/tasks.o
 .bss.pxOverflowDelayedTaskList
                0x00000000200005f8        0x4 ./Middlewares/Third_Party/FreeRTOS/Source/tasks.o
 .bss.xPendingReadyList
                0x00000000200005fc       0x14 ./Middlewares/Third_Party/FreeRTOS/Source/tasks.o
 .bss.xTasksWaitingTermination
                0x0000000020000610       0x14 ./Middlewares/Third_Party/FreeRTOS/Source/tasks.o
 .bss.uxDeletedTasksWaitingCleanUp
                0x0000000020000624        0x4 ./Middlewares/Third_Party/FreeRTOS/Source/tasks.o
 .bss.xSuspendedTaskList
                0x0000000020000628       0x14 ./Middlewares/Third_Party/FreeRTOS/Source/tasks.o
 .bss.uxCurrentNumberOfTasks
                0x000000002000063c        0x4 ./Middlewares/Third_Party/FreeRTOS/Source/tasks.o
 .bss.xTickCount
                0x0000000020000640        0x4 ./Middlewares/Third_Party/FreeRTOS/Source/tasks.o
 .bss.uxTopReadyPriority
                0x0000000020000644        0x4 ./Middlewares/Third_Party/FreeRTOS/Source/tasks.o
 .bss.xSchedulerRunning
                0x0000000020000648        0x4 ./Middlewares/Third_Party/FreeRTOS/Source/tasks.o
 .bss.uxPendedTicks
                0x000000002000064c        0x4 ./Middlewares/Third_Party/FreeRTOS/Source/tasks.o
 .bss.xYieldPending
                0x0000000020000650        0x4 ./Middlewares/Third_Party/FreeRTOS/Source/tasks.o
 .bss.xNumOfOverflows
                0x0000000020000654        0x4 ./Middlewares/Third_Party/FreeRTOS/Source/tasks.o
 .bss.uxTaskNumber
                0x0000000020000658        0x4 ./Middlewares/Third_Party/FreeRTOS/Source/tasks.o
 .bss.xNextTaskUnblockTime
                0x000000002000065c        0x4 ./Middlewares/Third_Party/FreeRTOS/Source/tasks.o
 .bss.xIdleTaskHandle
                0x0000000020000660        0x4 ./Middlewares/Third_Party/FreeRTOS/Source/tasks.o
 .bss.uxSchedulerSuspended
                0x0000000020000664        0x4 ./Middlewares/Third_Party/FreeRTOS/Source/tasks.o
 .bss.ucMaxSysCallPriority
                0x0000000020000668        0x1 ./Middlewares/Third_Party/FreeRTOS/Source/portable/GCC/ARM_CM3/port.o
 *fill*         0x0000000020000669        0x3 
 .bss.ulMaxPRIGROUPValue
                0x000000002000066c        0x4 ./Middlewares/Third_Party/FreeRTOS/Source/portable/GCC/ARM_CM3/port.o
 .bss.ucHeap    0x0000000020000670      0xc00 ./Middlewares/Third_Party/FreeRTOS/Source/portable/MemMang/heap_4.o
 .bss.xStart    0x0000000020001270        0x8 ./Middlewares/Third_Party/FreeRTOS/Source/portable/MemMang/heap_4.o
 .bss.pxEnd     0x0000000020001278        0x4 ./Middlewares/Third_Party/FreeRTOS/Source/portable/MemMang/heap_4.o
 .bss.xFreeBytesRemaining
                0x000000002000127c        0x4 ./Middlewares/Third_Party/FreeRTOS/Source/portable/MemMang/heap_4.o
 .bss.xMinimumEverFreeBytesRemaining
                0x0000000020001280        0x4 ./Middlewares/Third_Party/FreeRTOS/Source/portable/MemMang/heap_4.o
 .bss.xBlockAllocatedBit
                0x0000000020001284        0x4 ./Middlewares/Third_Party/FreeRTOS/Source/portable/MemMang/heap_4.o
 .bss.hUsbDeviceFS
                0x0000000020001288      0x2c4 ./USB_DEVICE/App/usb_device.o
                0x0000000020001288                hUsbDeviceFS
 .bss.UserRxBufferFS
                0x000000002000154c      0x3e8 ./USB_DEVICE/App/usbd_cdc_if.o
                0x000000002000154c                UserRxBufferFS
 .bss.UserTxBufferFS
                0x0000000020001934      0x3e8 ./USB_DEVICE/App/usbd_cdc_if.o
                0x0000000020001934                UserTxBufferFS
 .bss.USBD_StrDesc
                0x0000000020001d1c      0x200 ./USB_DEVICE/App/usbd_desc.o
                0x0000000020001d1c                USBD_StrDesc
 .bss.hpcd_USB_FS
                0x0000000020001f1c      0x2ec ./USB_DEVICE/Target/usbd_conf.o
                0x0000000020001f1c                hpcd_USB_FS
 .bss.mem.0     0x0000000020002208      0x220 ./USB_DEVICE/Target/usbd_conf.o
 *(COMMON)
                0x0000000020002428                . = ALIGN (0x4)
                0x0000000020002428                _ebss = .
                0x0000000020002428                __bss_end__ = _ebss

._user_heap_stack
                0x0000000020002428      0x600 load address 0x000000000800981c
                0x0000000020002428                . = ALIGN (0x8)
                [!provide]                        PROVIDE (end = .)
                0x0000000020002428                PROVIDE (_end = .)
                0x0000000020002628                . = (. + _Min_Heap_Size)
 *fill*         0x0000000020002428      0x200 
                0x0000000020002a28                . = (. + _Min_Stack_Size)
 *fill*         0x0000000020002628      0x400 
                0x0000000020002a28                . = ALIGN (0x8)

/DISCARD/
 libc.a(*)
 libm.a(*)
 libgcc.a(*)

.ARM.attributes
                0x0000000000000000       0x29
 *(.ARM.attributes)
 .ARM.attributes
                0x0000000000000000       0x1d /Applications/STM32CubeIDE.app/Contents/Eclipse/plugins/com.st.stm32cube.ide.mcu.externaltools.gnu-tools-for-stm32.10.3-2021.10.macos64_1.0.0.202111181127/tools/bin/../lib/gcc/arm-none-eabi/10.3.1/thumb/v7-m/nofp/crti.o
 .ARM.attributes
                0x000000000000001d       0x2d /Applications/STM32CubeIDE.app/Contents/Eclipse/plugins/com.st.stm32cube.ide.mcu.externaltools.gnu-tools-for-stm32.10.3-2021.10.macos64_1.0.0.202111181127/tools/bin/../lib/gcc/arm-none-eabi/10.3.1/thumb/v7-m/nofp/crtbegin.o
 .ARM.attributes
                0x000000000000004a       0x2d ./Core/Src/freertos.o
 .ARM.attributes
                0x0000000000000077       0x2d ./Core/Src/main.o
 .ARM.attributes
                0x00000000000000a4       0x2d ./Core/Src/stm32f1xx_hal_msp.o
 .ARM.attributes
                0x00000000000000d1       0x2d ./Core/Src/stm32f1xx_it.o
 .ARM.attributes
                0x00000000000000fe       0x2d ./Core/Src/system_stm32f1xx.o
 .ARM.attributes
                0x000000000000012b       0x21 ./Core/Startup/startup_stm32f103vdtx.o
 .ARM.attributes
                0x000000000000014c       0x2d ./Drivers/STM32F1xx_HAL_Driver/Src/stm32f1xx_hal.o
 .ARM.attributes
                0x0000000000000179       0x2d ./Drivers/STM32F1xx_HAL_Driver/Src/stm32f1xx_hal_cortex.o
 .ARM.attributes
                0x00000000000001a6       0x2d ./Drivers/STM32F1xx_HAL_Driver/Src/stm32f1xx_hal_gpio.o
 .ARM.attributes
                0x00000000000001d3       0x2d ./Drivers/STM32F1xx_HAL_Driver/Src/stm32f1xx_hal_pcd.o
 .ARM.attributes
                0x0000000000000200       0x2d ./Drivers/STM32F1xx_HAL_Driver/Src/stm32f1xx_hal_pcd_ex.o
 .ARM.attributes
                0x000000000000022d       0x2d ./Drivers/STM32F1xx_HAL_Driver/Src/stm32f1xx_hal_rcc.o
 .ARM.attributes
                0x000000000000025a       0x2d ./Drivers/STM32F1xx_HAL_Driver/Src/stm32f1xx_hal_rcc_ex.o
 .ARM.attributes
                0x0000000000000287       0x2d ./Drivers/STM32F1xx_HAL_Driver/Src/stm32f1xx_hal_spi.o
 .ARM.attributes
                0x00000000000002b4       0x2d ./Drivers/STM32F1xx_HAL_Driver/Src/stm32f1xx_hal_tim.o
 .ARM.attributes
                0x00000000000002e1       0x2d ./Drivers/STM32F1xx_HAL_Driver/Src/stm32f1xx_hal_tim_ex.o
 .ARM.attributes
                0x000000000000030e       0x2d ./Drivers/STM32F1xx_HAL_Driver/Src/stm32f1xx_ll_usb.o
 .ARM.attributes
                0x000000000000033b       0x2d ./Middlewares/ST/STM32_USB_Device_Library/Class/CDC/Src/usbd_cdc.o
 .ARM.attributes
                0x0000000000000368       0x2d ./Middlewares/ST/STM32_USB_Device_Library/Core/Src/usbd_core.o
 .ARM.attributes
                0x0000000000000395       0x2d ./Middlewares/ST/STM32_USB_Device_Library/Core/Src/usbd_ctlreq.o
 .ARM.attributes
                0x00000000000003c2       0x2d ./Middlewares/ST/STM32_USB_Device_Library/Core/Src/usbd_ioreq.o
 .ARM.attributes
                0x00000000000003ef       0x2d ./Middlewares/Third_Party/FreeRTOS/Source/CMSIS_RTOS/cmsis_os.o
 .ARM.attributes
                0x000000000000041c       0x2d ./Middlewares/Third_Party/FreeRTOS/Source/list.o
 .ARM.attributes
                0x0000000000000449       0x2d ./Middlewares/Third_Party/FreeRTOS/Source/tasks.o
 .ARM.attributes
                0x0000000000000476       0x2d ./Middlewares/Third_Party/FreeRTOS/Source/portable/GCC/ARM_CM3/port.o
 .ARM.attributes
                0x00000000000004a3       0x2d ./Middlewares/Third_Party/FreeRTOS/Source/portable/MemMang/heap_4.o
 .ARM.attributes
                0x00000000000004d0       0x2d ./USB_DEVICE/App/usb_device.o
 .ARM.attributes
                0x00000000000004fd       0x2d ./USB_DEVICE/App/usbd_cdc_if.o
 .ARM.attributes
                0x000000000000052a       0x2d ./USB_DEVICE/App/usbd_desc.o
 .ARM.attributes
                0x0000000000000557       0x2d ./USB_DEVICE/Target/usbd_conf.o
 .ARM.attributes
                0x0000000000000584       0x2d /Applications/STM32CubeIDE.app/Contents/Eclipse/plugins/com.st.stm32cube.ide.mcu.externaltools.gnu-tools-for-stm32.10.3-2021.10.macos64_1.0.0.202111181127/tools/bin/../lib/gcc/arm-none-eabi/10.3.1/../../../../arm-none-eabi/lib/thumb/v7-m/nofp/libc_nano.a(lib_a-init.o)
 .ARM.attributes
                0x00000000000005b1       0x2d /Applications/STM32CubeIDE.app/Contents/Eclipse/plugins/com.st.stm32cube.ide.mcu.externaltools.gnu-tools-for-stm32.10.3-2021.10.macos64_1.0.0.202111181127/tools/bin/../lib/gcc/arm-none-eabi/10.3.1/../../../../arm-none-eabi/lib/thumb/v7-m/nofp/libc_nano.a(lib_a-memset.o)
 .ARM.attributes
                0x00000000000005de       0x1d /Applications/STM32CubeIDE.app/Contents/Eclipse/plugins/com.st.stm32cube.ide.mcu.externaltools.gnu-tools-for-stm32.10.3-2021.10.macos64_1.0.0.202111181127/tools/bin/../lib/gcc/arm-none-eabi/10.3.1/thumb/v7-m/nofp/crtn.o
OUTPUT(Amplifier.elf elf32-littlearm)
LOAD linker stubs
LOAD /Applications/STM32CubeIDE.app/Contents/Eclipse/plugins/com.st.stm32cube.ide.mcu.externaltools.gnu-tools-for-stm32.10.3-2021.10.macos64_1.0.0.202111181127/tools/bin/../lib/gcc/arm-none-eabi/10.3.1/../../../../arm-none-eabi/lib/thumb/v7-m/nofp/libc.a
LOAD /Applications/STM32CubeIDE.app/Contents/Eclipse/plugins/com.st.stm32cube.ide.mcu.externaltools.gnu-tools-for-stm32.10.3-2021.10.macos64_1.0.0.202111181127/tools/bin/../lib/gcc/arm-none-eabi/10.3.1/../../../../arm-none-eabi/lib/thumb/v7-m/nofp/libm.a
LOAD /Applications/STM32CubeIDE.app/Contents/Eclipse/plugins/com.st.stm32cube.ide.mcu.externaltools.gnu-tools-for-stm32.10.3-2021.10.macos64_1.0.0.202111181127/tools/bin/../lib/gcc/arm-none-eabi/10.3.1/thumb/v7-m/nofp/libgcc.a

.debug_info     0x0000000000000000    0x17d37
 .debug_info    0x0000000000000000      0x294 ./Core/Src/freertos.o
 .debug_info    0x0000000000000294     0x1344 ./Core/Src/main.o
 .debug_info    0x00000000000015d8      0xed7 ./Core/Src/stm32f1xx_hal_msp.o
 .debug_info    0x00000000000024af      0x665 ./Core/Src/stm32f1xx_it.o
 .debug_info    0x0000000000002b14      0x23d ./Core/Src/system_stm32f1xx.o
 .debug_info    0x0000000000002d51       0x22 ./Core/Startup/startup_stm32f103vdtx.o
 .debug_info    0x0000000000002d73      0x79a ./Drivers/STM32F1xx_HAL_Driver/Src/stm32f1xx_hal.o
 .debug_info    0x000000000000350d      0xb86 ./Drivers/STM32F1xx_HAL_Driver/Src/stm32f1xx_hal_cortex.o
 .debug_info    0x0000000000004093      0x615 ./Drivers/STM32F1xx_HAL_Driver/Src/stm32f1xx_hal_gpio.o
 .debug_info    0x00000000000046a8     0x16ab ./Drivers/STM32F1xx_HAL_Driver/Src/stm32f1xx_hal_pcd.o
 .debug_info    0x0000000000005d53      0x728 ./Drivers/STM32F1xx_HAL_Driver/Src/stm32f1xx_hal_pcd_ex.o
 .debug_info    0x000000000000647b      0x860 ./Drivers/STM32F1xx_HAL_Driver/Src/stm32f1xx_hal_rcc.o
 .debug_info    0x0000000000006cdb      0x409 ./Drivers/STM32F1xx_HAL_Driver/Src/stm32f1xx_hal_rcc_ex.o
 .debug_info    0x00000000000070e4     0x1666 ./Drivers/STM32F1xx_HAL_Driver/Src/stm32f1xx_hal_spi.o
 .debug_info    0x000000000000874a     0x29de ./Drivers/STM32F1xx_HAL_Driver/Src/stm32f1xx_hal_tim.o
 .debug_info    0x000000000000b128     0x1513 ./Drivers/STM32F1xx_HAL_Driver/Src/stm32f1xx_hal_tim_ex.o
 .debug_info    0x000000000000c63b     0x190d ./Drivers/STM32F1xx_HAL_Driver/Src/stm32f1xx_ll_usb.o
 .debug_info    0x000000000000df48     0x10f1 ./Middlewares/ST/STM32_USB_Device_Library/Class/CDC/Src/usbd_cdc.o
 .debug_info    0x000000000000f039      0xb02 ./Middlewares/ST/STM32_USB_Device_Library/Core/Src/usbd_core.o
 .debug_info    0x000000000000fb3b      0x9b6 ./Middlewares/ST/STM32_USB_Device_Library/Core/Src/usbd_ctlreq.o
 .debug_info    0x00000000000104f1      0x715 ./Middlewares/ST/STM32_USB_Device_Library/Core/Src/usbd_ioreq.o
 .debug_info    0x0000000000010c06     0x1c1b ./Middlewares/Third_Party/FreeRTOS/Source/CMSIS_RTOS/cmsis_os.o
 .debug_info    0x0000000000012821      0x2cb ./Middlewares/Third_Party/FreeRTOS/Source/list.o
 .debug_info    0x0000000000012aec     0x1cec ./Middlewares/Third_Party/FreeRTOS/Source/tasks.o
 .debug_info    0x00000000000147d8      0x4b7 ./Middlewares/Third_Party/FreeRTOS/Source/portable/GCC/ARM_CM3/port.o
 .debug_info    0x0000000000014c8f      0x3e8 ./Middlewares/Third_Party/FreeRTOS/Source/portable/MemMang/heap_4.o
 .debug_info    0x0000000000015077      0x679 ./USB_DEVICE/App/usb_device.o
 .debug_info    0x00000000000156f0      0x828 ./USB_DEVICE/App/usbd_cdc_if.o
 .debug_info    0x0000000000015f18      0x484 ./USB_DEVICE/App/usbd_desc.o
 .debug_info    0x000000000001639c     0x199b ./USB_DEVICE/Target/usbd_conf.o

.debug_abbrev   0x0000000000000000     0x3e6a
 .debug_abbrev  0x0000000000000000       0xcd ./Core/Src/freertos.o
 .debug_abbrev  0x00000000000000cd      0x2e0 ./Core/Src/main.o
 .debug_abbrev  0x00000000000003ad      0x1f2 ./Core/Src/stm32f1xx_hal_msp.o
 .debug_abbrev  0x000000000000059f      0x1b0 ./Core/Src/stm32f1xx_it.o
 .debug_abbrev  0x000000000000074f      0x13b ./Core/Src/system_stm32f1xx.o
 .debug_abbrev  0x000000000000088a       0x12 ./Core/Startup/startup_stm32f103vdtx.o
 .debug_abbrev  0x000000000000089c      0x1fb ./Drivers/STM32F1xx_HAL_Driver/Src/stm32f1xx_hal.o
 .debug_abbrev  0x0000000000000a97      0x2ed ./Drivers/STM32F1xx_HAL_Driver/Src/stm32f1xx_hal_cortex.o
 .debug_abbrev  0x0000000000000d84      0x1bb ./Drivers/STM32F1xx_HAL_Driver/Src/stm32f1xx_hal_gpio.o
 .debug_abbrev  0x0000000000000f3f      0x2b9 ./Drivers/STM32F1xx_HAL_Driver/Src/stm32f1xx_hal_pcd.o
 .debug_abbrev  0x00000000000011f8      0x17f ./Drivers/STM32F1xx_HAL_Driver/Src/stm32f1xx_hal_pcd_ex.o
 .debug_abbrev  0x0000000000001377      0x2a8 ./Drivers/STM32F1xx_HAL_Driver/Src/stm32f1xx_hal_rcc.o
 .debug_abbrev  0x000000000000161f      0x182 ./Drivers/STM32F1xx_HAL_Driver/Src/stm32f1xx_hal_rcc_ex.o
 .debug_abbrev  0x00000000000017a1      0x26e ./Drivers/STM32F1xx_HAL_Driver/Src/stm32f1xx_hal_spi.o
 .debug_abbrev  0x0000000000001a0f      0x25d ./Drivers/STM32F1xx_HAL_Driver/Src/stm32f1xx_hal_tim.o
 .debug_abbrev  0x0000000000001c6c      0x265 ./Drivers/STM32F1xx_HAL_Driver/Src/stm32f1xx_hal_tim_ex.o
 .debug_abbrev  0x0000000000001ed1      0x1cd ./Drivers/STM32F1xx_HAL_Driver/Src/stm32f1xx_ll_usb.o
 .debug_abbrev  0x000000000000209e      0x2c0 ./Middlewares/ST/STM32_USB_Device_Library/Class/CDC/Src/usbd_cdc.o
 .debug_abbrev  0x000000000000235e      0x236 ./Middlewares/ST/STM32_USB_Device_Library/Core/Src/usbd_core.o
 .debug_abbrev  0x0000000000002594      0x257 ./Middlewares/ST/STM32_USB_Device_Library/Core/Src/usbd_ctlreq.o
 .debug_abbrev  0x00000000000027eb      0x183 ./Middlewares/ST/STM32_USB_Device_Library/Core/Src/usbd_ioreq.o
 .debug_abbrev  0x000000000000296e      0x392 ./Middlewares/Third_Party/FreeRTOS/Source/CMSIS_RTOS/cmsis_os.o
 .debug_abbrev  0x0000000000002d00       0xf2 ./Middlewares/Third_Party/FreeRTOS/Source/list.o
 .debug_abbrev  0x0000000000002df2      0x34e ./Middlewares/Third_Party/FreeRTOS/Source/tasks.o
 .debug_abbrev  0x0000000000003140      0x257 ./Middlewares/Third_Party/FreeRTOS/Source/portable/GCC/ARM_CM3/port.o
 .debug_abbrev  0x0000000000003397      0x1ff ./Middlewares/Third_Party/FreeRTOS/Source/portable/MemMang/heap_4.o
 .debug_abbrev  0x0000000000003596      0x183 ./USB_DEVICE/App/usb_device.o
 .debug_abbrev  0x0000000000003719      0x252 ./USB_DEVICE/App/usbd_cdc_if.o
 .debug_abbrev  0x000000000000396b      0x1fa ./USB_DEVICE/App/usbd_desc.o
 .debug_abbrev  0x0000000000003b65      0x305 ./USB_DEVICE/Target/usbd_conf.o

.debug_aranges  0x0000000000000000     0x1648
 .debug_aranges
                0x0000000000000000       0x20 ./Core/Src/freertos.o
 .debug_aranges
                0x0000000000000020       0x60 ./Core/Src/main.o
 .debug_aranges
                0x0000000000000080       0x40 ./Core/Src/stm32f1xx_hal_msp.o
 .debug_aranges
                0x00000000000000c0       0x58 ./Core/Src/stm32f1xx_it.o
 .debug_aranges
                0x0000000000000118       0x28 ./Core/Src/system_stm32f1xx.o
 .debug_aranges
                0x0000000000000140       0x28 ./Core/Startup/startup_stm32f103vdtx.o
 .debug_aranges
                0x0000000000000168       0xe0 ./Drivers/STM32F1xx_HAL_Driver/Src/stm32f1xx_hal.o
 .debug_aranges
                0x0000000000000248      0x100 ./Drivers/STM32F1xx_HAL_Driver/Src/stm32f1xx_hal_cortex.o
 .debug_aranges
                0x0000000000000348       0x58 ./Drivers/STM32F1xx_HAL_Driver/Src/stm32f1xx_hal_gpio.o
 .debug_aranges
                0x00000000000003a0      0x138 ./Drivers/STM32F1xx_HAL_Driver/Src/stm32f1xx_hal_pcd.o
 .debug_aranges
                0x00000000000004d8       0x38 ./Drivers/STM32F1xx_HAL_Driver/Src/stm32f1xx_hal_pcd_ex.o
 .debug_aranges
                0x0000000000000510       0x90 ./Drivers/STM32F1xx_HAL_Driver/Src/stm32f1xx_hal_rcc.o
 .debug_aranges
                0x00000000000005a0       0x30 ./Drivers/STM32F1xx_HAL_Driver/Src/stm32f1xx_hal_rcc_ex.o
 .debug_aranges
                0x00000000000005d0      0x1d0 ./Drivers/STM32F1xx_HAL_Driver/Src/stm32f1xx_hal_spi.o
 .debug_aranges
                0x00000000000007a0      0x3d0 ./Drivers/STM32F1xx_HAL_Driver/Src/stm32f1xx_hal_tim.o
 .debug_aranges
                0x0000000000000b70      0x168 ./Drivers/STM32F1xx_HAL_Driver/Src/stm32f1xx_hal_tim_ex.o
 .debug_aranges
                0x0000000000000cd8       0xf0 ./Drivers/STM32F1xx_HAL_Driver/Src/stm32f1xx_ll_usb.o
 .debug_aranges
                0x0000000000000dc8       0x90 ./Middlewares/ST/STM32_USB_Device_Library/Class/CDC/Src/usbd_cdc.o
 .debug_aranges
                0x0000000000000e58       0xb8 ./Middlewares/ST/STM32_USB_Device_Library/Core/Src/usbd_core.o
 .debug_aranges
                0x0000000000000f10       0x88 ./Middlewares/ST/STM32_USB_Device_Library/Core/Src/usbd_ctlreq.o
 .debug_aranges
                0x0000000000000f98       0x50 ./Middlewares/ST/STM32_USB_Device_Library/Core/Src/usbd_ioreq.o
 .debug_aranges
                0x0000000000000fe8      0x1d8 ./Middlewares/Third_Party/FreeRTOS/Source/CMSIS_RTOS/cmsis_os.o
 .debug_aranges
                0x00000000000011c0       0x40 ./Middlewares/Third_Party/FreeRTOS/Source/list.o
 .debug_aranges
                0x0000000000001200      0x1a8 ./Middlewares/Third_Party/FreeRTOS/Source/tasks.o
 .debug_aranges
                0x00000000000013a8       0x78 ./Middlewares/Third_Party/FreeRTOS/Source/portable/GCC/ARM_CM3/port.o
 .debug_aranges
                0x0000000000001420       0x50 ./Middlewares/Third_Party/FreeRTOS/Source/portable/MemMang/heap_4.o
 .debug_aranges
                0x0000000000001470       0x20 ./USB_DEVICE/App/usb_device.o
 .debug_aranges
                0x0000000000001490       0x40 ./USB_DEVICE/App/usbd_cdc_if.o
 .debug_aranges
                0x00000000000014d0       0x60 ./USB_DEVICE/App/usbd_desc.o
 .debug_aranges
                0x0000000000001530      0x118 ./USB_DEVICE/Target/usbd_conf.o

.debug_ranges   0x0000000000000000     0x1470
 .debug_ranges  0x0000000000000000       0x10 ./Core/Src/freertos.o
 .debug_ranges  0x0000000000000010       0x50 ./Core/Src/main.o
 .debug_ranges  0x0000000000000060       0x30 ./Core/Src/stm32f1xx_hal_msp.o
 .debug_ranges  0x0000000000000090       0x48 ./Core/Src/stm32f1xx_it.o
 .debug_ranges  0x00000000000000d8       0x18 ./Core/Src/system_stm32f1xx.o
 .debug_ranges  0x00000000000000f0       0x20 ./Core/Startup/startup_stm32f103vdtx.o
 .debug_ranges  0x0000000000000110       0xd0 ./Drivers/STM32F1xx_HAL_Driver/Src/stm32f1xx_hal.o
 .debug_ranges  0x00000000000001e0       0xf0 ./Drivers/STM32F1xx_HAL_Driver/Src/stm32f1xx_hal_cortex.o
 .debug_ranges  0x00000000000002d0       0x48 ./Drivers/STM32F1xx_HAL_Driver/Src/stm32f1xx_hal_gpio.o
 .debug_ranges  0x0000000000000318      0x128 ./Drivers/STM32F1xx_HAL_Driver/Src/stm32f1xx_hal_pcd.o
 .debug_ranges  0x0000000000000440       0x28 ./Drivers/STM32F1xx_HAL_Driver/Src/stm32f1xx_hal_pcd_ex.o
 .debug_ranges  0x0000000000000468       0x80 ./Drivers/STM32F1xx_HAL_Driver/Src/stm32f1xx_hal_rcc.o
 .debug_ranges  0x00000000000004e8       0x20 ./Drivers/STM32F1xx_HAL_Driver/Src/stm32f1xx_hal_rcc_ex.o
 .debug_ranges  0x0000000000000508      0x1c0 ./Drivers/STM32F1xx_HAL_Driver/Src/stm32f1xx_hal_spi.o
 .debug_ranges  0x00000000000006c8      0x3c0 ./Drivers/STM32F1xx_HAL_Driver/Src/stm32f1xx_hal_tim.o
 .debug_ranges  0x0000000000000a88      0x158 ./Drivers/STM32F1xx_HAL_Driver/Src/stm32f1xx_hal_tim_ex.o
 .debug_ranges  0x0000000000000be0       0xe0 ./Drivers/STM32F1xx_HAL_Driver/Src/stm32f1xx_ll_usb.o
 .debug_ranges  0x0000000000000cc0       0x80 ./Middlewares/ST/STM32_USB_Device_Library/Class/CDC/Src/usbd_cdc.o
 .debug_ranges  0x0000000000000d40       0xa8 ./Middlewares/ST/STM32_USB_Device_Library/Core/Src/usbd_core.o
 .debug_ranges  0x0000000000000de8       0x78 ./Middlewares/ST/STM32_USB_Device_Library/Core/Src/usbd_ctlreq.o
 .debug_ranges  0x0000000000000e60       0x40 ./Middlewares/ST/STM32_USB_Device_Library/Core/Src/usbd_ioreq.o
 .debug_ranges  0x0000000000000ea0      0x1c8 ./Middlewares/Third_Party/FreeRTOS/Source/CMSIS_RTOS/cmsis_os.o
 .debug_ranges  0x0000000000001068       0x30 ./Middlewares/Third_Party/FreeRTOS/Source/list.o
 .debug_ranges  0x0000000000001098      0x198 ./Middlewares/Third_Party/FreeRTOS/Source/tasks.o
 .debug_ranges  0x0000000000001230       0x68 ./Middlewares/Third_Party/FreeRTOS/Source/portable/GCC/ARM_CM3/port.o
 .debug_ranges  0x0000000000001298       0x40 ./Middlewares/Third_Party/FreeRTOS/Source/portable/MemMang/heap_4.o
 .debug_ranges  0x00000000000012d8       0x10 ./USB_DEVICE/App/usb_device.o
 .debug_ranges  0x00000000000012e8       0x30 ./USB_DEVICE/App/usbd_cdc_if.o
 .debug_ranges  0x0000000000001318       0x50 ./USB_DEVICE/App/usbd_desc.o
 .debug_ranges  0x0000000000001368      0x108 ./USB_DEVICE/Target/usbd_conf.o

.debug_macro    0x0000000000000000    0x1e233
 .debug_macro   0x0000000000000000      0x23e ./Core/Src/freertos.o
 .debug_macro   0x000000000000023e      0xa6c ./Core/Src/freertos.o
 .debug_macro   0x0000000000000caa      0x174 ./Core/Src/freertos.o
 .debug_macro   0x0000000000000e1e       0x22 ./Core/Src/freertos.o
 .debug_macro   0x0000000000000e40       0x8e ./Core/Src/freertos.o
 .debug_macro   0x0000000000000ece       0x51 ./Core/Src/freertos.o
 .debug_macro   0x0000000000000f1f      0x103 ./Core/Src/freertos.o
 .debug_macro   0x0000000000001022       0x6a ./Core/Src/freertos.o
 .debug_macro   0x000000000000108c      0x1df ./Core/Src/freertos.o
 .debug_macro   0x000000000000126b       0xd0 ./Core/Src/freertos.o
 .debug_macro   0x000000000000133b      0x15a ./Core/Src/freertos.o
 .debug_macro   0x0000000000001495       0xd7 ./Core/Src/freertos.o
 .debug_macro   0x000000000000156c       0x10 ./Core/Src/freertos.o
 .debug_macro   0x000000000000157c       0x1f ./Core/Src/freertos.o
 .debug_macro   0x000000000000159b      0x4b7 ./Core/Src/freertos.o
 .debug_macro   0x0000000000001a52       0xb5 ./Core/Src/freertos.o
 .debug_macro   0x0000000000001b07       0x8c ./Core/Src/freertos.o
 .debug_macro   0x0000000000001b93      0x221 ./Core/Src/freertos.o
 .debug_macro   0x0000000000001db4       0x2e ./Core/Src/freertos.o
 .debug_macro   0x0000000000001de2       0x22 ./Core/Src/freertos.o
 .debug_macro   0x0000000000001e04       0x1c ./Core/Src/freertos.o
 .debug_macro   0x0000000000001e20       0x22 ./Core/Src/freertos.o
 .debug_macro   0x0000000000001e42       0xbd ./Core/Src/freertos.o
 .debug_macro   0x0000000000001eff      0xd23 ./Core/Src/freertos.o
 .debug_macro   0x0000000000002c22     0xfd8c ./Core/Src/freertos.o
 .debug_macro   0x00000000000129ae       0x6d ./Core/Src/freertos.o
 .debug_macro   0x0000000000012a1b     0x3468 ./Core/Src/freertos.o
 .debug_macro   0x0000000000015e83       0x5c ./Core/Src/freertos.o
 .debug_macro   0x0000000000015edf      0x5be ./Core/Src/freertos.o
 .debug_macro   0x000000000001649d      0x4d5 ./Core/Src/freertos.o
 .debug_macro   0x0000000000016972      0x1cb ./Core/Src/freertos.o
 .debug_macro   0x0000000000016b3d      0x114 ./Core/Src/freertos.o
 .debug_macro   0x0000000000016c51      0x1ea ./Core/Src/freertos.o
 .debug_macro   0x0000000000016e3b       0x27 ./Core/Src/freertos.o
 .debug_macro   0x0000000000016e62      0x144 ./Core/Src/freertos.o
 .debug_macro   0x0000000000016fa6      0x1bc ./Core/Src/freertos.o
 .debug_macro   0x0000000000017162       0x30 ./Core/Src/freertos.o
 .debug_macro   0x0000000000017192       0x3c ./Core/Src/freertos.o
 .debug_macro   0x00000000000171ce       0x57 ./Core/Src/freertos.o
 .debug_macro   0x0000000000017225       0x88 ./Core/Src/freertos.o
 .debug_macro   0x00000000000172ad      0x24f ./Core/Src/freertos.o
 .debug_macro   0x00000000000174fc      0x141 ./Core/Src/freertos.o
 .debug_macro   0x000000000001763d      0x217 ./Core/Src/freertos.o
 .debug_macro   0x0000000000017854      0x8d1 ./Core/Src/freertos.o
 .debug_macro   0x0000000000018125       0x65 ./Core/Src/freertos.o
 .debug_macro   0x000000000001818a      0x249 ./Core/Src/freertos.o
 .debug_macro   0x00000000000183d3       0xb5 ./Core/Src/freertos.o
 .debug_macro   0x0000000000018488       0x10 ./Core/Src/freertos.o
 .debug_macro   0x0000000000018498      0x474 ./Core/Src/main.o
 .debug_macro   0x000000000001890c       0xd0 ./Core/Src/main.o
 .debug_macro   0x00000000000189dc       0x91 ./Core/Src/main.o
 .debug_macro   0x0000000000018a6d       0x8d ./Core/Src/main.o
 .debug_macro   0x0000000000018afa       0x7e ./Core/Src/main.o
 .debug_macro   0x0000000000018b78       0x19 ./Core/Src/main.o
 .debug_macro   0x0000000000018b91       0xf2 ./Core/Src/main.o
 .debug_macro   0x0000000000018c83       0x52 ./Core/Src/main.o
 .debug_macro   0x0000000000018cd5       0x18 ./Core/Src/main.o
 .debug_macro   0x0000000000018ced       0x3c ./Core/Src/main.o
 .debug_macro   0x0000000000018d29       0x34 ./Core/Src/main.o
 .debug_macro   0x0000000000018d5d       0x16 ./Core/Src/main.o
 .debug_macro   0x0000000000018d73       0x35 ./Core/Src/main.o
 .debug_macro   0x0000000000018da8      0x341 ./Core/Src/main.o
 .debug_macro   0x00000000000190e9       0x10 ./Core/Src/main.o
 .debug_macro   0x00000000000190f9       0x16 ./Core/Src/main.o
 .debug_macro   0x000000000001910f       0x43 ./Core/Src/main.o
 .debug_macro   0x0000000000019152       0x34 ./Core/Src/main.o
 .debug_macro   0x0000000000019186       0x10 ./Core/Src/main.o
 .debug_macro   0x0000000000019196       0x58 ./Core/Src/main.o
 .debug_macro   0x00000000000191ee       0x71 ./Core/Src/main.o
 .debug_macro   0x000000000001925f       0x1c ./Core/Src/main.o
 .debug_macro   0x000000000001927b      0x12a ./Core/Src/main.o
 .debug_macro   0x00000000000193a5       0x10 ./Core/Src/main.o
 .debug_macro   0x00000000000193b5       0x1c ./Core/Src/main.o
 .debug_macro   0x00000000000193d1       0x52 ./Core/Src/main.o
 .debug_macro   0x0000000000019423       0x22 ./Core/Src/main.o
 .debug_macro   0x0000000000019445       0x10 ./Core/Src/main.o
 .debug_macro   0x0000000000019455       0x52 ./Core/Src/main.o
 .debug_macro   0x00000000000194a7       0xd5 ./Core/Src/main.o
 .debug_macro   0x000000000001957c       0x1c ./Core/Src/main.o
 .debug_macro   0x0000000000019598       0x3d ./Core/Src/main.o
 .debug_macro   0x00000000000195d5       0x16 ./Core/Src/main.o
 .debug_macro   0x00000000000195eb      0x145 ./Core/Src/main.o
 .debug_macro   0x0000000000019730       0x16 ./Core/Src/main.o
 .debug_macro   0x0000000000019746       0x16 ./Core/Src/main.o
 .debug_macro   0x000000000001975c       0x29 ./Core/Src/main.o
 .debug_macro   0x0000000000019785       0x16 ./Core/Src/main.o
 .debug_macro   0x000000000001979b       0x20 ./Core/Src/main.o
 .debug_macro   0x00000000000197bb       0x5f ./Core/Src/main.o
 .debug_macro   0x000000000001981a      0x1c8 ./Core/Src/main.o
 .debug_macro   0x00000000000199e2      0x1d6 ./Core/Src/stm32f1xx_hal_msp.o
 .debug_macro   0x0000000000019bb8      0x248 ./Core/Src/stm32f1xx_it.o
 .debug_macro   0x0000000000019e00      0x1c7 ./Core/Src/system_stm32f1xx.o
 .debug_macro   0x0000000000019fc7      0x1eb ./Drivers/STM32F1xx_HAL_Driver/Src/stm32f1xx_hal.o
 .debug_macro   0x000000000001a1b2      0x1c7 ./Drivers/STM32F1xx_HAL_Driver/Src/stm32f1xx_hal_cortex.o
 .debug_macro   0x000000000001a379      0x232 ./Drivers/STM32F1xx_HAL_Driver/Src/stm32f1xx_hal_gpio.o
 .debug_macro   0x000000000001a5ab      0x1d3 ./Drivers/STM32F1xx_HAL_Driver/Src/stm32f1xx_hal_pcd.o
 .debug_macro   0x000000000001a77e      0x1c7 ./Drivers/STM32F1xx_HAL_Driver/Src/stm32f1xx_hal_pcd_ex.o
 .debug_macro   0x000000000001a945      0x1d9 ./Drivers/STM32F1xx_HAL_Driver/Src/stm32f1xx_hal_rcc.o
 .debug_macro   0x000000000001ab1e      0x1c7 ./Drivers/STM32F1xx_HAL_Driver/Src/stm32f1xx_hal_rcc_ex.o
 .debug_macro   0x000000000001ace5      0x1cf ./Drivers/STM32F1xx_HAL_Driver/Src/stm32f1xx_hal_spi.o
 .debug_macro   0x000000000001aeb4      0x1c8 ./Drivers/STM32F1xx_HAL_Driver/Src/stm32f1xx_hal_tim.o
 .debug_macro   0x000000000001b07c      0x1c7 ./Drivers/STM32F1xx_HAL_Driver/Src/stm32f1xx_hal_tim_ex.o
 .debug_macro   0x000000000001b243      0x1c7 ./Drivers/STM32F1xx_HAL_Driver/Src/stm32f1xx_ll_usb.o
 .debug_macro   0x000000000001b40a      0x3ec ./Middlewares/ST/STM32_USB_Device_Library/Class/CDC/Src/usbd_cdc.o
 .debug_macro   0x000000000001b7f6       0x97 ./Middlewares/ST/STM32_USB_Device_Library/Class/CDC/Src/usbd_cdc.o
 .debug_macro   0x000000000001b88d       0xfd ./Middlewares/ST/STM32_USB_Device_Library/Class/CDC/Src/usbd_cdc.o
 .debug_macro   0x000000000001b98a       0x56 ./Middlewares/ST/STM32_USB_Device_Library/Class/CDC/Src/usbd_cdc.o
 .debug_macro   0x000000000001b9e0       0x8f ./Middlewares/ST/STM32_USB_Device_Library/Class/CDC/Src/usbd_cdc.o
 .debug_macro   0x000000000001ba6f      0x3d3 ./Middlewares/ST/STM32_USB_Device_Library/Core/Src/usbd_core.o
 .debug_macro   0x000000000001be42      0x1ce ./Middlewares/ST/STM32_USB_Device_Library/Core/Src/usbd_core.o
 .debug_macro   0x000000000001c010      0x3dd ./Middlewares/ST/STM32_USB_Device_Library/Core/Src/usbd_ctlreq.o
 .debug_macro   0x000000000001c3ed      0x3d9 ./Middlewares/ST/STM32_USB_Device_Library/Core/Src/usbd_ioreq.o
 .debug_macro   0x000000000001c7c6      0x1fe ./Middlewares/Third_Party/FreeRTOS/Source/CMSIS_RTOS/cmsis_os.o
 .debug_macro   0x000000000001c9c4       0x10 ./Middlewares/Third_Party/FreeRTOS/Source/CMSIS_RTOS/cmsis_os.o
 .debug_macro   0x000000000001c9d4       0xab ./Middlewares/Third_Party/FreeRTOS/Source/CMSIS_RTOS/cmsis_os.o
 .debug_macro   0x000000000001ca7f      0x187 ./Middlewares/Third_Party/FreeRTOS/Source/list.o
 .debug_macro   0x000000000001cc06      0x280 ./Middlewares/Third_Party/FreeRTOS/Source/tasks.o
 .debug_macro   0x000000000001ce86       0x10 ./Middlewares/Third_Party/FreeRTOS/Source/tasks.o
 .debug_macro   0x000000000001ce96      0x172 ./Middlewares/Third_Party/FreeRTOS/Source/portable/GCC/ARM_CM3/port.o
 .debug_macro   0x000000000001d008      0x1ae ./Middlewares/Third_Party/FreeRTOS/Source/portable/MemMang/heap_4.o
 .debug_macro   0x000000000001d1b6      0x40c ./USB_DEVICE/App/usb_device.o
 .debug_macro   0x000000000001d5c2       0x16 ./USB_DEVICE/App/usb_device.o
 .debug_macro   0x000000000001d5d8       0x22 ./USB_DEVICE/App/usb_device.o
 .debug_macro   0x000000000001d5fa       0x16 ./USB_DEVICE/App/usb_device.o
 .debug_macro   0x000000000001d610      0x3f7 ./USB_DEVICE/App/usbd_cdc_if.o
 .debug_macro   0x000000000001da07       0x10 ./USB_DEVICE/App/usbd_cdc_if.o
 .debug_macro   0x000000000001da17      0x410 ./USB_DEVICE/App/usbd_desc.o
 .debug_macro   0x000000000001de27       0x1c ./USB_DEVICE/App/usbd_desc.o
 .debug_macro   0x000000000001de43      0x3f0 ./USB_DEVICE/Target/usbd_conf.o

.debug_line     0x0000000000000000    0x1a06e
 .debug_line    0x0000000000000000      0x7e1 ./Core/Src/freertos.o
 .debug_line    0x00000000000007e1      0xd36 ./Core/Src/main.o
 .debug_line    0x0000000000001517      0x7e4 ./Core/Src/stm32f1xx_hal_msp.o
 .debug_line    0x0000000000001cfb      0x8a3 ./Core/Src/stm32f1xx_it.o
 .debug_line    0x000000000000259e      0x762 ./Core/Src/system_stm32f1xx.o
 .debug_line    0x0000000000002d00       0x87 ./Core/Startup/startup_stm32f103vdtx.o
 .debug_line    0x0000000000002d87      0x98f ./Drivers/STM32F1xx_HAL_Driver/Src/stm32f1xx_hal.o
 .debug_line    0x0000000000003716      0xb77 ./Drivers/STM32F1xx_HAL_Driver/Src/stm32f1xx_hal_cortex.o
 .debug_line    0x000000000000428d      0xa4e ./Drivers/STM32F1xx_HAL_Driver/Src/stm32f1xx_hal_gpio.o
 .debug_line    0x0000000000004cdb     0x137d ./Drivers/STM32F1xx_HAL_Driver/Src/stm32f1xx_hal_pcd.o
 .debug_line    0x0000000000006058      0x75d ./Drivers/STM32F1xx_HAL_Driver/Src/stm32f1xx_hal_pcd_ex.o
 .debug_line    0x00000000000067b5      0xd9d ./Drivers/STM32F1xx_HAL_Driver/Src/stm32f1xx_hal_rcc.o
 .debug_line    0x0000000000007552      0x8ee ./Drivers/STM32F1xx_HAL_Driver/Src/stm32f1xx_hal_rcc_ex.o
 .debug_line    0x0000000000007e40     0x1c14 ./Drivers/STM32F1xx_HAL_Driver/Src/stm32f1xx_hal_spi.o
 .debug_line    0x0000000000009a54     0x3563 ./Drivers/STM32F1xx_HAL_Driver/Src/stm32f1xx_hal_tim.o
 .debug_line    0x000000000000cfb7     0x191b ./Drivers/STM32F1xx_HAL_Driver/Src/stm32f1xx_hal_tim_ex.o
 .debug_line    0x000000000000e8d2     0x10c2 ./Drivers/STM32F1xx_HAL_Driver/Src/stm32f1xx_ll_usb.o
 .debug_line    0x000000000000f994      0xd79 ./Middlewares/ST/STM32_USB_Device_Library/Class/CDC/Src/usbd_cdc.o
 .debug_line    0x000000000001070d      0xdf9 ./Middlewares/ST/STM32_USB_Device_Library/Core/Src/usbd_core.o