../Core/Src/Audio.h:30:15:virtual void Audio::setDecoder(DolbyDecoder*)	0	static
../Core/Src/Audio.h:31:15:virtual void Audio::setDAC(DAC_IC*)	0	static
../Core/Src/Audio.cpp:93:1:virtual void Audio::tick()	8	static
../Core/Src/Audio.cpp:108:1:virtual void Audio::start()	0	static
../Core/Src/Audio.cpp:18:1:Audio::~Audio()	8	static
../Core/Src/Audio.cpp:18:1:virtual Audio::~Audio()	8	static
/Applications/STM32CubeIDE.app/Contents/Eclipse/plugins/com.st.stm32cube.ide.mcu.externaltools.gnu-tools-for-stm32.10.3-2021.10.macos64_1.0.0.202111181127/tools/arm-none-eabi/include/c++/10.3.1/bits/basic_string.h:533:7:std::__cxx11::basic_string<_CharT, _Traits, _Alloc>::basic_string(const _CharT*, const _Alloc&) [with _CharT = char; _Traits = std::char_traits<char>; _Alloc = std::allocator<char>]	24	static
../Core/Src/Audio.cpp:23:1:virtual void Audio::preTick()	48	static
../Core/Src/Audio.cpp:13:1:Audio::Audio(Amplifier*)	8	static
