../Core/Src/Display.cpp:18:1:Display::~Display()	8	static
../Core/Src/Display.cpp:18:1:virtual Display::~Display()	8	static
../Core/Src/Display.cpp:13:1:Display::Display()	0	static
../Core/Src/Display.cpp:40:1:void Display::setScreen(int)	8	static
../Core/Src/Display.cpp:48:1:void Display::setInitString(std::string)	8	static
../Core/Src/Display.cpp:55:1:void Display::setSamplingRate(uint32_t)	0	static
../Core/Src/Display.cpp:65:1:void Display::setAlgorithm(std::string)	16	static
../Core/Src/Display.cpp:74:1:void Display::initialize()	0	static
../Core/Src/Display.cpp:80:1:void Display::updateVolume(int)	0	static
../Core/Src/Display.cpp:90:1:void Display::updateInitScreen()	64	static
../Core/Src/Display.cpp:104:1:void Display::updateMainScreen()	72	static
../Core/Src/Display.cpp:23:1:void Display::update()	8	static
