../Core/Src/DolbyDecoderSTA310.h:102:15:virtual void DolbyDecoder_STA310::setEventHandler(DecoderEvents*)	0	static
../Core/Src/DolbyDecoderSTA310.h:109:15:virtual bool DolbyDecoder_STA310::isInitialized()	0	static
../Core/Src/DolbyDecoderSTA310.h:113:15:virtual void DolbyDecoder_STA310::setInformation(std::string)	0	static
../Core/Src/DolbyDecoderSTA310.cpp:25:1:virtual void DolbyDecoder_STA310::mute(bool)	16	static
../Core/Src/DolbyDecoderSTA310.cpp:36:1:virtual void DolbyDecoder_STA310::play(bool)	16	static
../Core/Src/DolbyDecoderSTA310.cpp:18:1:DolbyDecoder_STA310::~DolbyDecoder_STA310()	8	static
../Core/Src/DolbyDecoderSTA310.cpp:18:1:virtual DolbyDecoder_STA310::~DolbyDecoder_STA310()	8	static
../Core/Src/DolbyDecoderSTA310.cpp:431:1:virtual void DolbyDecoder_STA310::checkFormat()	8	static
../Core/Src/DolbyDecoderSTA310.cpp:48:1:virtual void DolbyDecoder_STA310::run()	8	static
/Applications/STM32CubeIDE.app/Contents/Eclipse/plugins/com.st.stm32cube.ide.mcu.externaltools.gnu-tools-for-stm32.10.3-2021.10.macos64_1.0.0.202111181127/tools/arm-none-eabi/include/c++/10.3.1/bits/basic_string.h:533:7:std::__cxx11::basic_string<_CharT, _Traits, _Alloc>::basic_string(const _CharT*, const _Alloc&) [with _CharT = char; _Traits = std::char_traits<char>; _Alloc = std::allocator<char>]	24	static
../Core/Src/DolbyDecoderSTA310.cpp:12:1:DolbyDecoder_STA310::DolbyDecoder_STA310(I2C_Device*)	16	static
../Core/Src/DolbyDecoderSTA310.cpp:59:1:void DolbyDecoder_STA310::enableAudioPLL()	0	static
../Core/Src/DolbyDecoderSTA310.cpp:158:1:void DolbyDecoder_STA310::configurePCMOUT()	8	static
../Core/Src/DolbyDecoderSTA310.cpp:183:1:void DolbyDecoder_STA310::configureInterrupts()	8	static
../Core/Src/DolbyDecoderSTA310.cpp:189:1:void DolbyDecoder_STA310::configureSync()	8	static
../Core/Src/DolbyDecoderSTA310.cpp:208:1:void DolbyDecoder_STA310::configureDecoder()	40	static
../Core/Src/DolbyDecoderSTA310.cpp:226:1:void DolbyDecoder_STA310::configureSPDIF()	8	static
../Core/Src/DolbyDecoderSTA310.cpp:256:1:void DolbyDecoder_STA310::configureAC3()	8	static
../Core/Src/DolbyDecoderSTA310.cpp:286:1:void DolbyDecoder_STA310::configureAudioPLL()	0	static
../Core/Src/DolbyDecoderSTA310.cpp:291:1:void DolbyDecoder_STA310::softReset()	16	static
../Core/Src/DolbyDecoderSTA310.cpp:64:1:virtual void DolbyDecoder_STA310::initialize()	16	static
../Core/Src/DolbyDecoderSTA310.cpp:329:1:virtual void DolbyDecoder_STA310::checkForInterrupt()	40	static
