../Core/Src/LCD.cpp:109:1:LCD::~LCD()	0	static
../Core/Src/LCD.cpp:109:1:virtual LCD::~LCD()	8	static
../Core/Src/LCD.cpp:16:1:void LCD::sendCommand(uint8_t)	16	static
../Core/Src/LCD.cpp:31:1:void LCD::enableBacklight(bool)	16	static
../Core/Src/LCD.cpp:123:1:virtual void LCD::initialize()	8	static
../Core/Src/LCD.cpp:42:1:void LCD::clearDisplay()	8	static
../Core/Src/LCD.cpp:48:1:void LCD::setCursor(uint8_t, uint8_t)	16	static
../Core/Src/LCD.cpp:71:1:void LCD::reset()	8	static
../Core/Src/LCD.cpp:90:1:void LCD::sendData(char)	16	static
../Core/Src/LCD.cpp:83:1:void LCD::writeString(char*)	16	static
../Core/Src/LCD.cpp:104:1:LCD::LCD(I2C_Device*)	0	static
../Core/Src/LCD.cpp:114:1:void LCD::update()	64	static
